Archive member included to satisfy reference by file (symbol)

C:/ST/STM32CubeCLT_1.16.0/GNU-tools-for-STM32/bin/../lib/gcc/arm-none-eabi/12.3.1/../../../../arm-none-eabi/lib/thumb/v7e-m+fp/hard\libc_nano.a(libc_a-exit.o)
                              C:/ST/STM32CubeCLT_1.16.0/GNU-tools-for-STM32/bin/../lib/gcc/arm-none-eabi/12.3.1/../../../../arm-none-eabi/lib/thumb/v7e-m+fp/hard/crt0.o (exit)
C:/ST/STM32CubeCLT_1.16.0/GNU-tools-for-STM32/bin/../lib/gcc/arm-none-eabi/12.3.1/../../../../arm-none-eabi/lib/thumb/v7e-m+fp/hard\libc_nano.a(libc_a-findfp.o)
                              C:/ST/STM32CubeCLT_1.16.0/GNU-tools-for-STM32/bin/../lib/gcc/arm-none-eabi/12.3.1/../../../../arm-none-eabi/lib/thumb/v7e-m+fp/hard\libc_nano.a(libc_a-exit.o) (__stdio_exit_handler)
C:/ST/STM32CubeCLT_1.16.0/GNU-tools-for-STM32/bin/../lib/gcc/arm-none-eabi/12.3.1/../../../../arm-none-eabi/lib/thumb/v7e-m+fp/hard\libc_nano.a(libc_a-fwalk.o)
                              C:/ST/STM32CubeCLT_1.16.0/GNU-tools-for-STM32/bin/../lib/gcc/arm-none-eabi/12.3.1/../../../../arm-none-eabi/lib/thumb/v7e-m+fp/hard\libc_nano.a(libc_a-findfp.o) (_fwalk_sglue)
C:/ST/STM32CubeCLT_1.16.0/GNU-tools-for-STM32/bin/../lib/gcc/arm-none-eabi/12.3.1/../../../../arm-none-eabi/lib/thumb/v7e-m+fp/hard\libc_nano.a(libc_a-stdio.o)
                              C:/ST/STM32CubeCLT_1.16.0/GNU-tools-for-STM32/bin/../lib/gcc/arm-none-eabi/12.3.1/../../../../arm-none-eabi/lib/thumb/v7e-m+fp/hard\libc_nano.a(libc_a-findfp.o) (__sread)
C:/ST/STM32CubeCLT_1.16.0/GNU-tools-for-STM32/bin/../lib/gcc/arm-none-eabi/12.3.1/../../../../arm-none-eabi/lib/thumb/v7e-m+fp/hard\libc_nano.a(libc_a-memset.o)
                              C:/ST/STM32CubeCLT_1.16.0/GNU-tools-for-STM32/bin/../lib/gcc/arm-none-eabi/12.3.1/../../../../arm-none-eabi/lib/thumb/v7e-m+fp/hard/crt0.o (memset)
C:/ST/STM32CubeCLT_1.16.0/GNU-tools-for-STM32/bin/../lib/gcc/arm-none-eabi/12.3.1/../../../../arm-none-eabi/lib/thumb/v7e-m+fp/hard\libc_nano.a(libc_a-closer.o)
                              C:/ST/STM32CubeCLT_1.16.0/GNU-tools-for-STM32/bin/../lib/gcc/arm-none-eabi/12.3.1/../../../../arm-none-eabi/lib/thumb/v7e-m+fp/hard\libc_nano.a(libc_a-stdio.o) (_close_r)
C:/ST/STM32CubeCLT_1.16.0/GNU-tools-for-STM32/bin/../lib/gcc/arm-none-eabi/12.3.1/../../../../arm-none-eabi/lib/thumb/v7e-m+fp/hard\libc_nano.a(libc_a-reent.o)
                              C:/ST/STM32CubeCLT_1.16.0/GNU-tools-for-STM32/bin/../lib/gcc/arm-none-eabi/12.3.1/../../../../arm-none-eabi/lib/thumb/v7e-m+fp/hard\libc_nano.a(libc_a-closer.o) (errno)
C:/ST/STM32CubeCLT_1.16.0/GNU-tools-for-STM32/bin/../lib/gcc/arm-none-eabi/12.3.1/../../../../arm-none-eabi/lib/thumb/v7e-m+fp/hard\libc_nano.a(libc_a-impure.o)
                              C:/ST/STM32CubeCLT_1.16.0/GNU-tools-for-STM32/bin/../lib/gcc/arm-none-eabi/12.3.1/../../../../arm-none-eabi/lib/thumb/v7e-m+fp/hard\libc_nano.a(libc_a-reent.o) (_impure_ptr)
C:/ST/STM32CubeCLT_1.16.0/GNU-tools-for-STM32/bin/../lib/gcc/arm-none-eabi/12.3.1/../../../../arm-none-eabi/lib/thumb/v7e-m+fp/hard\libc_nano.a(libc_a-lseekr.o)
                              C:/ST/STM32CubeCLT_1.16.0/GNU-tools-for-STM32/bin/../lib/gcc/arm-none-eabi/12.3.1/../../../../arm-none-eabi/lib/thumb/v7e-m+fp/hard\libc_nano.a(libc_a-stdio.o) (_lseek_r)
C:/ST/STM32CubeCLT_1.16.0/GNU-tools-for-STM32/bin/../lib/gcc/arm-none-eabi/12.3.1/../../../../arm-none-eabi/lib/thumb/v7e-m+fp/hard\libc_nano.a(libc_a-readr.o)
                              C:/ST/STM32CubeCLT_1.16.0/GNU-tools-for-STM32/bin/../lib/gcc/arm-none-eabi/12.3.1/../../../../arm-none-eabi/lib/thumb/v7e-m+fp/hard\libc_nano.a(libc_a-stdio.o) (_read_r)
C:/ST/STM32CubeCLT_1.16.0/GNU-tools-for-STM32/bin/../lib/gcc/arm-none-eabi/12.3.1/../../../../arm-none-eabi/lib/thumb/v7e-m+fp/hard\libc_nano.a(libc_a-writer.o)
                              C:/ST/STM32CubeCLT_1.16.0/GNU-tools-for-STM32/bin/../lib/gcc/arm-none-eabi/12.3.1/../../../../arm-none-eabi/lib/thumb/v7e-m+fp/hard\libc_nano.a(libc_a-stdio.o) (_write_r)
C:/ST/STM32CubeCLT_1.16.0/GNU-tools-for-STM32/bin/../lib/gcc/arm-none-eabi/12.3.1/../../../../arm-none-eabi/lib/thumb/v7e-m+fp/hard\libc_nano.a(libc_a-init.o)
                              C:/ST/STM32CubeCLT_1.16.0/GNU-tools-for-STM32/bin/../lib/gcc/arm-none-eabi/12.3.1/../../../../arm-none-eabi/lib/thumb/v7e-m+fp/hard/crt0.o (__libc_init_array)
C:/ST/STM32CubeCLT_1.16.0/GNU-tools-for-STM32/bin/../lib/gcc/arm-none-eabi/12.3.1/../../../../arm-none-eabi/lib/thumb/v7e-m+fp/hard\libc_nano.a(libc_a-lock.o)
                              C:/ST/STM32CubeCLT_1.16.0/GNU-tools-for-STM32/bin/../lib/gcc/arm-none-eabi/12.3.1/../../../../arm-none-eabi/lib/thumb/v7e-m+fp/hard\libc_nano.a(libc_a-findfp.o) (__retarget_lock_init_recursive)
C:/ST/STM32CubeCLT_1.16.0/GNU-tools-for-STM32/bin/../lib/gcc/arm-none-eabi/12.3.1/../../../../arm-none-eabi/lib/thumb/v7e-m+fp/hard\libc_nano.a(libc_a-freer.o)
[...]
Memory Configuration

Name             Origin             Length             Attributes
RAM              0x20000000         0x00020000         xrw
CCMRAM           0x10000000         0x00010000         xrw
FLASH            0x08000000         0x00080000         xr
*default*        0x00000000         0xffffffff

Linker script and memory map

LOAD C:/ST/STM32CubeCLT_1.16.0/GNU-tools-for-STM32/bin/../lib/gcc/arm-none-eabi/12.3.1/thumb/v7e-m+fp/hard/crti.o
LOAD C:/ST/STM32CubeCLT_1.16.0/GNU-tools-for-STM32/bin/../lib/gcc/arm-none-eabi/12.3.1/thumb/v7e-m+fp/hard/crtbegin.o
LOAD C:/ST/STM32CubeCLT_1.16.0/GNU-tools-for-STM32/bin/../lib/gcc/arm-none-eabi/12.3.1/../../../../arm-none-eabi/lib/thumb/v7e-m+fp/hard/crt0.o
START GROUP
LOAD C:/ST/STM32CubeCLT_1.16.0/GNU-tools-for-STM32/bin/../lib/gcc/arm-none-eabi/12.3.1/../../../../arm-none-eabi/lib/thumb/v7e-m+fp/hard\libc_nano.a
LOAD C:/ST/STM32CubeCLT_1.16.0/GNU-tools-for-STM32/bin/../lib/gcc/arm-none-eabi/12.3.1/../../../../arm-none-eabi/lib/thumb/v7e-m+fp/hard\libm.a
END GROUP
LOAD CMakeFiles/DigitalClock.dir/Core/Src/main.c.obj
LOAD CMakeFiles/DigitalClock.dir/Core/Src/stm32f4xx_it.c.obj
LOAD CMakeFiles/DigitalClock.dir/Core/Src/stm32f4xx_hal_msp.c.obj
LOAD CMakeFiles/DigitalClock.dir/Drivers/STM32F4xx_HAL_Driver/Src/stm32f4xx_hal_tim.c.obj
LOAD CMakeFiles/DigitalClock.dir/Drivers/STM32F4xx_HAL_Driver/Src/stm32f4xx_hal_tim_ex.c.obj
LOAD CMakeFiles/DigitalClock.dir/Drivers/STM32F4xx_HAL_Driver/Src/stm32f4xx_hal_rcc.c.obj
LOAD CMakeFiles/DigitalClock.dir/Drivers/STM32F4xx_HAL_Driver/Src/stm32f4xx_hal_rcc_ex.c.obj
LOAD CMakeFiles/DigitalClock.dir/Drivers/STM32F4xx_HAL_Driver/Src/stm32f4xx_hal_flash.c.obj
LOAD CMakeFiles/DigitalClock.dir/Drivers/STM32F4xx_HAL_Driver/Src/stm32f4xx_hal_flash_ex.c.obj
LOAD CMakeFiles/DigitalClock.dir/Drivers/STM32F4xx_HAL_Driver/Src/stm32f4xx_hal_flash_ramfunc.c.obj
LOAD CMakeFiles/DigitalClock.dir/Drivers/STM32F4xx_HAL_Driver/Src/stm32f4xx_hal_gpio.c.obj
LOAD CMakeFiles/DigitalClock.dir/Drivers/STM32F4xx_HAL_Driver/Src/stm32f4xx_hal_dma_ex.c.obj
LOAD CMakeFiles/DigitalClock.dir/Drivers/STM32F4xx_HAL_Driver/Src/stm32f4xx_hal_dma.c.obj
LOAD CMakeFiles/DigitalClock.dir/Drivers/STM32F4xx_HAL_Driver/Src/stm32f4xx_hal_pwr.c.obj
LOAD CMakeFiles/DigitalClock.dir/Drivers/STM32F4xx_HAL_Driver/Src/stm32f4xx_hal_pwr_ex.c.obj
LOAD CMakeFiles/DigitalClock.dir/Drivers/STM32F4xx_HAL_Driver/Src/stm32f4xx_hal_cortex.c.obj
LOAD CMakeFiles/DigitalClock.dir/Drivers/STM32F4xx_HAL_Driver/Src/stm32f4xx_hal.c.obj
LOAD CMakeFiles/DigitalClock.dir/Drivers/STM32F4xx_HAL_Driver/Src/stm32f4xx_hal_exti.c.obj
LOAD CMakeFiles/DigitalClock.dir/Core/Src/system_stm32f4xx.c.obj
LOAD CMakeFiles/DigitalClock.dir/Core/Src/sysmem.c.obj
LOAD CMakeFiles/DigitalClock.dir/Core/Src/syscalls.c.obj
LOAD CMakeFiles/DigitalClock.dir/startup_stm32f407xx.s.obj
START GROUP
LOAD C:/ST/STM32CubeCLT_1.16.0/GNU-tools-for-STM32/bin/../lib/gcc/arm-none-eabi/12.3.1/thumb/v7e-m+fp/hard\libgcc.a
LOAD C:/ST/STM32CubeCLT_1.16.0/GNU-tools-for-STM32/bin/../lib/gcc/arm-none-eabi/12.3.1/../../../../arm-none-eabi/lib/thumb/v7e-m+fp/hard\libg_nano.a
LOAD C:/ST/STM32CubeCLT_1.16.0/GNU-tools-for-STM32/bin/../lib/gcc/arm-none-eabi/12.3.1/../../../../arm-none-eabi/lib/thumb/v7e-m+fp/hard\libc_nano.a
END GROUP
START GROUP
LOAD C:/ST/STM32CubeCLT_1.16.0/GNU-tools-for-STM32/bin/../lib/gcc/arm-none-eabi/12.3.1/thumb/v7e-m+fp/hard\libgcc.a
LOAD C:/ST/STM32CubeCLT_1.16.0/GNU-tools-for-STM32/bin/../lib/gcc/arm-none-eabi/12.3.1/../../../../arm-none-eabi/lib/thumb/v7e-m+fp/hard\libc_nano.a
END GROUP
LOAD C:/ST/STM32CubeCLT_1.16.0/GNU-tools-for-STM32/bin/../lib/gcc/arm-none-eabi/12.3.1/thumb/v7e-m+fp/hard/crtend.o
LOAD C:/ST/STM32CubeCLT_1.16.0/GNU-tools-for-STM32/bin/../lib/gcc/arm-none-eabi/12.3.1/thumb/v7e-m+fp/hard/crtn.o
                0x20020000                        _estack = (ORIGIN (RAM) + LENGTH (RAM))
                0x00000200                        _Min_Heap_Size = 0x200
                0x00000400                        _Min_Stack_Size = 0x400

.isr_vector     0x08000000      0x188
                0x08000000                        . = ALIGN (0x4)
 *(.isr_vector)
 .isr_vector    0x08000000      0x188 CMakeFiles/DigitalClock.dir/startup_stm32f407xx.s.obj
                0x08000000                g_pfnVectors
                0x08000188                        . = ALIGN (0x4)

.text           0x08000190     0x29c0
                0x08000190                        . = ALIGN (0x4)
 *(.text)
 .text          0x08000190       0x40 C:/ST/STM32CubeCLT_1.16.0/GNU-tools-for-STM32/bin/../lib/gcc/arm-none-eabi/12.3.1/thumb/v7e-m+fp/hard/crtbegin.o
 .text          0x080001d0       0x30 C:/ST/STM32CubeCLT_1.16.0/GNU-tools-for-STM32/bin/../lib/gcc/arm-none-eabi/12.3.1/thumb/v7e-m+fp/hard\libgcc.a(_aeabi_uldivmod.o)
                0x080001d0                __aeabi_uldivmod
 .text          0x08000200      0x2bc C:/ST/STM32CubeCLT_1.16.0/GNU-tools-for-STM32/bin/../lib/gcc/arm-none-eabi/12.3.1/thumb/v7e-m+fp/hard\libgcc.a(_udivmoddi4.o)
                0x08000200                __udivmoddi4
 .text          0x080004bc        0x4 C:/ST/STM32CubeCLT_1.16.0/GNU-tools-for-STM32/bin/../lib/gcc/arm-none-eabi/12.3.1/thumb/v7e-m+fp/hard\libgcc.a(_dvmd_tls.o)
                0x080004bc                __aeabi_idiv0
                0x080004bc                __aeabi_ldiv0
 .text          0x080004c0       0xa0 C:/ST/STM32CubeCLT_1.16.0/GNU-tools-for-STM32/bin/../lib/gcc/arm-none-eabi/12.3.1/../../../../arm-none-eabi/lib/thumb/v7e-m+fp/hard\libg_nano.a(libc_a-memchr.o)
                0x080004c0                memchr
 *(.text*)
 .text.memset   0x08000560       0x10 C:/ST/STM32CubeCLT_1.16.0/GNU-tools-for-STM32/bin/../lib/gcc/arm-none-eabi/12.3.1/../../../../arm-none-eabi/lib/thumb/v7e-m+fp/hard\libc_nano.a(libc_a-memset.o)
                0x08000560                memset
 .text.__libc_init_array
                0x08000570       0x48 C:/ST/STM32CubeCLT_1.16.0/GNU-tools-for-STM32/bin/../lib/gcc/arm-none-eabi/12.3.1/../../../../arm-none-eabi/lib/thumb/v7e-m+fp/hard\libc_nano.a(libc_a-init.o)
                0x08000570                __libc_init_array
 .text.__retarget_lock_acquire_recursive
                0x080005b8        0x2 C:/ST/STM32CubeCLT_1.16.0/GNU-tools-for-STM32/bin/../lib/gcc/arm-none-eabi/12.3.1/../../../../arm-none-eabi/lib/thumb/v7e-m+fp/hard\libc_nano.a(libc_a-lock.o)
                0x080005b8                __retarget_lock_acquire_recursive
 .text.__retarget_lock_release_recursive
                0x080005ba        0x2 C:/ST/STM32CubeCLT_1.16.0/GNU-tools-for-STM32/bin/../lib/gcc/arm-none-eabi/12.3.1/../../../../arm-none-eabi/lib/thumb/v7e-m+fp/hard\libc_nano.a(libc_a-lock.o)
                0x080005ba                __retarget_lock_release_recursive
 .text._free_r  0x080005bc       0x94 C:/ST/STM32CubeCLT_1.16.0/GNU-tools-for-STM32/bin/../lib/gcc/arm-none-eabi/12.3.1/../../../../arm-none-eabi/lib/thumb/v7e-m+fp/hard\libc_nano.a(libc_a-freer.o)
                0x080005bc                _free_r
 .text.sbrk_aligned
                0x08000650       0x44 C:/ST/STM32CubeCLT_1.16.0/GNU-tools-for-STM32/bin/../lib/gcc/arm-none-eabi/12.3.1/../../../../arm-none-eabi/lib/thumb/v7e-m+fp/hard\libc_nano.a(libc_a-mallocr.o)
 .text._malloc_r
                0x08000694      0x100 C:/ST/STM32CubeCLT_1.16.0/GNU-tools-for-STM32/bin/../lib/gcc/arm-none-eabi/12.3.1/../../../../arm-none-eabi/lib/thumb/v7e-m+fp/hard\libc_nano.a(libc_a-mallocr.o)
                0x08000694                _malloc_r
 .text.__malloc_lock
                0x08000794        0xc C:/ST/STM32CubeCLT_1.16.0/GNU-tools-for-STM32/bin/../lib/gcc/arm-none-eabi/12.3.1/../../../../arm-none-eabi/lib/thumb/v7e-m+fp/hard\libc_nano.a(libc_a-mlock.o)
                0x08000794                __malloc_lock
 .text.__malloc_unlock
                0x080007a0        0xc C:/ST/STM32CubeCLT_1.16.0/GNU-tools-for-STM32/bin/../lib/gcc/arm-none-eabi/12.3.1/../../../../arm-none-eabi/lib/thumb/v7e-m+fp/hard\libc_nano.a(libc_a-mlock.o)
                0x080007a0                __malloc_unlock
 .text._sbrk_r  0x080007ac       0x20 C:/ST/STM32CubeCLT_1.16.0/GNU-tools-for-STM32/bin/../lib/gcc/arm-none-eabi/12.3.1/../../../../arm-none-eabi/lib/thumb/v7e-m+fp/hard\libc_nano.a(libc_a-sbrkr.o)
                0x080007ac                _sbrk_r
 .text.main     0x080007cc      0x11c CMakeFiles/DigitalClock.dir/Core/Src/main.c.obj
                0x080007cc                main
 .text.SystemClock_Config
                0x080008e8       0xd4 CMakeFiles/DigitalClock.dir/Core/Src/main.c.obj
                0x080008e8                SystemClock_Config
 .text.MX_NVIC_Init
                0x080009bc       0x48 CMakeFiles/DigitalClock.dir/Core/Src/main.c.obj
 .text.MX_TIM6_Init
                0x08000a04       0x6c CMakeFiles/DigitalClock.dir/Core/Src/main.c.obj
 .text.MX_GPIO_Init
                0x08000a70      0x188 CMakeFiles/DigitalClock.dir/Core/Src/main.c.obj
 .text.HAL_TIM_PeriodElapsedCallback
                0x08000bf8       0x34 CMakeFiles/DigitalClock.dir/Core/Src/main.c.obj
                0x08000bf8                HAL_TIM_PeriodElapsedCallback
 .text.HAL_GPIO_EXTI_Callback
                0x08000c2c       0x48 CMakeFiles/DigitalClock.dir/Core/Src/main.c.obj
                0x08000c2c                HAL_GPIO_EXTI_Callback
 .text.Error_Handler
                0x08000c74        0xc CMakeFiles/DigitalClock.dir/Core/Src/main.c.obj
                0x08000c74                Error_Handler
 .text.NMI_Handler
                0x08000c80        0x8 CMakeFiles/DigitalClock.dir/Core/Src/stm32f4xx_it.c.obj
                0x08000c80                NMI_Handler
 .text.HardFault_Handler
                0x08000c88        0x8 CMakeFiles/DigitalClock.dir/Core/Src/stm32f4xx_it.c.obj
                0x08000c88                HardFault_Handler
 .text.MemManage_Handler
                0x08000c90        0x8 CMakeFiles/DigitalClock.dir/Core/Src/stm32f4xx_it.c.obj
                0x08000c90                MemManage_Handler
 .text.BusFault_Handler
                0x08000c98        0x8 CMakeFiles/DigitalClock.dir/Core/Src/stm32f4xx_it.c.obj
                0x08000c98                BusFault_Handler
 .text.UsageFault_Handler
                0x08000ca0        0x8 CMakeFiles/DigitalClock.dir/Core/Src/stm32f4xx_it.c.obj
                0x08000ca0                UsageFault_Handler
 .text.SVC_Handler
                0x08000ca8        0xe CMakeFiles/DigitalClock.dir/Core/Src/stm32f4xx_it.c.obj
                0x08000ca8                SVC_Handler
 .text.DebugMon_Handler
                0x08000cb6        0xe CMakeFiles/DigitalClock.dir/Core/Src/stm32f4xx_it.c.obj
                0x08000cb6                DebugMon_Handler
 .text.PendSV_Handler
                0x08000cc4        0xe CMakeFiles/DigitalClock.dir/Core/Src/stm32f4xx_it.c.obj
                0x08000cc4                PendSV_Handler
 .text.SysTick_Handler
                0x08000cd2        0xc CMakeFiles/DigitalClock.dir/Core/Src/stm32f4xx_it.c.obj
                0x08000cd2                SysTick_Handler
 .text.EXTI3_IRQHandler
                0x08000cde        0xe CMakeFiles/DigitalClock.dir/Core/Src/stm32f4xx_it.c.obj
                0x08000cde                EXTI3_IRQHandler
 .text.EXTI4_IRQHandler
                0x08000cec        0xe CMakeFiles/DigitalClock.dir/Core/Src/stm32f4xx_it.c.obj
                0x08000cec                EXTI4_IRQHandler
 .text.EXTI15_10_IRQHandler
                0x08000cfa       0x18 CMakeFiles/DigitalClock.dir/Core/Src/stm32f4xx_it.c.obj
                0x08000cfa                EXTI15_10_IRQHandler
 *fill*         0x08000d12        0x2 
 .text.TIM6_DAC_IRQHandler
                0x08000d14       0x14 CMakeFiles/DigitalClock.dir/Core/Src/stm32f4xx_it.c.obj
                0x08000d14                TIM6_DAC_IRQHandler
 .text.HAL_MspInit
                0x08000d28       0x50 CMakeFiles/DigitalClock.dir/Core/Src/stm32f4xx_hal_msp.c.obj
                0x08000d28                HAL_MspInit
 .text.HAL_TIM_Base_MspInit
                0x08000d78       0x44 CMakeFiles/DigitalClock.dir/Core/Src/stm32f4xx_hal_msp.c.obj
                0x08000d78                HAL_TIM_Base_MspInit
 .text.HAL_TIM_Base_Init
                0x08000dbc       0x9e CMakeFiles/DigitalClock.dir/Drivers/STM32F4xx_HAL_Driver/Src/stm32f4xx_hal_tim.c.obj
                0x08000dbc                HAL_TIM_Base_Init
 *fill*         0x08000e5a        0x2 
 .text.HAL_TIM_Base_Start_IT
                0x08000e5c       0xe0 CMakeFiles/DigitalClock.dir/Drivers/STM32F4xx_HAL_Driver/Src/stm32f4xx_hal_tim.c.obj
                0x08000e5c                HAL_TIM_Base_Start_IT
 .text.HAL_TIM_IRQHandler
                0x08000f3c      0x1e0 CMakeFiles/DigitalClock.dir/Drivers/STM32F4xx_HAL_Driver/Src/stm32f4xx_hal_tim.c.obj
                0x08000f3c                HAL_TIM_IRQHandler
 .text.HAL_TIM_OC_DelayElapsedCallback
                0x0800111c       0x14 CMakeFiles/DigitalClock.dir/Drivers/STM32F4xx_HAL_Driver/Src/stm32f4xx_hal_tim.c.obj
                0x0800111c                HAL_TIM_OC_DelayElapsedCallback
 .text.HAL_TIM_IC_CaptureCallback
                0x08001130       0x14 CMakeFiles/DigitalClock.dir/Drivers/STM32F4xx_HAL_Driver/Src/stm32f4xx_hal_tim.c.obj
                0x08001130                HAL_TIM_IC_CaptureCallback
 .text.HAL_TIM_PWM_PulseFinishedCallback
                0x08001144       0x14 CMakeFiles/DigitalClock.dir/Drivers/STM32F4xx_HAL_Driver/Src/stm32f4xx_hal_tim.c.obj
                0x08001144                HAL_TIM_PWM_PulseFinishedCallback
 .text.HAL_TIM_TriggerCallback
                0x08001158       0x14 CMakeFiles/DigitalClock.dir/Drivers/STM32F4xx_HAL_Driver/Src/stm32f4xx_hal_tim.c.obj
                0x08001158                HAL_TIM_TriggerCallback
 .text.TIM_Base_SetConfig
                0x0800116c      0x158 CMakeFiles/DigitalClock.dir/Drivers/STM32F4xx_HAL_Driver/Src/stm32f4xx_hal_tim.c.obj
                0x0800116c                TIM_Base_SetConfig
 .text.HAL_TIMEx_MasterConfigSynchronization
                0x080012c4       0xf8 CMakeFiles/DigitalClock.dir/Drivers/STM32F4xx_HAL_Driver/Src/stm32f4xx_hal_tim_ex.c.obj
                0x080012c4                HAL_TIMEx_MasterConfigSynchronization
 .text.HAL_TIMEx_CommutCallback
                0x080013bc       0x14 CMakeFiles/DigitalClock.dir/Drivers/STM32F4xx_HAL_Driver/Src/stm32f4xx_hal_tim_ex.c.obj
                0x080013bc                HAL_TIMEx_CommutCallback
 .text.HAL_TIMEx_BreakCallback
                0x080013d0       0x14 CMakeFiles/DigitalClock.dir/Drivers/STM32F4xx_HAL_Driver/Src/stm32f4xx_hal_tim_ex.c.obj
                0x080013d0                HAL_TIMEx_BreakCallback
 .text.HAL_RCC_OscConfig
                0x080013e4      0x4f0 CMakeFiles/DigitalClock.dir/Drivers/STM32F4xx_HAL_Driver/Src/stm32f4xx_hal_rcc.c.obj
                0x080013e4                HAL_RCC_OscConfig
 .text.HAL_RCC_ClockConfig
                0x080018d4      0x1cc CMakeFiles/DigitalClock.dir/Drivers/STM32F4xx_HAL_Driver/Src/stm32f4xx_hal_rcc.c.obj
                0x080018d4                HAL_RCC_ClockConfig
 .text.HAL_RCC_GetSysClockFreq
                0x08001aa0      0x20c CMakeFiles/DigitalClock.dir/Drivers/STM32F4xx_HAL_Driver/Src/stm32f4xx_hal_rcc.c.obj
                0x08001aa0                HAL_RCC_GetSysClockFreq
 .text.HAL_GPIO_Init
                0x08001cac      0x338 CMakeFiles/DigitalClock.dir/Drivers/STM32F4xx_HAL_Driver/Src/stm32f4xx_hal_gpio.c.obj
                0x08001cac                HAL_GPIO_Init
 .text.HAL_GPIO_ReadPin
                0x08001fe4       0x30 CMakeFiles/DigitalClock.dir/Drivers/STM32F4xx_HAL_Driver/Src/stm32f4xx_hal_gpio.c.obj
                0x08001fe4                HAL_GPIO_ReadPin
 .text.HAL_GPIO_WritePin
                0x08002014       0x32 CMakeFiles/DigitalClock.dir/Drivers/STM32F4xx_HAL_Driver/Src/stm32f4xx_hal_gpio.c.obj
                0x08002014                HAL_GPIO_WritePin
 *fill*         0x08002046        0x2 
 .text.HAL_GPIO_EXTI_IRQHandler
                0x08002048       0x30 CMakeFiles/DigitalClock.dir/Drivers/STM32F4xx_HAL_Driver/Src/stm32f4xx_hal_gpio.c.obj
                0x08002048                HAL_GPIO_EXTI_IRQHandler
 .text.__NVIC_SetPriorityGrouping
                0x08002078       0x48 CMakeFiles/DigitalClock.dir/Drivers/STM32F4xx_HAL_Driver/Src/stm32f4xx_hal_cortex.c.obj
 .text.__NVIC_GetPriorityGrouping
                0x080020c0       0x1c CMakeFiles/DigitalClock.dir/Drivers/STM32F4xx_HAL_Driver/Src/stm32f4xx_hal_cortex.c.obj
 .text.__NVIC_EnableIRQ
                0x080020dc       0x3c CMakeFiles/DigitalClock.dir/Drivers/STM32F4xx_HAL_Driver/Src/stm32f4xx_hal_cortex.c.obj
 .text.__NVIC_SetPriority
                0x08002118       0x54 CMakeFiles/DigitalClock.dir/Drivers/STM32F4xx_HAL_Driver/Src/stm32f4xx_hal_cortex.c.obj
 .text.NVIC_EncodePriority
                0x0800216c       0x66 CMakeFiles/DigitalClock.dir/Drivers/STM32F4xx_HAL_Driver/Src/stm32f4xx_hal_cortex.c.obj
 *fill*         0x080021d2        0x2 
 .text.SysTick_Config
                0x080021d4       0x44 CMakeFiles/DigitalClock.dir/Drivers/STM32F4xx_HAL_Driver/Src/stm32f4xx_hal_cortex.c.obj
 .text.HAL_NVIC_SetPriorityGrouping
                0x08002218       0x16 CMakeFiles/DigitalClock.dir/Drivers/STM32F4xx_HAL_Driver/Src/stm32f4xx_hal_cortex.c.obj
                0x08002218                HAL_NVIC_SetPriorityGrouping
 .text.HAL_NVIC_SetPriority
                0x0800222e       0x38 CMakeFiles/DigitalClock.dir/Drivers/STM32F4xx_HAL_Driver/Src/stm32f4xx_hal_cortex.c.obj
                0x0800222e                HAL_NVIC_SetPriority
 .text.HAL_NVIC_EnableIRQ
                0x08002266       0x1c CMakeFiles/DigitalClock.dir/Drivers/STM32F4xx_HAL_Driver/Src/stm32f4xx_hal_cortex.c.obj
                0x08002266                HAL_NVIC_EnableIRQ
 .text.HAL_SYSTICK_Config
                0x08002282       0x18 CMakeFiles/DigitalClock.dir/Drivers/STM32F4xx_HAL_Driver/Src/stm32f4xx_hal_cortex.c.obj
                0x08002282                HAL_SYSTICK_Config
 *fill*         0x0800229a        0x2 
 .text.HAL_Init
                0x0800229c       0x44 CMakeFiles/DigitalClock.dir/Drivers/STM32F4xx_HAL_Driver/Src/stm32f4xx_hal.c.obj
                0x0800229c                HAL_Init
 .text.HAL_InitTick
                0x080022e0       0x60 CMakeFiles/DigitalClock.dir/Drivers/STM32F4xx_HAL_Driver/Src/stm32f4xx_hal.c.obj
                0x080022e0                HAL_InitTick
 .text.HAL_IncTick
                0x08002340       0x28 CMakeFiles/DigitalClock.dir/Drivers/STM32F4xx_HAL_Driver/Src/stm32f4xx_hal.c.obj
                0x08002340                HAL_IncTick
 .text.HAL_GetTick
                0x08002368       0x18 CMakeFiles/DigitalClock.dir/Drivers/STM32F4xx_HAL_Driver/Src/stm32f4xx_hal.c.obj
                0x08002368                HAL_GetTick
 .text.SystemInit
                0x08002380       0x24 CMakeFiles/DigitalClock.dir/Core/Src/system_stm32f4xx.c.obj
                0x08002380                SystemInit
 .text._sbrk    0x080023a4       0x6c CMakeFiles/DigitalClock.dir/Core/Src/sysmem.c.obj
                0x080023a4                _sbrk
 .text.Reset_Handler
                0x08002410       0x50 CMakeFiles/DigitalClock.dir/startup_stm32f407xx.s.obj
                0x08002410                Reset_Handler
 .text.Default_Handler
                0x08002460        0x2 CMakeFiles/DigitalClock.dir/startup_stm32f407xx.s.obj
                0x08002460                RTC_Alarm_IRQHandler
                0x08002460                HASH_RNG_IRQHandler
                0x08002460                EXTI2_IRQHandler
                0x08002460                TIM8_CC_IRQHandler
                0x08002460                TIM1_CC_IRQHandler
                0x08002460                DMA2_Stream5_IRQHandler
                0x08002460                DMA1_Stream5_IRQHandler
                0x08002460                PVD_IRQHandler
                0x08002460                SDIO_IRQHandler
                0x08002460                TAMP_STAMP_IRQHandler
                0x08002460                CAN2_RX1_IRQHandler
                0x08002460                TIM8_TRG_COM_TIM14_IRQHandler
                0x08002460                TIM1_UP_TIM10_IRQHandler
                0x08002460                TIM8_UP_TIM13_IRQHandler
                0x08002460                I2C3_ER_IRQHandler
                0x08002460                EXTI0_IRQHandler
                0x08002460                I2C2_EV_IRQHandler
                0x08002460                DMA1_Stream2_IRQHandler
                0x08002460                CAN1_RX0_IRQHandler
                0x08002460                FPU_IRQHandler
                0x08002460                OTG_HS_WKUP_IRQHandler
                0x08002460                CAN2_SCE_IRQHandler
                0x08002460                DMA2_Stream2_IRQHandler
                0x08002460                SPI1_IRQHandler
                0x08002460                TIM1_BRK_TIM9_IRQHandler
                0x08002460                DCMI_IRQHandler
                0x08002460                CAN2_RX0_IRQHandler
                0x08002460                DMA2_Stream3_IRQHandler
                0x08002460                USART6_IRQHandler
                0x08002460                USART3_IRQHandler
                0x08002460                CAN1_RX1_IRQHandler
                0x08002460                UART5_IRQHandler
                0x08002460                DMA2_Stream0_IRQHandler
                0x08002460                TIM4_IRQHandler
                0x08002460                I2C1_EV_IRQHandler
                0x08002460                DMA1_Stream6_IRQHandler
                0x08002460                DMA1_Stream1_IRQHandler
                0x08002460                UART4_IRQHandler
                0x08002460                TIM3_IRQHandler
                0x08002460                RCC_IRQHandler
                0x08002460                TIM8_BRK_TIM12_IRQHandler
                0x08002460                Default_Handler
                0x08002460                ADC_IRQHandler
                0x08002460                DMA1_Stream7_IRQHandler
                0x08002460                TIM7_IRQHandler
                0x08002460                CAN2_TX_IRQHandler
                0x08002460                TIM5_IRQHandler
                0x08002460                DMA2_Stream7_IRQHandler
                0x08002460                I2C3_EV_IRQHandler
                0x08002460                EXTI9_5_IRQHandler
                0x08002460                RTC_WKUP_IRQHandler
                0x08002460                ETH_WKUP_IRQHandler
                0x08002460                SPI2_IRQHandler
                0x08002460                OTG_HS_EP1_IN_IRQHandler
                0x08002460                DMA1_Stream0_IRQHandler
                0x08002460                CAN1_TX_IRQHandler
                0x08002460                FSMC_IRQHandler
                0x08002460                ETH_IRQHandler
                0x08002460                OTG_HS_EP1_OUT_IRQHandler
                0x08002460                WWDG_IRQHandler
                0x08002460                TIM2_IRQHandler
                0x08002460                OTG_FS_WKUP_IRQHandler
                0x08002460                TIM1_TRG_COM_TIM11_IRQHandler
                0x08002460                OTG_HS_IRQHandler
                0x08002460                EXTI1_IRQHandler
                0x08002460                USART2_IRQHandler
                0x08002460                I2C2_ER_IRQHandler
                0x08002460                DMA2_Stream1_IRQHandler
                0x08002460                CAN1_SCE_IRQHandler
                0x08002460                FLASH_IRQHandler
                0x08002460                DMA2_Stream4_IRQHandler
                0x08002460                USART1_IRQHandler
                0x08002460                OTG_FS_IRQHandler
                0x08002460                SPI3_IRQHandler
                0x08002460                DMA1_Stream4_IRQHandler
                0x08002460                I2C1_ER_IRQHandler
                0x08002460                DMA2_Stream6_IRQHandler
                0x08002460                DMA1_Stream3_IRQHandler
 *fill*         0x08002462        0x2 
 .text.sprintf  0x08002464       0x40 C:/ST/STM32CubeCLT_1.16.0/GNU-tools-for-STM32/bin/../lib/gcc/arm-none-eabi/12.3.1/../../../../arm-none-eabi/lib/thumb/v7e-m+fp/hard\libg_nano.a(libc_a-sprintf.o)
                0x08002464                siprintf
                0x08002464                sprintf
 .text.__errno  0x080024a4        0xc C:/ST/STM32CubeCLT_1.16.0/GNU-tools-for-STM32/bin/../lib/gcc/arm-none-eabi/12.3.1/../../../../arm-none-eabi/lib/thumb/v7e-m+fp/hard\libg_nano.a(libc_a-errno.o)
                0x080024a4                __errno
 .text.__ssputs_r
                0x080024b0       0xb6 C:/ST/STM32CubeCLT_1.16.0/GNU-tools-for-STM32/bin/../lib/gcc/arm-none-eabi/12.3.1/../../../../arm-none-eabi/lib/thumb/v7e-m+fp/hard\libg_nano.a(libc_a-nano-svfprintf.o)
                0x080024b0                __ssputs_r
 *fill*         0x08002566        0x2 
 .text._svfprintf_r
                0x08002568      0x1f8 C:/ST/STM32CubeCLT_1.16.0/GNU-tools-for-STM32/bin/../lib/gcc/arm-none-eabi/12.3.1/../../../../arm-none-eabi/lib/thumb/v7e-m+fp/hard\libg_nano.a(libc_a-nano-svfprintf.o)
                0x08002568                _svfiprintf_r
                0x08002568                _svfprintf_r
 .text._printf_common
                0x08002760       0xda C:/ST/STM32CubeCLT_1.16.0/GNU-tools-for-STM32/bin/../lib/gcc/arm-none-eabi/12.3.1/../../../../arm-none-eabi/lib/thumb/v7e-m+fp/hard\libg_nano.a(libc_a-nano-vfprintf_i.o)
                0x08002760                _printf_common
 *fill*         0x0800283a        0x2 
 .text._printf_i
                0x0800283c      0x240 C:/ST/STM32CubeCLT_1.16.0/GNU-tools-for-STM32/bin/../lib/gcc/arm-none-eabi/12.3.1/../../../../arm-none-eabi/lib/thumb/v7e-m+fp/hard\libg_nano.a(libc_a-nano-vfprintf_i.o)
                0x0800283c                _printf_i
 .text.memmove  0x08002a7c       0x34 C:/ST/STM32CubeCLT_1.16.0/GNU-tools-for-STM32/bin/../lib/gcc/arm-none-eabi/12.3.1/../../../../arm-none-eabi/lib/thumb/v7e-m+fp/hard\libg_nano.a(libc_a-memmove.o)
                0x08002a7c                memmove
 .text.memcpy   0x08002ab0       0x1c C:/ST/STM32CubeCLT_1.16.0/GNU-tools-for-STM32/bin/../lib/gcc/arm-none-eabi/12.3.1/../../../../arm-none-eabi/lib/thumb/v7e-m+fp/hard\libg_nano.a(libc_a-memcpy-stub.o)
                0x08002ab0                memcpy
 .text._realloc_r
                0x08002acc       0x5c C:/ST/STM32CubeCLT_1.16.0/GNU-tools-for-STM32/bin/../lib/gcc/arm-none-eabi/12.3.1/../../../../arm-none-eabi/lib/thumb/v7e-m+fp/hard\libg_nano.a(libc_a-reallocr.o)
                0x08002acc                _realloc_r
 .text._malloc_usable_size_r
                0x08002b28       0x10 C:/ST/STM32CubeCLT_1.16.0/GNU-tools-for-STM32/bin/../lib/gcc/arm-none-eabi/12.3.1/../../../../arm-none-eabi/lib/thumb/v7e-m+fp/hard\libg_nano.a(libc_a-msizer.o)
                0x08002b28                _malloc_usable_size_r
 *(.glue_7)
 .glue_7        0x08002b38        0x0 linker stubs
 *(.glue_7t)
 .glue_7t       0x08002b38        0x0 linker stubs
 *(.eh_frame)
 .eh_frame      0x08002b38        0x0 C:/ST/STM32CubeCLT_1.16.0/GNU-tools-for-STM32/bin/../lib/gcc/arm-none-eabi/12.3.1/thumb/v7e-m+fp/hard/crtbegin.o
 *(.init)
 .init          0x08002b38        0x4 C:/ST/STM32CubeCLT_1.16.0/GNU-tools-for-STM32/bin/../lib/gcc/arm-none-eabi/12.3.1/thumb/v7e-m+fp/hard/crti.o
                0x08002b38                _init
 .init          0x08002b3c        0x8 C:/ST/STM32CubeCLT_1.16.0/GNU-tools-for-STM32/bin/../lib/gcc/arm-none-eabi/12.3.1/thumb/v7e-m+fp/hard/crtn.o
 *(.fini)
 .fini          0x08002b44        0x4 C:/ST/STM32CubeCLT_1.16.0/GNU-tools-for-STM32/bin/../lib/gcc/arm-none-eabi/12.3.1/thumb/v7e-m+fp/hard/crti.o
                0x08002b44                _fini
 .fini          0x08002b48        0x8 C:/ST/STM32CubeCLT_1.16.0/GNU-tools-for-STM32/bin/../lib/gcc/arm-none-eabi/12.3.1/thumb/v7e-m+fp/hard/crtn.o
                0x08002b50                        . = ALIGN (0x4)
                0x08002b50                        _etext = .

.vfp11_veneer   0x08002b50        0x0
 .vfp11_veneer  0x08002b50        0x0 linker stubs

.v4_bx          0x08002b50        0x0
 .v4_bx         0x08002b50        0x0 linker stubs

.iplt           0x08002b50        0x0
 .iplt          0x08002b50        0x0 C:/ST/STM32CubeCLT_1.16.0/GNU-tools-for-STM32/bin/../lib/gcc/arm-none-eabi/12.3.1/thumb/v7e-m+fp/hard/crtbegin.o

.rodata         0x08002b50       0x50
                0x08002b50                        . = ALIGN (0x4)
 *(.rodata)
 .rodata        0x08002b50        0xc CMakeFiles/DigitalClock.dir/Core/Src/main.c.obj
 *(.rodata*)
 .rodata.AHBPrescTable
                0x08002b5c       0x10 CMakeFiles/DigitalClock.dir/Core/Src/system_stm32f4xx.c.obj
                0x08002b5c                AHBPrescTable
 .rodata._svfprintf_r.str1.1
                0x08002b6c       0x11 C:/ST/STM32CubeCLT_1.16.0/GNU-tools-for-STM32/bin/../lib/gcc/arm-none-eabi/12.3.1/../../../../arm-none-eabi/lib/thumb/v7e-m+fp/hard\libg_nano.a(libc_a-nano-svfprintf.o)
 .rodata._printf_i.str1.1
                0x08002b7d       0x22 C:/ST/STM32CubeCLT_1.16.0/GNU-tools-for-STM32/bin/../lib/gcc/arm-none-eabi/12.3.1/../../../../arm-none-eabi/lib/thumb/v7e-m+fp/hard\libg_nano.a(libc_a-nano-vfprintf_i.o)
                0x08002ba0                        . = ALIGN (0x4)
 *fill*         0x08002b9f        0x1 

.ARM.extab
 *(.ARM.extab* .gnu.linkonce.armextab.*)

.ARM            0x08002ba0        0x8
                0x08002ba0                        __exidx_start = .
 *(.ARM.exidx*)
 .ARM.exidx     0x08002ba0        0x8 C:/ST/STM32CubeCLT_1.16.0/GNU-tools-for-STM32/bin/../lib/gcc/arm-none-eabi/12.3.1/thumb/v7e-m+fp/hard\libgcc.a(_udivmoddi4.o)
 .ARM.exidx     0x08002ba8        0x0 C:/ST/STM32CubeCLT_1.16.0/GNU-tools-for-STM32/bin/../lib/gcc/arm-none-eabi/12.3.1/../../../../arm-none-eabi/lib/thumb/v7e-m+fp/hard\libg_nano.a(libc_a-memchr.o)
                                  0x8 (size before relaxing)
                0x08002ba8                        __exidx_end = .

.rel.dyn        0x08002ba8        0x0
 .rel.iplt      0x08002ba8        0x0 C:/ST/STM32CubeCLT_1.16.0/GNU-tools-for-STM32/bin/../lib/gcc/arm-none-eabi/12.3.1/thumb/v7e-m+fp/hard/crtbegin.o

.preinit_array  0x08002ba8        0x0
                0x08002ba8                        PROVIDE (__preinit_array_start = .)
 *(.preinit_array*)
                0x08002ba8                        PROVIDE (__preinit_array_end = .)

.init_array     0x08002ba8        0x4
                0x08002ba8                        PROVIDE (__init_array_start = .)
 *(SORT_BY_NAME(.init_array.*))
 *(.init_array*)
 .init_array    0x08002ba8        0x4 C:/ST/STM32CubeCLT_1.16.0/GNU-tools-for-STM32/bin/../lib/gcc/arm-none-eabi/12.3.1/thumb/v7e-m+fp/hard/crtbegin.o
                0x08002bac                        PROVIDE (__init_array_end = .)

.fini_array     0x08002bac        0x4
                [!provide]                        PROVIDE (__fini_array_start = .)
 *(SORT_BY_NAME(.fini_array.*))
 *(.fini_array*)
 .fini_array    0x08002bac        0x4 C:/ST/STM32CubeCLT_1.16.0/GNU-tools-for-STM32/bin/../lib/gcc/arm-none-eabi/12.3.1/thumb/v7e-m+fp/hard/crtbegin.o
                [!provide]                        PROVIDE (__fini_array_end = .)
                0x08002bb0                        _sidata = LOADADDR (.data)

.data           0x20000000       0x5c load address 0x08002bb0
                0x20000000                        . = ALIGN (0x4)
                0x20000000                        _sdata = .
 *(.data)
 *(.data*)
 .data._impure_ptr
                0x20000000        0x4 C:/ST/STM32CubeCLT_1.16.0/GNU-tools-for-STM32/bin/../lib/gcc/arm-none-eabi/12.3.1/../../../../arm-none-eabi/lib/thumb/v7e-m+fp/hard\libc_nano.a(libc_a-impure.o)
                0x20000000                _impure_ptr
 .data._impure_data
                0x20000004       0x4c C:/ST/STM32CubeCLT_1.16.0/GNU-tools-for-STM32/bin/../lib/gcc/arm-none-eabi/12.3.1/../../../../arm-none-eabi/lib/thumb/v7e-m+fp/hard\libc_nano.a(libc_a-impure.o)
                0x20000004                _impure_data
 .data.uwTickPrio
                0x20000050        0x4 CMakeFiles/DigitalClock.dir/Drivers/STM32F4xx_HAL_Driver/Src/stm32f4xx_hal.c.obj
                0x20000050                uwTickPrio
 .data.uwTickFreq
                0x20000054        0x1 CMakeFiles/DigitalClock.dir/Drivers/STM32F4xx_HAL_Driver/Src/stm32f4xx_hal.c.obj
                0x20000054                uwTickFreq
 *fill*         0x20000055        0x3 
 .data.SystemCoreClock
                0x20000058        0x4 CMakeFiles/DigitalClock.dir/Core/Src/system_stm32f4xx.c.obj
                0x20000058                SystemCoreClock
                0x2000005c                        . = ALIGN (0x4)
                0x2000005c                        _edata = .
                0x08002c0c                        _siccmram = LOADADDR (.ccmram)

.igot.plt       0x2000005c        0x0 load address 0x08002c0c
 .igot.plt      0x2000005c        0x0 C:/ST/STM32CubeCLT_1.16.0/GNU-tools-for-STM32/bin/../lib/gcc/arm-none-eabi/12.3.1/thumb/v7e-m+fp/hard/crtbegin.o

.ccmram         0x10000000        0x0 load address 0x08002c0c
                0x10000000                        . = ALIGN (0x4)
                0x10000000                        _sccmram = .
 *(.ccmram)
 *(.ccmram*)
                0x10000000                        . = ALIGN (0x4)
                0x10000000                        _eccmram = .
                0x10000000                        . = ALIGN (0x4)

.bss            0x2000005c      0x1bc
                0x2000005c                        _sbss = .
                0x2000005c                        __bss_start__ = _sbss
 *(.bss)
 .bss           0x2000005c       0x1c C:/ST/STM32CubeCLT_1.16.0/GNU-tools-for-STM32/bin/../lib/gcc/arm-none-eabi/12.3.1/thumb/v7e-m+fp/hard/crtbegin.o
 *(.bss*)
 .bss.__sf      0x20000078      0x138 C:/ST/STM32CubeCLT_1.16.0/GNU-tools-for-STM32/bin/../lib/gcc/arm-none-eabi/12.3.1/../../../../arm-none-eabi/lib/thumb/v7e-m+fp/hard\libc_nano.a(libc_a-findfp.o)
                0x20000078                __sf
 .bss.errno     0x200001b0        0x4 C:/ST/STM32CubeCLT_1.16.0/GNU-tools-for-STM32/bin/../lib/gcc/arm-none-eabi/12.3.1/../../../../arm-none-eabi/lib/thumb/v7e-m+fp/hard\libc_nano.a(libc_a-reent.o)
                0x200001b0                errno
 .bss.__lock___malloc_recursive_mutex
                0x200001b4        0x1 C:/ST/STM32CubeCLT_1.16.0/GNU-tools-for-STM32/bin/../lib/gcc/arm-none-eabi/12.3.1/../../../../arm-none-eabi/lib/thumb/v7e-m+fp/hard\libc_nano.a(libc_a-lock.o)
                0x200001b4                __lock___malloc_recursive_mutex
 *fill*         0x200001b5        0x3 
 .bss.__malloc_sbrk_start
                0x200001b8        0x4 C:/ST/STM32CubeCLT_1.16.0/GNU-tools-for-STM32/bin/../lib/gcc/arm-none-eabi/12.3.1/../../../../arm-none-eabi/lib/thumb/v7e-m+fp/hard\libc_nano.a(libc_a-mallocr.o)
                0x200001b8                __malloc_sbrk_start
 .bss.__malloc_free_list
                0x200001bc        0x4 C:/ST/STM32CubeCLT_1.16.0/GNU-tools-for-STM32/bin/../lib/gcc/arm-none-eabi/12.3.1/../../../../arm-none-eabi/lib/thumb/v7e-m+fp/hard\libc_nano.a(libc_a-mallocr.o)
                0x200001bc                __malloc_free_list
 .bss.htim6     0x200001c0       0x48 CMakeFiles/DigitalClock.dir/Core/Src/main.c.obj
                0x200001c0                htim6
 .bss.ondp      0x20000208        0x1 CMakeFiles/DigitalClock.dir/Core/Src/main.c.obj
                0x20000208                ondp
 *fill*         0x20000209        0x1 
 .bss.count     0x2000020a        0x2 CMakeFiles/DigitalClock.dir/Core/Src/main.c.obj
                0x2000020a                count
 .bss.sec       0x2000020c        0x2 CMakeFiles/DigitalClock.dir/Core/Src/main.c.obj
                0x2000020c                sec
 *fill*         0x2000020e        0x2 
 .bss.uwTick    0x20000210        0x4 CMakeFiles/DigitalClock.dir/Drivers/STM32F4xx_HAL_Driver/Src/stm32f4xx_hal.c.obj
                0x20000210                uwTick
 .bss.__sbrk_heap_end
                0x20000214        0x4 CMakeFiles/DigitalClock.dir/Core/Src/sysmem.c.obj
 *(COMMON)
                0x20000218                        . = ALIGN (0x4)
                0x20000218                        _ebss = .
                0x20000218                        __bss_end__ = _ebss

._user_heap_stack
                0x20000218      0x600
                0x20000218                        . = ALIGN (0x8)
                [!provide]                        PROVIDE (end = .)
                0x20000218                        PROVIDE (_end = .)
                0x20000418                        . = (. + _Min_Heap_Size)
 *fill*         0x20000218      0x200 
                0x20000818                        . = (. + _Min_Stack_Size)
 *fill*         0x20000418      0x400 
                0x20000818                        . = ALIGN (0x8)

/DISCARD/
 libc.a(*)
 libm.a(*)
 libgcc.a(*)

.ARM.attributes
                0x00000000       0x30
 *(.ARM.attributes)
 .ARM.attributes
                0x00000000       0x22 C:/ST/STM32CubeCLT_1.16.0/GNU-tools-for-STM32/bin/../lib/gcc/arm-none-eabi/12.3.1/thumb/v7e-m+fp/hard/crti.o
 .ARM.attributes
                0x00000022       0x34 C:/ST/STM32CubeCLT_1.16.0/GNU-tools-for-STM32/bin/../lib/gcc/arm-none-eabi/12.3.1/thumb/v7e-m+fp/hard/crtbegin.o
 .ARM.attributes
                0x00000056       0x34 C:/ST/STM32CubeCLT_1.16.0/GNU-tools-for-STM32/bin/../lib/gcc/arm-none-eabi/12.3.1/../../../../arm-none-eabi/lib/thumb/v7e-m+fp/hard\libc_nano.a(libc_a-findfp.o)
 .ARM.attributes
                0x0000008a       0x34 C:/ST/STM32CubeCLT_1.16.0/GNU-tools-for-STM32/bin/../lib/gcc/arm-none-eabi/12.3.1/../../../../arm-none-eabi/lib/thumb/v7e-m+fp/hard\libc_nano.a(libc_a-memset.o)
 .ARM.attributes
                0x000000be       0x34 C:/ST/STM32CubeCLT_1.16.0/GNU-tools-for-STM32/bin/../lib/gcc/arm-none-eabi/12.3.1/../../../../arm-none-eabi/lib/thumb/v7e-m+fp/hard\libc_nano.a(libc_a-reent.o)
 .ARM.attributes
                0x000000f2       0x34 C:/ST/STM32CubeCLT_1.16.0/GNU-tools-for-STM32/bin/../lib/gcc/arm-none-eabi/12.3.1/../../../../arm-none-eabi/lib/thumb/v7e-m+fp/hard\libc_nano.a(libc_a-impure.o)
 .ARM.attributes
                0x00000126       0x34 C:/ST/STM32CubeCLT_1.16.0/GNU-tools-for-STM32/bin/../lib/gcc/arm-none-eabi/12.3.1/../../../../arm-none-eabi/lib/thumb/v7e-m+fp/hard\libc_nano.a(libc_a-init.o)
 .ARM.attributes
                0x0000015a       0x34 C:/ST/STM32CubeCLT_1.16.0/GNU-tools-for-STM32/bin/../lib/gcc/arm-none-eabi/12.3.1/../../../../arm-none-eabi/lib/thumb/v7e-m+fp/hard\libc_nano.a(libc_a-lock.o)
 .ARM.attributes
                0x0000018e       0x34 C:/ST/STM32CubeCLT_1.16.0/GNU-tools-for-STM32/bin/../lib/gcc/arm-none-eabi/12.3.1/../../../../arm-none-eabi/lib/thumb/v7e-m+fp/hard\libc_nano.a(libc_a-freer.o)
 .ARM.attributes
                0x000001c2       0x34 C:/ST/STM32CubeCLT_1.16.0/GNU-tools-for-STM32/bin/../lib/gcc/arm-none-eabi/12.3.1/../../../../arm-none-eabi/lib/thumb/v7e-m+fp/hard\libc_nano.a(libc_a-mallocr.o)
 .ARM.attributes
                0x000001f6       0x34 C:/ST/STM32CubeCLT_1.16.0/GNU-tools-for-STM32/bin/../lib/gcc/arm-none-eabi/12.3.1/../../../../arm-none-eabi/lib/thumb/v7e-m+fp/hard\libc_nano.a(libc_a-mlock.o)
 .ARM.attributes
                0x0000022a       0x34 C:/ST/STM32CubeCLT_1.16.0/GNU-tools-for-STM32/bin/../lib/gcc/arm-none-eabi/12.3.1/../../../../arm-none-eabi/lib/thumb/v7e-m+fp/hard\libc_nano.a(libc_a-sbrkr.o)
 .ARM.attributes
                0x0000025e       0x34 CMakeFiles/DigitalClock.dir/Core/Src/main.c.obj
 .ARM.attributes
                0x00000292       0x34 CMakeFiles/DigitalClock.dir/Core/Src/stm32f4xx_it.c.obj
 .ARM.attributes
                0x000002c6       0x34 CMakeFiles/DigitalClock.dir/Core/Src/stm32f4xx_hal_msp.c.obj
 .ARM.attributes
                0x000002fa       0x34 CMakeFiles/DigitalClock.dir/Drivers/STM32F4xx_HAL_Driver/Src/stm32f4xx_hal_tim.c.obj
 .ARM.attributes
                0x0000032e       0x34 CMakeFiles/DigitalClock.dir/Drivers/STM32F4xx_HAL_Driver/Src/stm32f4xx_hal_tim_ex.c.obj
 .ARM.attributes
                0x00000362       0x34 CMakeFiles/DigitalClock.dir/Drivers/STM32F4xx_HAL_Driver/Src/stm32f4xx_hal_rcc.c.obj
 .ARM.attributes
                0x00000396       0x34 CMakeFiles/DigitalClock.dir/Drivers/STM32F4xx_HAL_Driver/Src/stm32f4xx_hal_gpio.c.obj
 .ARM.attributes
                0x000003ca       0x34 CMakeFiles/DigitalClock.dir/Drivers/STM32F4xx_HAL_Driver/Src/stm32f4xx_hal_cortex.c.obj
 .ARM.attributes
                0x000003fe       0x34 CMakeFiles/DigitalClock.dir/Drivers/STM32F4xx_HAL_Driver/Src/stm32f4xx_hal.c.obj
 .ARM.attributes
                0x00000432       0x34 CMakeFiles/DigitalClock.dir/Core/Src/system_stm32f4xx.c.obj
 .ARM.attributes
                0x00000466       0x34 CMakeFiles/DigitalClock.dir/Core/Src/sysmem.c.obj
 .ARM.attributes
                0x0000049a       0x21 CMakeFiles/DigitalClock.dir/startup_stm32f407xx.s.obj
 .ARM.attributes
                0x000004bb       0x22 C:/ST/STM32CubeCLT_1.16.0/GNU-tools-for-STM32/bin/../lib/gcc/arm-none-eabi/12.3.1/thumb/v7e-m+fp/hard\libgcc.a(_aeabi_uldivmod.o)
 .ARM.attributes
                0x000004dd       0x34 C:/ST/STM32CubeCLT_1.16.0/GNU-tools-for-STM32/bin/../lib/gcc/arm-none-eabi/12.3.1/thumb/v7e-m+fp/hard\libgcc.a(_udivmoddi4.o)
 .ARM.attributes
                0x00000511       0x22 C:/ST/STM32CubeCLT_1.16.0/GNU-tools-for-STM32/bin/../lib/gcc/arm-none-eabi/12.3.1/thumb/v7e-m+fp/hard\libgcc.a(_dvmd_tls.o)
 .ARM.attributes
                0x00000533       0x34 C:/ST/STM32CubeCLT_1.16.0/GNU-tools-for-STM32/bin/../lib/gcc/arm-none-eabi/12.3.1/../../../../arm-none-eabi/lib/thumb/v7e-m+fp/hard\libg_nano.a(libc_a-sprintf.o)
 .ARM.attributes
                0x00000567       0x34 C:/ST/STM32CubeCLT_1.16.0/GNU-tools-for-STM32/bin/../lib/gcc/arm-none-eabi/12.3.1/../../../../arm-none-eabi/lib/thumb/v7e-m+fp/hard\libg_nano.a(libc_a-errno.o)
 .ARM.attributes
                0x0000059b       0x34 C:/ST/STM32CubeCLT_1.16.0/GNU-tools-for-STM32/bin/../lib/gcc/arm-none-eabi/12.3.1/../../../../arm-none-eabi/lib/thumb/v7e-m+fp/hard\libg_nano.a(libc_a-nano-svfprintf.o)
 .ARM.attributes
                0x000005cf       0x34 C:/ST/STM32CubeCLT_1.16.0/GNU-tools-for-STM32/bin/../lib/gcc/arm-none-eabi/12.3.1/../../../../arm-none-eabi/lib/thumb/v7e-m+fp/hard\libg_nano.a(libc_a-nano-vfprintf_i.o)
 .ARM.attributes
                0x00000603       0x34 C:/ST/STM32CubeCLT_1.16.0/GNU-tools-for-STM32/bin/../lib/gcc/arm-none-eabi/12.3.1/../../../../arm-none-eabi/lib/thumb/v7e-m+fp/hard\libg_nano.a(libc_a-memmove.o)
 .ARM.attributes
                0x00000637       0x1c C:/ST/STM32CubeCLT_1.16.0/GNU-tools-for-STM32/bin/../lib/gcc/arm-none-eabi/12.3.1/../../../../arm-none-eabi/lib/thumb/v7e-m+fp/hard\libg_nano.a(libc_a-memchr.o)
 .ARM.attributes
                0x00000653       0x34 C:/ST/STM32CubeCLT_1.16.0/GNU-tools-for-STM32/bin/../lib/gcc/arm-none-eabi/12.3.1/../../../../arm-none-eabi/lib/thumb/v7e-m+fp/hard\libg_nano.a(libc_a-memcpy-stub.o)
 .ARM.attributes
                0x00000687       0x34 C:/ST/STM32CubeCLT_1.16.0/GNU-tools-for-STM32/bin/../lib/gcc/arm-none-eabi/12.3.1/../../../../arm-none-eabi/lib/thumb/v7e-m+fp/hard\libg_nano.a(libc_a-reallocr.o)
 .ARM.attributes
                0x000006bb       0x34 C:/ST/STM32CubeCLT_1.16.0/GNU-tools-for-STM32/bin/../lib/gcc/arm-none-eabi/12.3.1/../../../../arm-none-eabi/lib/thumb/v7e-m+fp/hard\libg_nano.a(libc_a-msizer.o)
 .ARM.attributes
                0x000006ef       0x22 C:/ST/STM32CubeCLT_1.16.0/GNU-tools-for-STM32/bin/../lib/gcc/arm-none-eabi/12.3.1/thumb/v7e-m+fp/hard/crtn.o
OUTPUT(DigitalClock.elf elf32-littlearm)
LOAD linker stubs
LOAD C:/ST/STM32CubeCLT_1.16.0/GNU-tools-for-STM32/bin/../lib/gcc/arm-none-eabi/12.3.1/../../../../arm-none-eabi/lib/thumb/v7e-m+fp/hard\libc.a
LOAD C:/ST/STM32CubeCLT_1.16.0/GNU-tools-for-STM32/bin/../lib/gcc/arm-none-eabi/12.3.1/../../../../arm-none-eabi/lib/thumb/v7e-m+fp/hard\libm.a
LOAD C:/ST/STM32CubeCLT_1.16.0/GNU-tools-for-STM32/bin/../lib/gcc/arm-none-eabi/12.3.1/thumb/v7e-m+fp/hard\libgcc.a

.debug_frame    0x00000000     0x2ce8
 .debug_frame   0x00000000      0x144 C:/ST/STM32CubeCLT_1.16.0/GNU-tools-for-STM32/bin/../lib/gcc/arm-none-eabi/12.3.1/../../../../arm-none-eabi/lib/thumb/v7e-m+fp/hard\libc_nano.a(libc_a-findfp.o)
 .debug_frame   0x00000144       0x20 C:/ST/STM32CubeCLT_1.16.0/GNU-tools-for-STM32/bin/../lib/gcc/arm-none-eabi/12.3.1/../../../../arm-none-eabi/lib/thumb/v7e-m+fp/hard\libc_nano.a(libc_a-memset.o)
 .debug_frame   0x00000164       0x38 C:/ST/STM32CubeCLT_1.16.0/GNU-tools-for-STM32/bin/../lib/gcc/arm-none-eabi/12.3.1/../../../../arm-none-eabi/lib/thumb/v7e-m+fp/hard\libc_nano.a(libc_a-reent.o)
 .debug_frame   0x0000019c       0x2c C:/ST/STM32CubeCLT_1.16.0/GNU-tools-for-STM32/bin/../lib/gcc/arm-none-eabi/12.3.1/../../../../arm-none-eabi/lib/thumb/v7e-m+fp/hard\libc_nano.a(libc_a-init.o)
 .debug_frame   0x000001c8       0xb0 C:/ST/STM32CubeCLT_1.16.0/GNU-tools-for-STM32/bin/../lib/gcc/arm-none-eabi/12.3.1/../../../../arm-none-eabi/lib/thumb/v7e-m+fp/hard\libc_nano.a(libc_a-lock.o)
 .debug_frame   0x00000278       0x38 C:/ST/STM32CubeCLT_1.16.0/GNU-tools-for-STM32/bin/../lib/gcc/arm-none-eabi/12.3.1/../../../../arm-none-eabi/lib/thumb/v7e-m+fp/hard\libc_nano.a(libc_a-freer.o)
 .debug_frame   0x000002b0       0x50 C:/ST/STM32CubeCLT_1.16.0/GNU-tools-for-STM32/bin/../lib/gcc/arm-none-eabi/12.3.1/../../../../arm-none-eabi/lib/thumb/v7e-m+fp/hard\libc_nano.a(libc_a-mallocr.o)
 .debug_frame   0x00000300       0x30 C:/ST/STM32CubeCLT_1.16.0/GNU-tools-for-STM32/bin/../lib/gcc/arm-none-eabi/12.3.1/../../../../arm-none-eabi/lib/thumb/v7e-m+fp/hard\libc_nano.a(libc_a-mlock.o)
 .debug_frame   0x00000330       0x2c C:/ST/STM32CubeCLT_1.16.0/GNU-tools-for-STM32/bin/../lib/gcc/arm-none-eabi/12.3.1/../../../../arm-none-eabi/lib/thumb/v7e-m+fp/hard\libc_nano.a(libc_a-sbrkr.o)
 .debug_frame   0x0000035c      0x11c CMakeFiles/DigitalClock.dir/Core/Src/main.c.obj
 .debug_frame   0x00000478      0x174 CMakeFiles/DigitalClock.dir/Core/Src/stm32f4xx_it.c.obj
 .debug_frame   0x000005ec       0x84 CMakeFiles/DigitalClock.dir/Core/Src/stm32f4xx_hal_msp.c.obj
 .debug_frame   0x00000670     0x11c0 CMakeFiles/DigitalClock.dir/Drivers/STM32F4xx_HAL_Driver/Src/stm32f4xx_hal_tim.c.obj
 .debug_frame   0x00001830      0x638 CMakeFiles/DigitalClock.dir/Drivers/STM32F4xx_HAL_Driver/Src/stm32f4xx_hal_tim_ex.c.obj
 .debug_frame   0x00001e68      0x1f4 CMakeFiles/DigitalClock.dir/Drivers/STM32F4xx_HAL_Driver/Src/stm32f4xx_hal_rcc.c.obj
 .debug_frame   0x0000205c      0x14c CMakeFiles/DigitalClock.dir/Drivers/STM32F4xx_HAL_Driver/Src/stm32f4xx_hal_gpio.c.obj
 .debug_frame   0x000021a8      0x4b8 CMakeFiles/DigitalClock.dir/Drivers/STM32F4xx_HAL_Driver/Src/stm32f4xx_hal_cortex.c.obj
 .debug_frame   0x00002660      0x374 CMakeFiles/DigitalClock.dir/Drivers/STM32F4xx_HAL_Driver/Src/stm32f4xx_hal.c.obj
 .debug_frame   0x000029d4       0x58 CMakeFiles/DigitalClock.dir/Core/Src/system_stm32f4xx.c.obj
 .debug_frame   0x00002a2c       0x34 CMakeFiles/DigitalClock.dir/Core/Src/sysmem.c.obj
 .debug_frame   0x00002a60       0x2c C:/ST/STM32CubeCLT_1.16.0/GNU-tools-for-STM32/bin/../lib/gcc/arm-none-eabi/12.3.1/thumb/v7e-m+fp/hard\libgcc.a(_aeabi_uldivmod.o)
 .debug_frame   0x00002a8c       0x34 C:/ST/STM32CubeCLT_1.16.0/GNU-tools-for-STM32/bin/../lib/gcc/arm-none-eabi/12.3.1/thumb/v7e-m+fp/hard\libgcc.a(_udivmoddi4.o)
 .debug_frame   0x00002ac0       0x6c C:/ST/STM32CubeCLT_1.16.0/GNU-tools-for-STM32/bin/../lib/gcc/arm-none-eabi/12.3.1/../../../../arm-none-eabi/lib/thumb/v7e-m+fp/hard\libg_nano.a(libc_a-sprintf.o)
 .debug_frame   0x00002b2c       0x20 C:/ST/STM32CubeCLT_1.16.0/GNU-tools-for-STM32/bin/../lib/gcc/arm-none-eabi/12.3.1/../../../../arm-none-eabi/lib/thumb/v7e-m+fp/hard\libg_nano.a(libc_a-errno.o)
 .debug_frame   0x00002b4c       0x90 C:/ST/STM32CubeCLT_1.16.0/GNU-tools-for-STM32/bin/../lib/gcc/arm-none-eabi/12.3.1/../../../../arm-none-eabi/lib/thumb/v7e-m+fp/hard\libg_nano.a(libc_a-nano-svfprintf.o)
 .debug_frame   0x00002bdc       0x60 C:/ST/STM32CubeCLT_1.16.0/GNU-tools-for-STM32/bin/../lib/gcc/arm-none-eabi/12.3.1/../../../../arm-none-eabi/lib/thumb/v7e-m+fp/hard\libg_nano.a(libc_a-nano-vfprintf_i.o)
 .debug_frame   0x00002c3c       0x28 C:/ST/STM32CubeCLT_1.16.0/GNU-tools-for-STM32/bin/../lib/gcc/arm-none-eabi/12.3.1/../../../../arm-none-eabi/lib/thumb/v7e-m+fp/hard\libg_nano.a(libc_a-memmove.o)
 .debug_frame   0x00002c64       0x28 C:/ST/STM32CubeCLT_1.16.0/GNU-tools-for-STM32/bin/../lib/gcc/arm-none-eabi/12.3.1/../../../../arm-none-eabi/lib/thumb/v7e-m+fp/hard\libg_nano.a(libc_a-memcpy-stub.o)
 .debug_frame   0x00002c8c       0x3c C:/ST/STM32CubeCLT_1.16.0/GNU-tools-for-STM32/bin/../lib/gcc/arm-none-eabi/12.3.1/../../../../arm-none-eabi/lib/thumb/v7e-m+fp/hard\libg_nano.a(libc_a-reallocr.o)
 .debug_frame   0x00002cc8       0x20 C:/ST/STM32CubeCLT_1.16.0/GNU-tools-for-STM32/bin/../lib/gcc/arm-none-eabi/12.3.1/../../../../arm-none-eabi/lib/thumb/v7e-m+fp/hard\libg_nano.a(libc_a-msizer.o)

.debug_info     0x00000000     0xcf1e
 .debug_info    0x00000000     0x1115 CMakeFiles/DigitalClock.dir/Core/Src/main.c.obj
 .debug_info    0x00001115      0x73b CMakeFiles/DigitalClock.dir/Core/Src/stm32f4xx_it.c.obj
 .debug_info    0x00001850      0xaca CMakeFiles/DigitalClock.dir/Core/Src/stm32f4xx_hal_msp.c.obj
 .debug_info    0x0000231a     0x299d CMakeFiles/DigitalClock.dir/Drivers/STM32F4xx_HAL_Driver/Src/stm32f4xx_hal_tim.c.obj
 .debug_info    0x00004cb7     0x14db CMakeFiles/DigitalClock.dir/Drivers/STM32F4xx_HAL_Driver/Src/stm32f4xx_hal_tim_ex.c.obj
 .debug_info    0x00006192      0x8b1 CMakeFiles/DigitalClock.dir/Drivers/STM32F4xx_HAL_Driver/Src/stm32f4xx_hal_rcc.c.obj
 .debug_info    0x00006a43      0x6c3 CMakeFiles/DigitalClock.dir/Drivers/STM32F4xx_HAL_Driver/Src/stm32f4xx_hal_gpio.c.obj
 .debug_info    0x00007106      0xd57 CMakeFiles/DigitalClock.dir/Drivers/STM32F4xx_HAL_Driver/Src/stm32f4xx_hal_cortex.c.obj
 .debug_info    0x00007e5d      0x944 CMakeFiles/DigitalClock.dir/Drivers/STM32F4xx_HAL_Driver/Src/stm32f4xx_hal.c.obj
 .debug_info    0x000087a1      0x512 CMakeFiles/DigitalClock.dir/Core/Src/system_stm32f4xx.c.obj
 .debug_info    0x00008cb3      0x168 CMakeFiles/DigitalClock.dir/Core/Src/sysmem.c.obj
 .debug_info    0x00008e1b       0x30 CMakeFiles/DigitalClock.dir/startup_stm32f407xx.s.obj
 .debug_info    0x00008e4b      0x87f C:/ST/STM32CubeCLT_1.16.0/GNU-tools-for-STM32/bin/../lib/gcc/arm-none-eabi/12.3.1/../../../../arm-none-eabi/lib/thumb/v7e-m+fp/hard\libg_nano.a(libc_a-sprintf.o)
 .debug_info    0x000096ca      0x6fb C:/ST/STM32CubeCLT_1.16.0/GNU-tools-for-STM32/bin/../lib/gcc/arm-none-eabi/12.3.1/../../../../arm-none-eabi/lib/thumb/v7e-m+fp/hard\libg_nano.a(libc_a-errno.o)
 .debug_info    0x00009dc5     0x10c7 C:/ST/STM32CubeCLT_1.16.0/GNU-tools-for-STM32/bin/../lib/gcc/arm-none-eabi/12.3.1/../../../../arm-none-eabi/lib/thumb/v7e-m+fp/hard\libg_nano.a(libc_a-nano-svfprintf.o)
 .debug_info    0x0000ae8c      0xde2 C:/ST/STM32CubeCLT_1.16.0/GNU-tools-for-STM32/bin/../lib/gcc/arm-none-eabi/12.3.1/../../../../arm-none-eabi/lib/thumb/v7e-m+fp/hard\libg_nano.a(libc_a-nano-vfprintf_i.o)
 .debug_info    0x0000bc6e      0x10f C:/ST/STM32CubeCLT_1.16.0/GNU-tools-for-STM32/bin/../lib/gcc/arm-none-eabi/12.3.1/../../../../arm-none-eabi/lib/thumb/v7e-m+fp/hard\libg_nano.a(libc_a-memmove.o)
 .debug_info    0x0000bd7d       0x25 C:/ST/STM32CubeCLT_1.16.0/GNU-tools-for-STM32/bin/../lib/gcc/arm-none-eabi/12.3.1/../../../../arm-none-eabi/lib/thumb/v7e-m+fp/hard\libg_nano.a(libc_a-memchr.o)
 .debug_info    0x0000bda2      0x121 C:/ST/STM32CubeCLT_1.16.0/GNU-tools-for-STM32/bin/../lib/gcc/arm-none-eabi/12.3.1/../../../../arm-none-eabi/lib/thumb/v7e-m+fp/hard\libg_nano.a(libc_a-memcpy-stub.o)
 .debug_info    0x0000bec3      0x8c7 C:/ST/STM32CubeCLT_1.16.0/GNU-tools-for-STM32/bin/../lib/gcc/arm-none-eabi/12.3.1/../../../../arm-none-eabi/lib/thumb/v7e-m+fp/hard\libg_nano.a(libc_a-reallocr.o)
 .debug_info    0x0000c78a      0x794 C:/ST/STM32CubeCLT_1.16.0/GNU-tools-for-STM32/bin/../lib/gcc/arm-none-eabi/12.3.1/../../../../arm-none-eabi/lib/thumb/v7e-m+fp/hard\libg_nano.a(libc_a-msizer.o)

.debug_abbrev   0x00000000     0x258f
 .debug_abbrev  0x00000000      0x314 CMakeFiles/DigitalClock.dir/Core/Src/main.c.obj
 .debug_abbrev  0x00000314      0x1a7 CMakeFiles/DigitalClock.dir/Core/Src/stm32f4xx_it.c.obj
 .debug_abbrev  0x000004bb      0x1c5 CMakeFiles/DigitalClock.dir/Core/Src/stm32f4xx_hal_msp.c.obj
 .debug_abbrev  0x00000680      0x278 CMakeFiles/DigitalClock.dir/Drivers/STM32F4xx_HAL_Driver/Src/stm32f4xx_hal_tim.c.obj
 .debug_abbrev  0x000008f8      0x283 CMakeFiles/DigitalClock.dir/Drivers/STM32F4xx_HAL_Driver/Src/stm32f4xx_hal_tim_ex.c.obj
 .debug_abbrev  0x00000b7b      0x2b6 CMakeFiles/DigitalClock.dir/Drivers/STM32F4xx_HAL_Driver/Src/stm32f4xx_hal_rcc.c.obj
 .debug_abbrev  0x00000e31      0x1d4 CMakeFiles/DigitalClock.dir/Drivers/STM32F4xx_HAL_Driver/Src/stm32f4xx_hal_gpio.c.obj
 .debug_abbrev  0x00001005      0x328 CMakeFiles/DigitalClock.dir/Drivers/STM32F4xx_HAL_Driver/Src/stm32f4xx_hal_cortex.c.obj
 .debug_abbrev  0x0000132d      0x214 CMakeFiles/DigitalClock.dir/Drivers/STM32F4xx_HAL_Driver/Src/stm32f4xx_hal.c.obj
 .debug_abbrev  0x00001541      0x11a CMakeFiles/DigitalClock.dir/Core/Src/system_stm32f4xx.c.obj
 .debug_abbrev  0x0000165b       0xbc CMakeFiles/DigitalClock.dir/Core/Src/sysmem.c.obj
 .debug_abbrev  0x00001717       0x24 CMakeFiles/DigitalClock.dir/startup_stm32f407xx.s.obj
 .debug_abbrev  0x0000173b      0x21c C:/ST/STM32CubeCLT_1.16.0/GNU-tools-for-STM32/bin/../lib/gcc/arm-none-eabi/12.3.1/../../../../arm-none-eabi/lib/thumb/v7e-m+fp/hard\libg_nano.a(libc_a-sprintf.o)
 .debug_abbrev  0x00001957      0x15e C:/ST/STM32CubeCLT_1.16.0/GNU-tools-for-STM32/bin/../lib/gcc/arm-none-eabi/12.3.1/../../../../arm-none-eabi/lib/thumb/v7e-m+fp/hard\libg_nano.a(libc_a-errno.o)
 .debug_abbrev  0x00001ab5      0x31e C:/ST/STM32CubeCLT_1.16.0/GNU-tools-for-STM32/bin/../lib/gcc/arm-none-eabi/12.3.1/../../../../arm-none-eabi/lib/thumb/v7e-m+fp/hard\libg_nano.a(libc_a-nano-svfprintf.o)
 .debug_abbrev  0x00001dd3      0x28e C:/ST/STM32CubeCLT_1.16.0/GNU-tools-for-STM32/bin/../lib/gcc/arm-none-eabi/12.3.1/../../../../arm-none-eabi/lib/thumb/v7e-m+fp/hard\libg_nano.a(libc_a-nano-vfprintf_i.o)
 .debug_abbrev  0x00002061       0xac C:/ST/STM32CubeCLT_1.16.0/GNU-tools-for-STM32/bin/../lib/gcc/arm-none-eabi/12.3.1/../../../../arm-none-eabi/lib/thumb/v7e-m+fp/hard\libg_nano.a(libc_a-memmove.o)
 .debug_abbrev  0x0000210d       0x14 C:/ST/STM32CubeCLT_1.16.0/GNU-tools-for-STM32/bin/../lib/gcc/arm-none-eabi/12.3.1/../../../../arm-none-eabi/lib/thumb/v7e-m+fp/hard\libg_nano.a(libc_a-memchr.o)
 .debug_abbrev  0x00002121       0xc1 C:/ST/STM32CubeCLT_1.16.0/GNU-tools-for-STM32/bin/../lib/gcc/arm-none-eabi/12.3.1/../../../../arm-none-eabi/lib/thumb/v7e-m+fp/hard\libg_nano.a(libc_a-memcpy-stub.o)
 .debug_abbrev  0x000021e2      0x217 C:/ST/STM32CubeCLT_1.16.0/GNU-tools-for-STM32/bin/../lib/gcc/arm-none-eabi/12.3.1/../../../../arm-none-eabi/lib/thumb/v7e-m+fp/hard\libg_nano.a(libc_a-reallocr.o)
 .debug_abbrev  0x000023f9      0x196 C:/ST/STM32CubeCLT_1.16.0/GNU-tools-for-STM32/bin/../lib/gcc/arm-none-eabi/12.3.1/../../../../arm-none-eabi/lib/thumb/v7e-m+fp/hard\libg_nano.a(libc_a-msizer.o)

.debug_aranges  0x00000000      0xae0
 .debug_aranges
                0x00000000       0x58 CMakeFiles/DigitalClock.dir/Core/Src/main.c.obj
 .debug_aranges
                0x00000058       0x80 CMakeFiles/DigitalClock.dir/Core/Src/stm32f4xx_it.c.obj
 .debug_aranges
                0x000000d8       0x30 CMakeFiles/DigitalClock.dir/Core/Src/stm32f4xx_hal_msp.c.obj
 .debug_aranges
                0x00000108      0x3d0 CMakeFiles/DigitalClock.dir/Drivers/STM32F4xx_HAL_Driver/Src/stm32f4xx_hal_tim.c.obj
 .debug_aranges
                0x000004d8      0x168 CMakeFiles/DigitalClock.dir/Drivers/STM32F4xx_HAL_Driver/Src/stm32f4xx_hal_tim_ex.c.obj
 .debug_aranges
                0x00000640       0x88 CMakeFiles/DigitalClock.dir/Drivers/STM32F4xx_HAL_Driver/Src/stm32f4xx_hal_rcc.c.obj
 .debug_aranges
                0x000006c8       0x58 CMakeFiles/DigitalClock.dir/Drivers/STM32F4xx_HAL_Driver/Src/stm32f4xx_hal_gpio.c.obj
 .debug_aranges
                0x00000720      0x120 CMakeFiles/DigitalClock.dir/Drivers/STM32F4xx_HAL_Driver/Src/stm32f4xx_hal_cortex.c.obj
 .debug_aranges
                0x00000840       0xf0 CMakeFiles/DigitalClock.dir/Drivers/STM32F4xx_HAL_Driver/Src/stm32f4xx_hal.c.obj
 .debug_aranges
                0x00000930       0x28 CMakeFiles/DigitalClock.dir/Core/Src/system_stm32f4xx.c.obj
 .debug_aranges
                0x00000958       0x20 CMakeFiles/DigitalClock.dir/Core/Src/sysmem.c.obj
 .debug_aranges
                0x00000978       0x28 CMakeFiles/DigitalClock.dir/startup_stm32f407xx.s.obj
 .debug_aranges
                0x000009a0       0x28 C:/ST/STM32CubeCLT_1.16.0/GNU-tools-for-STM32/bin/../lib/gcc/arm-none-eabi/12.3.1/../../../../arm-none-eabi/lib/thumb/v7e-m+fp/hard\libg_nano.a(libc_a-sprintf.o)
 .debug_aranges
                0x000009c8       0x20 C:/ST/STM32CubeCLT_1.16.0/GNU-tools-for-STM32/bin/../lib/gcc/arm-none-eabi/12.3.1/../../../../arm-none-eabi/lib/thumb/v7e-m+fp/hard\libg_nano.a(libc_a-errno.o)
 .debug_aranges
                0x000009e8       0x30 C:/ST/STM32CubeCLT_1.16.0/GNU-tools-for-STM32/bin/../lib/gcc/arm-none-eabi/12.3.1/../../../../arm-none-eabi/lib/thumb/v7e-m+fp/hard\libg_nano.a(libc_a-nano-svfprintf.o)
 .debug_aranges
                0x00000a18       0x28 C:/ST/STM32CubeCLT_1.16.0/GNU-tools-for-STM32/bin/../lib/gcc/arm-none-eabi/12.3.1/../../../../arm-none-eabi/lib/thumb/v7e-m+fp/hard\libg_nano.a(libc_a-nano-vfprintf_i.o)
 .debug_aranges
                0x00000a40       0x20 C:/ST/STM32CubeCLT_1.16.0/GNU-tools-for-STM32/bin/../lib/gcc/arm-none-eabi/12.3.1/../../../../arm-none-eabi/lib/thumb/v7e-m+fp/hard\libg_nano.a(libc_a-memmove.o)
 .debug_aranges
                0x00000a60       0x20 C:/ST/STM32CubeCLT_1.16.0/GNU-tools-for-STM32/bin/../lib/gcc/arm-none-eabi/12.3.1/../../../../arm-none-eabi/lib/thumb/v7e-m+fp/hard\libg_nano.a(libc_a-memchr.o)
 .debug_aranges
                0x00000a80       0x20 C:/ST/STM32CubeCLT_1.16.0/GNU-tools-for-STM32/bin/../lib/gcc/arm-none-eabi/12.3.1/../../../../arm-none-eabi/lib/thumb/v7e-m+fp/hard\libg_nano.a(libc_a-memcpy-stub.o)
 .debug_aranges
                0x00000aa0       0x20 C:/ST/STM32CubeCLT_1.16.0/GNU-tools-for-STM32/bin/../lib/gcc/arm-none-eabi/12.3.1/../../../../arm-none-eabi/lib/thumb/v7e-m+fp/hard\libg_nano.a(libc_a-reallocr.o)
 .debug_aranges
                0x00000ac0       0x20 C:/ST/STM32CubeCLT_1.16.0/GNU-tools-for-STM32/bin/../lib/gcc/arm-none-eabi/12.3.1/../../../../arm-none-eabi/lib/thumb/v7e-m+fp/hard\libg_nano.a(libc_a-msizer.o)

.debug_rnglists
                0x00000000      0x889
 .debug_rnglists
                0x00000000       0x40 CMakeFiles/DigitalClock.dir/Core/Src/main.c.obj
 .debug_rnglists
                0x00000040       0x5b CMakeFiles/DigitalClock.dir/Core/Src/stm32f4xx_it.c.obj
 .debug_rnglists
                0x0000009b       0x1f CMakeFiles/DigitalClock.dir/Core/Src/stm32f4xx_hal_msp.c.obj
 .debug_rnglists
                0x000000ba      0x31a CMakeFiles/DigitalClock.dir/Drivers/STM32F4xx_HAL_Driver/Src/stm32f4xx_hal_tim.c.obj
 .debug_rnglists
                0x000003d4      0x125 CMakeFiles/DigitalClock.dir/Drivers/STM32F4xx_HAL_Driver/Src/stm32f4xx_hal_tim_ex.c.obj
 .debug_rnglists
                0x000004f9       0x66 CMakeFiles/DigitalClock.dir/Drivers/STM32F4xx_HAL_Driver/Src/stm32f4xx_hal_rcc.c.obj
 .debug_rnglists
                0x0000055f       0x3f CMakeFiles/DigitalClock.dir/Drivers/STM32F4xx_HAL_Driver/Src/stm32f4xx_hal_gpio.c.obj
 .debug_rnglists
                0x0000059e       0xd4 CMakeFiles/DigitalClock.dir/Drivers/STM32F4xx_HAL_Driver/Src/stm32f4xx_hal_cortex.c.obj
 .debug_rnglists
                0x00000672       0xaf CMakeFiles/DigitalClock.dir/Drivers/STM32F4xx_HAL_Driver/Src/stm32f4xx_hal.c.obj
 .debug_rnglists
                0x00000721       0x1a CMakeFiles/DigitalClock.dir/Core/Src/system_stm32f4xx.c.obj
 .debug_rnglists
                0x0000073b       0x13 CMakeFiles/DigitalClock.dir/Core/Src/sysmem.c.obj
 .debug_rnglists
                0x0000074e       0x19 CMakeFiles/DigitalClock.dir/startup_stm32f407xx.s.obj
 .debug_rnglists
                0x00000767       0x19 C:/ST/STM32CubeCLT_1.16.0/GNU-tools-for-STM32/bin/../lib/gcc/arm-none-eabi/12.3.1/../../../../arm-none-eabi/lib/thumb/v7e-m+fp/hard\libg_nano.a(libc_a-sprintf.o)
 .debug_rnglists
                0x00000780       0x13 C:/ST/STM32CubeCLT_1.16.0/GNU-tools-for-STM32/bin/../lib/gcc/arm-none-eabi/12.3.1/../../../../arm-none-eabi/lib/thumb/v7e-m+fp/hard\libg_nano.a(libc_a-errno.o)
 .debug_rnglists
                0x00000793       0x44 C:/ST/STM32CubeCLT_1.16.0/GNU-tools-for-STM32/bin/../lib/gcc/arm-none-eabi/12.3.1/../../../../arm-none-eabi/lib/thumb/v7e-m+fp/hard\libg_nano.a(libc_a-nano-svfprintf.o)
 .debug_rnglists
                0x000007d7       0x66 C:/ST/STM32CubeCLT_1.16.0/GNU-tools-for-STM32/bin/../lib/gcc/arm-none-eabi/12.3.1/../../../../arm-none-eabi/lib/thumb/v7e-m+fp/hard\libg_nano.a(libc_a-nano-vfprintf_i.o)
 .debug_rnglists
                0x0000083d       0x13 C:/ST/STM32CubeCLT_1.16.0/GNU-tools-for-STM32/bin/../lib/gcc/arm-none-eabi/12.3.1/../../../../arm-none-eabi/lib/thumb/v7e-m+fp/hard\libg_nano.a(libc_a-memmove.o)
 .debug_rnglists
                0x00000850       0x13 C:/ST/STM32CubeCLT_1.16.0/GNU-tools-for-STM32/bin/../lib/gcc/arm-none-eabi/12.3.1/../../../../arm-none-eabi/lib/thumb/v7e-m+fp/hard\libg_nano.a(libc_a-memcpy-stub.o)
 .debug_rnglists
                0x00000863       0x13 C:/ST/STM32CubeCLT_1.16.0/GNU-tools-for-STM32/bin/../lib/gcc/arm-none-eabi/12.3.1/../../../../arm-none-eabi/lib/thumb/v7e-m+fp/hard\libg_nano.a(libc_a-reallocr.o)
 .debug_rnglists
                0x00000876       0x13 C:/ST/STM32CubeCLT_1.16.0/GNU-tools-for-STM32/bin/../lib/gcc/arm-none-eabi/12.3.1/../../../../arm-none-eabi/lib/thumb/v7e-m+fp/hard\libg_nano.a(libc_a-msizer.o)

.debug_macro    0x00000000    0x2053a
 .debug_macro   0x00000000      0x1e0 CMakeFiles/DigitalClock.dir/Core/Src/main.c.obj
 .debug_macro   0x000001e0      0xab4 CMakeFiles/DigitalClock.dir/Core/Src/main.c.obj
 .debug_macro   0x00000c94      0x295 CMakeFiles/DigitalClock.dir/Core/Src/main.c.obj
 .debug_macro   0x00000f29       0x2e CMakeFiles/DigitalClock.dir/Core/Src/main.c.obj
 .debug_macro   0x00000f57       0x2f CMakeFiles/DigitalClock.dir/Core/Src/main.c.obj
 .debug_macro   0x00000f86       0x22 CMakeFiles/DigitalClock.dir/Core/Src/main.c.obj
 .debug_macro   0x00000fa8       0x8e CMakeFiles/DigitalClock.dir/Core/Src/main.c.obj
 .debug_macro   0x00001036       0x51 CMakeFiles/DigitalClock.dir/Core/Src/main.c.obj
 .debug_macro   0x00001087      0x103 CMakeFiles/DigitalClock.dir/Core/Src/main.c.obj
 .debug_macro   0x0000118a       0x6a CMakeFiles/DigitalClock.dir/Core/Src/main.c.obj
 .debug_macro   0x000011f4      0x1df CMakeFiles/DigitalClock.dir/Core/Src/main.c.obj
 .debug_macro   0x000013d3       0x1c CMakeFiles/DigitalClock.dir/Core/Src/main.c.obj
 .debug_macro   0x000013ef       0x22 CMakeFiles/DigitalClock.dir/Core/Src/main.c.obj
 .debug_macro   0x00001411       0xfb CMakeFiles/DigitalClock.dir/Core/Src/main.c.obj
 .debug_macro   0x0000150c     0x1011 CMakeFiles/DigitalClock.dir/Core/Src/main.c.obj
 .debug_macro   0x0000251d      0x11f CMakeFiles/DigitalClock.dir/Core/Src/main.c.obj
 .debug_macro   0x0000263c    0x15e97 CMakeFiles/DigitalClock.dir/Core/Src/main.c.obj
 .debug_macro   0x000184d3       0x6d CMakeFiles/DigitalClock.dir/Core/Src/main.c.obj
 .debug_macro   0x00018540     0x368c CMakeFiles/DigitalClock.dir/Core/Src/main.c.obj
 .debug_macro   0x0001bbcc      0x189 CMakeFiles/DigitalClock.dir/Core/Src/main.c.obj
 .debug_macro   0x0001bd55       0x5c CMakeFiles/DigitalClock.dir/Core/Src/main.c.obj
 .debug_macro   0x0001bdb1      0x980 CMakeFiles/DigitalClock.dir/Core/Src/main.c.obj
 .debug_macro   0x0001c731      0x9e9 CMakeFiles/DigitalClock.dir/Core/Src/main.c.obj
 .debug_macro   0x0001d11a      0x115 CMakeFiles/DigitalClock.dir/Core/Src/main.c.obj
 .debug_macro   0x0001d22f      0x13e CMakeFiles/DigitalClock.dir/Core/Src/main.c.obj
 .debug_macro   0x0001d36d       0xa5 CMakeFiles/DigitalClock.dir/Core/Src/main.c.obj
 .debug_macro   0x0001d412      0x174 CMakeFiles/DigitalClock.dir/Core/Src/main.c.obj
 .debug_macro   0x0001d586      0x287 CMakeFiles/DigitalClock.dir/Core/Src/main.c.obj
 .debug_macro   0x0001d80d       0x5f CMakeFiles/DigitalClock.dir/Core/Src/main.c.obj
 .debug_macro   0x0001d86c      0x236 CMakeFiles/DigitalClock.dir/Core/Src/main.c.obj
 .debug_macro   0x0001daa2      0x12c CMakeFiles/DigitalClock.dir/Core/Src/main.c.obj
 .debug_macro   0x0001dbce      0x21e CMakeFiles/DigitalClock.dir/Core/Src/main.c.obj
 .debug_macro   0x0001ddec       0x2e CMakeFiles/DigitalClock.dir/Core/Src/main.c.obj
 .debug_macro   0x0001de1a      0x127 CMakeFiles/DigitalClock.dir/Core/Src/main.c.obj
 .debug_macro   0x0001df41       0x7e CMakeFiles/DigitalClock.dir/Core/Src/main.c.obj
 .debug_macro   0x0001dfbf       0x89 CMakeFiles/DigitalClock.dir/Core/Src/main.c.obj
 .debug_macro   0x0001e048      0x8ed CMakeFiles/DigitalClock.dir/Core/Src/main.c.obj
 .debug_macro   0x0001e935       0x4d CMakeFiles/DigitalClock.dir/Core/Src/main.c.obj
 .debug_macro   0x0001e982      0x12d CMakeFiles/DigitalClock.dir/Core/Src/main.c.obj
 .debug_macro   0x0001eaaf      0x1a2 CMakeFiles/DigitalClock.dir/Core/Src/main.c.obj
 .debug_macro   0x0001ec51       0x5e CMakeFiles/DigitalClock.dir/Core/Src/main.c.obj
 .debug_macro   0x0001ecaf      0x1d8 CMakeFiles/DigitalClock.dir/Core/Src/stm32f4xx_it.c.obj
 .debug_macro   0x0001ee87      0x1ce CMakeFiles/DigitalClock.dir/Core/Src/stm32f4xx_hal_msp.c.obj
 .debug_macro   0x0001f055      0x1c5 CMakeFiles/DigitalClock.dir/Drivers/STM32F4xx_HAL_Driver/Src/stm32f4xx_hal_tim.c.obj
 .debug_macro   0x0001f21a      0x1c4 CMakeFiles/DigitalClock.dir/Drivers/STM32F4xx_HAL_Driver/Src/stm32f4xx_hal_tim_ex.c.obj
 .debug_macro   0x0001f3de      0x1e8 CMakeFiles/DigitalClock.dir/Drivers/STM32F4xx_HAL_Driver/Src/stm32f4xx_hal_rcc.c.obj
 .debug_macro   0x0001f5c6      0x1ca CMakeFiles/DigitalClock.dir/Drivers/STM32F4xx_HAL_Driver/Src/stm32f4xx_hal_gpio.c.obj
 .debug_macro   0x0001f790      0x1c4 CMakeFiles/DigitalClock.dir/Drivers/STM32F4xx_HAL_Driver/Src/stm32f4xx_hal_cortex.c.obj
 .debug_macro   0x0001f954      0x224 CMakeFiles/DigitalClock.dir/Drivers/STM32F4xx_HAL_Driver/Src/stm32f4xx_hal.c.obj
 .debug_macro   0x0001fb78      0x1c4 CMakeFiles/DigitalClock.dir/Core/Src/system_stm32f4xx.c.obj
 .debug_macro   0x0001fd3c       0xec CMakeFiles/DigitalClock.dir/Core/Src/sysmem.c.obj
 .debug_macro   0x0001fe28       0x10 CMakeFiles/DigitalClock.dir/Core/Src/sysmem.c.obj
 .debug_macro   0x0001fe38       0x6e CMakeFiles/DigitalClock.dir/Core/Src/sysmem.c.obj
 .debug_macro   0x0001fea6       0x2a CMakeFiles/DigitalClock.dir/Core/Src/sysmem.c.obj
 .debug_macro   0x0001fed0       0x94 CMakeFiles/DigitalClock.dir/Core/Src/sysmem.c.obj
 .debug_macro   0x0001ff64       0x3c CMakeFiles/DigitalClock.dir/Core/Src/sysmem.c.obj
 .debug_macro   0x0001ffa0       0x34 CMakeFiles/DigitalClock.dir/Core/Src/sysmem.c.obj
 .debug_macro   0x0001ffd4       0x16 CMakeFiles/DigitalClock.dir/Core/Src/sysmem.c.obj
 .debug_macro   0x0001ffea       0x43 CMakeFiles/DigitalClock.dir/Core/Src/sysmem.c.obj
 .debug_macro   0x0002002d       0x57 CMakeFiles/DigitalClock.dir/Core/Src/sysmem.c.obj
 .debug_macro   0x00020084       0x34 CMakeFiles/DigitalClock.dir/Core/Src/sysmem.c.obj
 .debug_macro   0x000200b8       0x10 CMakeFiles/DigitalClock.dir/Core/Src/sysmem.c.obj
 .debug_macro   0x000200c8       0x58 CMakeFiles/DigitalClock.dir/Core/Src/sysmem.c.obj
 .debug_macro   0x00020120      0x1de CMakeFiles/DigitalClock.dir/Core/Src/sysmem.c.obj
 .debug_macro   0x000202fe      0x23c CMakeFiles/DigitalClock.dir/Core/Src/sysmem.c.obj

.debug_line     0x00000000     0xc223
 .debug_line    0x00000000      0x8e0 CMakeFiles/DigitalClock.dir/Core/Src/main.c.obj
 .debug_line    0x000008e0      0x83e CMakeFiles/DigitalClock.dir/Core/Src/stm32f4xx_it.c.obj
 .debug_line    0x0000111e      0x754 CMakeFiles/DigitalClock.dir/Core/Src/stm32f4xx_hal_msp.c.obj
 .debug_line    0x00001872     0x37ac CMakeFiles/DigitalClock.dir/Drivers/STM32F4xx_HAL_Driver/Src/stm32f4xx_hal_tim.c.obj
 .debug_line    0x0000501e     0x19fe CMakeFiles/DigitalClock.dir/Drivers/STM32F4xx_HAL_Driver/Src/stm32f4xx_hal_tim_ex.c.obj
 .debug_line    0x00006a1c      0xd7b CMakeFiles/DigitalClock.dir/Drivers/STM32F4xx_HAL_Driver/Src/stm32f4xx_hal_rcc.c.obj
 .debug_line    0x00007797      0xb94 CMakeFiles/DigitalClock.dir/Drivers/STM32F4xx_HAL_Driver/Src/stm32f4xx_hal_gpio.c.obj
 .debug_line    0x0000832b      0xcd0 CMakeFiles/DigitalClock.dir/Drivers/STM32F4xx_HAL_Driver/Src/stm32f4xx_hal_cortex.c.obj
 .debug_line    0x00008ffb      0xa08 CMakeFiles/DigitalClock.dir/Drivers/STM32F4xx_HAL_Driver/Src/stm32f4xx_hal.c.obj
 .debug_line    0x00009a03      0x79f CMakeFiles/DigitalClock.dir/Core/Src/system_stm32f4xx.c.obj
 .debug_line    0x0000a1a2      0x349 CMakeFiles/DigitalClock.dir/Core/Src/sysmem.c.obj
 .debug_line    0x0000a4eb       0x7a CMakeFiles/DigitalClock.dir/startup_stm32f407xx.s.obj
 .debug_line    0x0000a565      0x2b0 C:/ST/STM32CubeCLT_1.16.0/GNU-tools-for-STM32/bin/../lib/gcc/arm-none-eabi/12.3.1/../../../../arm-none-eabi/lib/thumb/v7e-m+fp/hard\libg_nano.a(libc_a-sprintf.o)
 .debug_line    0x0000a815      0x185 C:/ST/STM32CubeCLT_1.16.0/GNU-tools-for-STM32/bin/../lib/gcc/arm-none-eabi/12.3.1/../../../../arm-none-eabi/lib/thumb/v7e-m+fp/hard\libg_nano.a(libc_a-errno.o)
 .debug_line    0x0000a99a      0x882 C:/ST/STM32CubeCLT_1.16.0/GNU-tools-for-STM32/bin/../lib/gcc/arm-none-eabi/12.3.1/../../../../arm-none-eabi/lib/thumb/v7e-m+fp/hard\libg_nano.a(libc_a-nano-svfprintf.o)
 .debug_line    0x0000b21c      0x74c C:/ST/STM32CubeCLT_1.16.0/GNU-tools-for-STM32/bin/../lib/gcc/arm-none-eabi/12.3.1/../../../../arm-none-eabi/lib/thumb/v7e-m+fp/hard\libg_nano.a(libc_a-nano-vfprintf_i.o)
 .debug_line    0x0000b968      0x1bc C:/ST/STM32CubeCLT_1.16.0/GNU-tools-for-STM32/bin/../lib/gcc/arm-none-eabi/12.3.1/../../../../arm-none-eabi/lib/thumb/v7e-m+fp/hard\libg_nano.a(libc_a-memmove.o)
 .debug_line    0x0000bb24       0x84 C:/ST/STM32CubeCLT_1.16.0/GNU-tools-for-STM32/bin/../lib/gcc/arm-none-eabi/12.3.1/../../../../arm-none-eabi/lib/thumb/v7e-m+fp/hard\libg_nano.a(libc_a-memchr.o)
 .debug_line    0x0000bba8      0x202 C:/ST/STM32CubeCLT_1.16.0/GNU-tools-for-STM32/bin/../lib/gcc/arm-none-eabi/12.3.1/../../../../arm-none-eabi/lib/thumb/v7e-m+fp/hard\libg_nano.a(libc_a-memcpy-stub.o)
 .debug_line    0x0000bdaa      0x274 C:/ST/STM32CubeCLT_1.16.0/GNU-tools-for-STM32/bin/../lib/gcc/arm-none-eabi/12.3.1/../../../../arm-none-eabi/lib/thumb/v7e-m+fp/hard\libg_nano.a(libc_a-reallocr.o)
 .debug_line    0x0000c01e      0x205 C:/ST/STM32CubeCLT_1.16.0/GNU-tools-for-STM32/bin/../lib/gcc/arm-none-eabi/12.3.1/../../../../arm-none-eabi/lib/thumb/v7e-m+fp/hard\libg_nano.a(libc_a-msizer.o)

.debug_str      0x00000000    0xc7fc4
 .debug_str     0x00000000    0xc36da CMakeFiles/DigitalClock.dir/Core/Src/main.c.obj
                              0xc3a38 (size before relaxing)
 .debug_str     0x000c36da      0x16c CMakeFiles/DigitalClock.dir/Core/Src/stm32f4xx_it.c.obj
                              0xc2557 (size before relaxing)
 .debug_str     0x000c3846       0xa2 CMakeFiles/DigitalClock.dir/Core/Src/stm32f4xx_hal_msp.c.obj
                              0xc2a6e (size before relaxing)
 .debug_str     0x000c38e8      0xe79 CMakeFiles/DigitalClock.dir/Drivers/STM32F4xx_HAL_Driver/Src/stm32f4xx_hal_tim.c.obj
                              0xc3445 (size before relaxing)
 .debug_str     0x000c4761      0x4bf CMakeFiles/DigitalClock.dir/Drivers/STM32F4xx_HAL_Driver/Src/stm32f4xx_hal_tim_ex.c.obj
                              0xc2c51 (size before relaxing)
 .debug_str     0x000c4c20      0x2ed CMakeFiles/DigitalClock.dir/Drivers/STM32F4xx_HAL_Driver/Src/stm32f4xx_hal_rcc.c.obj
                              0xc24ef (size before relaxing)
 .debug_str     0x000c4f0d      0x113 CMakeFiles/DigitalClock.dir/Drivers/STM32F4xx_HAL_Driver/Src/stm32f4xx_hal_gpio.c.obj
                              0xc2236 (size before relaxing)
 .debug_str     0x000c5020      0x3fb CMakeFiles/DigitalClock.dir/Drivers/STM32F4xx_HAL_Driver/Src/stm32f4xx_hal_cortex.c.obj
                              0xc2989 (size before relaxing)
 .debug_str     0x000c541b      0x5aa CMakeFiles/DigitalClock.dir/Drivers/STM32F4xx_HAL_Driver/Src/stm32f4xx_hal.c.obj
                              0xc2c3f (size before relaxing)
 .debug_str     0x000c59c5       0x76 CMakeFiles/DigitalClock.dir/Core/Src/system_stm32f4xx.c.obj
                              0xc20bb (size before relaxing)
 .debug_str     0x000c5a3b     0x1a85 CMakeFiles/DigitalClock.dir/Core/Src/sysmem.c.obj
                               0x5ae6 (size before relaxing)
 .debug_str     0x000c74c0       0x61 CMakeFiles/DigitalClock.dir/startup_stm32f407xx.s.obj
                                 0x9f (size before relaxing)
 .debug_str     0x000c7521      0x471 C:/ST/STM32CubeCLT_1.16.0/GNU-tools-for-STM32/bin/../lib/gcc/arm-none-eabi/12.3.1/../../../../arm-none-eabi/lib/thumb/v7e-m+fp/hard\libg_nano.a(libc_a-sprintf.o)
                                0x570 (size before relaxing)
 .debug_str     0x000c7992       0x58 C:/ST/STM32CubeCLT_1.16.0/GNU-tools-for-STM32/bin/../lib/gcc/arm-none-eabi/12.3.1/../../../../arm-none-eabi/lib/thumb/v7e-m+fp/hard\libg_nano.a(libc_a-errno.o)
                                0x52b (size before relaxing)
 .debug_str     0x000c79ea      0x2bf C:/ST/STM32CubeCLT_1.16.0/GNU-tools-for-STM32/bin/../lib/gcc/arm-none-eabi/12.3.1/../../../../arm-none-eabi/lib/thumb/v7e-m+fp/hard\libg_nano.a(libc_a-nano-svfprintf.o)
                                0x87a (size before relaxing)
 .debug_str     0x000c7ca9       0xba C:/ST/STM32CubeCLT_1.16.0/GNU-tools-for-STM32/bin/../lib/gcc/arm-none-eabi/12.3.1/../../../../arm-none-eabi/lib/thumb/v7e-m+fp/hard\libg_nano.a(libc_a-nano-vfprintf_i.o)
                                0x810 (size before relaxing)
 .debug_str     0x000c7d63       0x74 C:/ST/STM32CubeCLT_1.16.0/GNU-tools-for-STM32/bin/../lib/gcc/arm-none-eabi/12.3.1/../../../../arm-none-eabi/lib/thumb/v7e-m+fp/hard\libg_nano.a(libc_a-memmove.o)
                                0x22c (size before relaxing)
 .debug_str     0x000c7dd7       0x5f C:/ST/STM32CubeCLT_1.16.0/GNU-tools-for-STM32/bin/../lib/gcc/arm-none-eabi/12.3.1/../../../../arm-none-eabi/lib/thumb/v7e-m+fp/hard\libg_nano.a(libc_a-memchr.o)
                                 0xe2 (size before relaxing)
 .debug_str     0x000c7e36       0x78 C:/ST/STM32CubeCLT_1.16.0/GNU-tools-for-STM32/bin/../lib/gcc/arm-none-eabi/12.3.1/../../../../arm-none-eabi/lib/thumb/v7e-m+fp/hard\libg_nano.a(libc_a-memcpy-stub.o)
                                0x22f (size before relaxing)
 .debug_str     0x000c7eae       0xad C:/ST/STM32CubeCLT_1.16.0/GNU-tools-for-STM32/bin/../lib/gcc/arm-none-eabi/12.3.1/../../../../arm-none-eabi/lib/thumb/v7e-m+fp/hard\libg_nano.a(libc_a-reallocr.o)
                                0x5a7 (size before relaxing)
 .debug_str     0x000c7f5b       0x69 C:/ST/STM32CubeCLT_1.16.0/GNU-tools-for-STM32/bin/../lib/gcc/arm-none-eabi/12.3.1/../../../../arm-none-eabi/lib/thumb/v7e-m+fp/hard\libg_nano.a(libc_a-msizer.o)
                                0x57a (size before relaxing)

.comment        0x00000000       0x43
 .comment       0x00000000       0x43 CMakeFiles/DigitalClock.dir/Core/Src/main.c.obj
                                 0x44 (size before relaxing)
 .comment       0x00000043       0x44 CMakeFiles/DigitalClock.dir/Core/Src/stm32f4xx_it.c.obj
 .comment       0x00000043       0x44 CMakeFiles/DigitalClock.dir/Core/Src/stm32f4xx_hal_msp.c.obj
 .comment       0x00000043       0x44 CMakeFiles/DigitalClock.dir/Drivers/STM32F4xx_HAL_Driver/Src/stm32f4xx_hal_tim.c.obj
 .comment       0x00000043       0x44 CMakeFiles/DigitalClock.dir/Drivers/STM32F4xx_HAL_Driver/Src/stm32f4xx_hal_tim_ex.c.obj
 .comment       0x00000043       0x44 CMakeFiles/DigitalClock.dir/Drivers/STM32F4xx_HAL_Driver/Src/stm32f4xx_hal_rcc.c.obj
 .comment       0x00000043       0x44 CMakeFiles/DigitalClock.dir/Drivers/STM32F4xx_HAL_Driver/Src/stm32f4xx_hal_gpio.c.obj
 .comment       0x00000043       0x44 CMakeFiles/DigitalClock.dir/Drivers/STM32F4xx_HAL_Driver/Src/stm32f4xx_hal_cortex.c.obj
 .comment       0x00000043       0x44 CMakeFiles/DigitalClock.dir/Drivers/STM32F4xx_HAL_Driver/Src/stm32f4xx_hal.c.obj
 .comment       0x00000043       0x44 CMakeFiles/DigitalClock.dir/Core/Src/system_stm32f4xx.c.obj
 .comment       0x00000043       0x44 CMakeFiles/DigitalClock.dir/Core/Src/sysmem.c.obj
 .comment       0x00000043       0x44 C:/ST/STM32CubeCLT_1.16.0/GNU-tools-for-STM32/bin/../lib/gcc/arm-none-eabi/12.3.1/../../../../arm-none-eabi/lib/thumb/v7e-m+fp/hard\libg_nano.a(libc_a-sprintf.o)
 .comment       0x00000043       0x44 C:/ST/STM32CubeCLT_1.16.0/GNU-tools-for-STM32/bin/../lib/gcc/arm-none-eabi/12.3.1/../../../../arm-none-eabi/lib/thumb/v7e-m+fp/hard\libg_nano.a(libc_a-errno.o)
 .comment       0x00000043       0x44 C:/ST/STM32CubeCLT_1.16.0/GNU-tools-for-STM32/bin/../lib/gcc/arm-none-eabi/12.3.1/../../../../arm-none-eabi/lib/thumb/v7e-m+fp/hard\libg_nano.a(libc_a-nano-svfprintf.o)
 .comment       0x00000043       0x44 C:/ST/STM32CubeCLT_1.16.0/GNU-tools-for-STM32/bin/../lib/gcc/arm-none-eabi/12.3.1/../../../../arm-none-eabi/lib/thumb/v7e-m+fp/hard\libg_nano.a(libc_a-nano-vfprintf_i.o)
 .comment       0x00000043       0x44 C:/ST/STM32CubeCLT_1.16.0/GNU-tools-for-STM32/bin/../lib/gcc/arm-none-eabi/12.3.1/../../../../arm-none-eabi/lib/thumb/v7e-m+fp/hard\libg_nano.a(libc_a-memmove.o)
 .comment       0x00000043       0x44 C:/ST/STM32CubeCLT_1.16.0/GNU-tools-for-STM32/bin/../lib/gcc/arm-none-eabi/12.3.1/../../../../arm-none-eabi/lib/thumb/v7e-m+fp/hard\libg_nano.a(libc_a-memcpy-stub.o)
 .comment       0x00000043       0x44 C:/ST/STM32CubeCLT_1.16.0/GNU-tools-for-STM32/bin/../lib/gcc/arm-none-eabi/12.3.1/../../../../arm-none-eabi/lib/thumb/v7e-m+fp/hard\libg_nano.a(libc_a-reallocr.o)
 .comment       0x00000043       0x44 C:/ST/STM32CubeCLT_1.16.0/GNU-tools-for-STM32/bin/../lib/gcc/arm-none-eabi/12.3.1/../../../../arm-none-eabi/lib/thumb/v7e-m+fp/hard\libg_nano.a(libc_a-msizer.o)

.debug_line_str
                0x00000000      0x157
 .debug_line_str
                0x00000000       0x83 CMakeFiles/DigitalClock.dir/startup_stm32f407xx.s.obj
 .debug_line_str
                0x00000083       0xd4 C:/ST/STM32CubeCLT_1.16.0/GNU-tools-for-STM32/bin/../lib/gcc/arm-none-eabi/12.3.1/../../../../arm-none-eabi/lib/thumb/v7e-m+fp/hard\libg_nano.a(libc_a-memchr.o)

.debug_loclists
                0x00000000      0xc2a
 .debug_loclists
                0x00000000       0x89 C:/ST/STM32CubeCLT_1.16.0/GNU-tools-for-STM32/bin/../lib/gcc/arm-none-eabi/12.3.1/../../../../arm-none-eabi/lib/thumb/v7e-m+fp/hard\libg_nano.a(libc_a-sprintf.o)
 .debug_loclists
                0x00000089      0x47b C:/ST/STM32CubeCLT_1.16.0/GNU-tools-for-STM32/bin/../lib/gcc/arm-none-eabi/12.3.1/../../../../arm-none-eabi/lib/thumb/v7e-m+fp/hard\libg_nano.a(libc_a-nano-svfprintf.o)
 .debug_loclists
                0x00000504      0x408 C:/ST/STM32CubeCLT_1.16.0/GNU-tools-for-STM32/bin/../lib/gcc/arm-none-eabi/12.3.1/../../../../arm-none-eabi/lib/thumb/v7e-m+fp/hard\libg_nano.a(libc_a-nano-vfprintf_i.o)
 .debug_loclists
                0x0000090c      0x130 C:/ST/STM32CubeCLT_1.16.0/GNU-tools-for-STM32/bin/../lib/gcc/arm-none-eabi/12.3.1/../../../../arm-none-eabi/lib/thumb/v7e-m+fp/hard\libg_nano.a(libc_a-memmove.o)
 .debug_loclists
                0x00000a3c       0x8f C:/ST/STM32CubeCLT_1.16.0/GNU-tools-for-STM32/bin/../lib/gcc/arm-none-eabi/12.3.1/../../../../arm-none-eabi/lib/thumb/v7e-m+fp/hard\libg_nano.a(libc_a-memcpy-stub.o)
 .debug_loclists
                0x00000acb       0xfd C:/ST/STM32CubeCLT_1.16.0/GNU-tools-for-STM32/bin/../lib/gcc/arm-none-eabi/12.3.1/../../../../arm-none-eabi/lib/thumb/v7e-m+fp/hard\libg_nano.a(libc_a-reallocr.o)
 .debug_loclists
                0x00000bc8       0x62 C:/ST/STM32CubeCLT_1.16.0/GNU-tools-for-STM32/bin/../lib/gcc/arm-none-eabi/12.3.1/../../../../arm-none-eabi/lib/thumb/v7e-m+fp/hard\libg_nano.a(libc_a-msizer.o)
