Archive member included to satisfy reference by file (symbol)

C:/ST/STM32CubeCLT_1.16.0/GNU-tools-for-STM32/bin/../lib/gcc/arm-none-eabi/12.3.1/../../../../arm-none-eabi/lib/thumb/v7e-m+fp/hard\libc_nano.a(libc_a-exit.o)
                              C:/ST/STM32CubeCLT_1.16.0/GNU-tools-for-STM32/bin/../lib/gcc/arm-none-eabi/12.3.1/../../../../arm-none-eabi/lib/thumb/v7e-m+fp/hard/crt0.o (exit)
C:/ST/STM32CubeCLT_1.16.0/GNU-tools-for-STM32/bin/../lib/gcc/arm-none-eabi/12.3.1/../../../../arm-none-eabi/lib/thumb/v7e-m+fp/hard\libc_nano.a(libc_a-findfp.o)
                              C:/ST/STM32CubeCLT_1.16.0/GNU-tools-for-STM32/bin/../lib/gcc/arm-none-eabi/12.3.1/../../../../arm-none-eabi/lib/thumb/v7e-m+fp/hard\libc_nano.a(libc_a-exit.o) (__stdio_exit_handler)
C:/ST/STM32CubeCLT_1.16.0/GNU-tools-for-STM32/bin/../lib/gcc/arm-none-eabi/12.3.1/../../../../arm-none-eabi/lib/thumb/v7e-m+fp/hard\libc_nano.a(libc_a-fwalk.o)
                              C:/ST/STM32CubeCLT_1.16.0/GNU-tools-for-STM32/bin/../lib/gcc/arm-none-eabi/12.3.1/../../../../arm-none-eabi/lib/thumb/v7e-m+fp/hard\libc_nano.a(libc_a-findfp.o) (_fwalk_sglue)
C:/ST/STM32CubeCLT_1.16.0/GNU-tools-for-STM32/bin/../lib/gcc/arm-none-eabi/12.3.1/../../../../arm-none-eabi/lib/thumb/v7e-m+fp/hard\libc_nano.a(libc_a-stdio.o)
                              C:/ST/STM32CubeCLT_1.16.0/GNU-tools-for-STM32/bin/../lib/gcc/arm-none-eabi/12.3.1/../../../../arm-none-eabi/lib/thumb/v7e-m+fp/hard\libc_nano.a(libc_a-findfp.o) (__sread)
C:/ST/STM32CubeCLT_1.16.0/GNU-tools-for-STM32/bin/../lib/gcc/arm-none-eabi/12.3.1/../../../../arm-none-eabi/lib/thumb/v7e-m+fp/hard\libc_nano.a(libc_a-memset.o)
                              C:/ST/STM32CubeCLT_1.16.0/GNU-tools-for-STM32/bin/../lib/gcc/arm-none-eabi/12.3.1/../../../../arm-none-eabi/lib/thumb/v7e-m+fp/hard/crt0.o (memset)
C:/ST/STM32CubeCLT_1.16.0/GNU-tools-for-STM32/bin/../lib/gcc/arm-none-eabi/12.3.1/../../../../arm-none-eabi/lib/thumb/v7e-m+fp/hard\libc_nano.a(libc_a-closer.o)
                              C:/ST/STM32CubeCLT_1.16.0/GNU-tools-for-STM32/bin/../lib/gcc/arm-none-eabi/12.3.1/../../../../arm-none-eabi/lib/thumb/v7e-m+fp/hard\libc_nano.a(libc_a-stdio.o) (_close_r)
C:/ST/STM32CubeCLT_1.16.0/GNU-tools-for-STM32/bin/../lib/gcc/arm-none-eabi/12.3.1/../../../../arm-none-eabi/lib/thumb/v7e-m+fp/hard\libc_nano.a(libc_a-reent.o)
                              C:/ST/STM32CubeCLT_1.16.0/GNU-tools-for-STM32/bin/../lib/gcc/arm-none-eabi/12.3.1/../../../../arm-none-eabi/lib/thumb/v7e-m+fp/hard\libc_nano.a(libc_a-closer.o) (errno)
C:/ST/STM32CubeCLT_1.16.0/GNU-tools-for-STM32/bin/../lib/gcc/arm-none-eabi/12.3.1/../../../../arm-none-eabi/lib/thumb/v7e-m+fp/hard\libc_nano.a(libc_a-impure.o)
                              C:/ST/STM32CubeCLT_1.16.0/GNU-tools-for-STM32/bin/../lib/gcc/arm-none-eabi/12.3.1/../../../../arm-none-eabi/lib/thumb/v7e-m+fp/hard\libc_nano.a(libc_a-reent.o) (_impure_ptr)
C:/ST/STM32CubeCLT_1.16.0/GNU-tools-for-STM32/bin/../lib/gcc/arm-none-eabi/12.3.1/../../../../arm-none-eabi/lib/thumb/v7e-m+fp/hard\libc_nano.a(libc_a-lseekr.o)
                              C:/ST/STM32CubeCLT_1.16.0/GNU-tools-for-STM32/bin/../lib/gcc/arm-none-eabi/12.3.1/../../../../arm-none-eabi/lib/thumb/v7e-m+fp/hard\libc_nano.a(libc_a-stdio.o) (_lseek_r)
C:/ST/STM32CubeCLT_1.16.0/GNU-tools-for-STM32/bin/../lib/gcc/arm-none-eabi/12.3.1/../../../../arm-none-eabi/lib/thumb/v7e-m+fp/hard\libc_nano.a(libc_a-readr.o)
                              C:/ST/STM32CubeCLT_1.16.0/GNU-tools-for-STM32/bin/../lib/gcc/arm-none-eabi/12.3.1/../../../../arm-none-eabi/lib/thumb/v7e-m+fp/hard\libc_nano.a(libc_a-stdio.o) (_read_r)
C:/ST/STM32CubeCLT_1.16.0/GNU-tools-for-STM32/bin/../lib/gcc/arm-none-eabi/12.3.1/../../../../arm-none-eabi/lib/thumb/v7e-m+fp/hard\libc_nano.a(libc_a-writer.o)
                              C:/ST/STM32CubeCLT_1.16.0/GNU-tools-for-STM32/bin/../lib/gcc/arm-none-eabi/12.3.1/../../../../arm-none-eabi/lib/thumb/v7e-m+fp/hard\libc_nano.a(libc_a-stdio.o) (_write_r)
C:/ST/STM32CubeCLT_1.16.0/GNU-tools-for-STM32/bin/../lib/gcc/arm-none-eabi/12.3.1/../../../../arm-none-eabi/lib/thumb/v7e-m+fp/hard\libc_nano.a(libc_a-init.o)
                              C:/ST/STM32CubeCLT_1.16.0/GNU-tools-for-STM32/bin/../lib/gcc/arm-none-eabi/12.3.1/../../../../arm-none-eabi/lib/thumb/v7e-m+fp/hard/crt0.o (__libc_init_array)
C:/ST/STM32CubeCLT_1.16.0/GNU-tools-for-STM32/bin/../lib/gcc/arm-none-eabi/12.3.1/../../../../arm-none-eabi/lib/thumb/v7e-m+fp/hard\libc_nano.a(libc_a-lock.o)
                              C:/ST/STM32CubeCLT_1.16.0/GNU-tools-for-STM32/bin/../lib/gcc/arm-none-eabi/12.3.1/../../../../arm-none-eabi/lib/thumb/v7e-m+fp/hard\libc_nano.a(libc_a-findfp.o) (__retarget_lock_init_recursive)
C:/ST/STM32CubeCLT_1.16.0/GNU-tools-for-STM32/bin/../lib/gcc/arm-none-eabi/12.3.1/../../../../arm-none-eabi/lib/thumb/v7e-m+fp/hard\libc_nano.a(libc_a-freer.o)
[...]
Memory Configuration

Name             Origin             Length             Attributes
RAM              0x20000000         0x00020000         xrw
CCMRAM           0x10000000         0x00010000         xrw
FLASH            0x08000000         0x00080000         xr
*default*        0x00000000         0xffffffff

Linker script and memory map

LOAD C:/ST/STM32CubeCLT_1.16.0/GNU-tools-for-STM32/bin/../lib/gcc/arm-none-eabi/12.3.1/thumb/v7e-m+fp/hard/crti.o
LOAD C:/ST/STM32CubeCLT_1.16.0/GNU-tools-for-STM32/bin/../lib/gcc/arm-none-eabi/12.3.1/thumb/v7e-m+fp/hard/crtbegin.o
LOAD C:/ST/STM32CubeCLT_1.16.0/GNU-tools-for-STM32/bin/../lib/gcc/arm-none-eabi/12.3.1/../../../../arm-none-eabi/lib/thumb/v7e-m+fp/hard/crt0.o
START GROUP
LOAD C:/ST/STM32CubeCLT_1.16.0/GNU-tools-for-STM32/bin/../lib/gcc/arm-none-eabi/12.3.1/../../../../arm-none-eabi/lib/thumb/v7e-m+fp/hard\libc_nano.a
LOAD C:/ST/STM32CubeCLT_1.16.0/GNU-tools-for-STM32/bin/../lib/gcc/arm-none-eabi/12.3.1/../../../../arm-none-eabi/lib/thumb/v7e-m+fp/hard\libm.a
END GROUP
LOAD CMakeFiles/DigitalClock.dir/Core/Src/7SEG.c.obj
LOAD CMakeFiles/DigitalClock.dir/Core/Src/CLCD.c.obj
LOAD CMakeFiles/DigitalClock.dir/Core/Src/_alarm.c.obj
LOAD CMakeFiles/DigitalClock.dir/Core/Src/_alarm_set.c.obj
LOAD CMakeFiles/DigitalClock.dir/Core/Src/_clcok.c.obj
LOAD CMakeFiles/DigitalClock.dir/Core/Src/_clock_set.c.obj
LOAD CMakeFiles/DigitalClock.dir/Core/Src/_led.c.obj
LOAD CMakeFiles/DigitalClock.dir/Core/Src/_stopwatch.c.obj
LOAD CMakeFiles/DigitalClock.dir/Core/Src/_switch.c.obj
LOAD CMakeFiles/DigitalClock.dir/Core/Src/main.c.obj
LOAD CMakeFiles/DigitalClock.dir/Core/Src/stm32f4xx_hal_msp.c.obj
LOAD CMakeFiles/DigitalClock.dir/Core/Src/stm32f4xx_it.c.obj
LOAD CMakeFiles/DigitalClock.dir/Core/Src/syscalls.c.obj
LOAD CMakeFiles/DigitalClock.dir/Core/Src/sysmem.c.obj
LOAD CMakeFiles/DigitalClock.dir/Core/Src/system_stm32f4xx.c.obj
LOAD CMakeFiles/DigitalClock.dir/Drivers/STM32F4xx_HAL_Driver/Src/stm32f4xx_hal_tim.c.obj
LOAD CMakeFiles/DigitalClock.dir/Drivers/STM32F4xx_HAL_Driver/Src/stm32f4xx_hal_tim_ex.c.obj
LOAD CMakeFiles/DigitalClock.dir/Drivers/STM32F4xx_HAL_Driver/Src/stm32f4xx_hal_rcc.c.obj
LOAD CMakeFiles/DigitalClock.dir/Drivers/STM32F4xx_HAL_Driver/Src/stm32f4xx_hal_rcc_ex.c.obj
LOAD CMakeFiles/DigitalClock.dir/Drivers/STM32F4xx_HAL_Driver/Src/stm32f4xx_hal_flash.c.obj
LOAD CMakeFiles/DigitalClock.dir/Drivers/STM32F4xx_HAL_Driver/Src/stm32f4xx_hal_flash_ex.c.obj
LOAD CMakeFiles/DigitalClock.dir/Drivers/STM32F4xx_HAL_Driver/Src/stm32f4xx_hal_flash_ramfunc.c.obj
LOAD CMakeFiles/DigitalClock.dir/Drivers/STM32F4xx_HAL_Driver/Src/stm32f4xx_hal_gpio.c.obj
LOAD CMakeFiles/DigitalClock.dir/Drivers/STM32F4xx_HAL_Driver/Src/stm32f4xx_hal_dma_ex.c.obj
LOAD CMakeFiles/DigitalClock.dir/Drivers/STM32F4xx_HAL_Driver/Src/stm32f4xx_hal_dma.c.obj
LOAD CMakeFiles/DigitalClock.dir/Drivers/STM32F4xx_HAL_Driver/Src/stm32f4xx_hal_pwr.c.obj
LOAD CMakeFiles/DigitalClock.dir/Drivers/STM32F4xx_HAL_Driver/Src/stm32f4xx_hal_pwr_ex.c.obj
LOAD CMakeFiles/DigitalClock.dir/Drivers/STM32F4xx_HAL_Driver/Src/stm32f4xx_hal_cortex.c.obj
LOAD CMakeFiles/DigitalClock.dir/Drivers/STM32F4xx_HAL_Driver/Src/stm32f4xx_hal.c.obj
LOAD CMakeFiles/DigitalClock.dir/Drivers/STM32F4xx_HAL_Driver/Src/stm32f4xx_hal_exti.c.obj
LOAD CMakeFiles/DigitalClock.dir/Drivers/STM32F4xx_HAL_Driver/Src/stm32f4xx_hal_uart.c.obj
LOAD CMakeFiles/DigitalClock.dir/startup_stm32f407xx.s.obj
START GROUP
LOAD C:/ST/STM32CubeCLT_1.16.0/GNU-tools-for-STM32/bin/../lib/gcc/arm-none-eabi/12.3.1/thumb/v7e-m+fp/hard\libgcc.a
LOAD C:/ST/STM32CubeCLT_1.16.0/GNU-tools-for-STM32/bin/../lib/gcc/arm-none-eabi/12.3.1/../../../../arm-none-eabi/lib/thumb/v7e-m+fp/hard\libg_nano.a
LOAD C:/ST/STM32CubeCLT_1.16.0/GNU-tools-for-STM32/bin/../lib/gcc/arm-none-eabi/12.3.1/../../../../arm-none-eabi/lib/thumb/v7e-m+fp/hard\libc_nano.a
END GROUP
START GROUP
LOAD C:/ST/STM32CubeCLT_1.16.0/GNU-tools-for-STM32/bin/../lib/gcc/arm-none-eabi/12.3.1/thumb/v7e-m+fp/hard\libgcc.a
LOAD C:/ST/STM32CubeCLT_1.16.0/GNU-tools-for-STM32/bin/../lib/gcc/arm-none-eabi/12.3.1/../../../../arm-none-eabi/lib/thumb/v7e-m+fp/hard\libc_nano.a
END GROUP
LOAD C:/ST/STM32CubeCLT_1.16.0/GNU-tools-for-STM32/bin/../lib/gcc/arm-none-eabi/12.3.1/thumb/v7e-m+fp/hard/crtend.o
LOAD C:/ST/STM32CubeCLT_1.16.0/GNU-tools-for-STM32/bin/../lib/gcc/arm-none-eabi/12.3.1/thumb/v7e-m+fp/hard/crtn.o
                0x20020000                        _estack = (ORIGIN (RAM) + LENGTH (RAM))
                0x00000200                        _Min_Heap_Size = 0x200
                0x00000400                        _Min_Stack_Size = 0x400

.isr_vector     0x08000000      0x188
                0x08000000                        . = ALIGN (0x4)
 *(.isr_vector)
 .isr_vector    0x08000000      0x188 CMakeFiles/DigitalClock.dir/startup_stm32f407xx.s.obj
                0x08000000                g_pfnVectors
                0x08000188                        . = ALIGN (0x4)

.text           0x08000190     0x8000
                0x08000190                        . = ALIGN (0x4)
 *(.text)
 .text          0x08000190       0x40 C:/ST/STM32CubeCLT_1.16.0/GNU-tools-for-STM32/bin/../lib/gcc/arm-none-eabi/12.3.1/thumb/v7e-m+fp/hard/crtbegin.o
 .text          0x080001d0       0x30 C:/ST/STM32CubeCLT_1.16.0/GNU-tools-for-STM32/bin/../lib/gcc/arm-none-eabi/12.3.1/thumb/v7e-m+fp/hard\libgcc.a(_aeabi_uldivmod.o)
                0x080001d0                __aeabi_uldivmod
 .text          0x08000200      0x2bc C:/ST/STM32CubeCLT_1.16.0/GNU-tools-for-STM32/bin/../lib/gcc/arm-none-eabi/12.3.1/thumb/v7e-m+fp/hard\libgcc.a(_udivmoddi4.o)
                0x08000200                __udivmoddi4
 .text          0x080004bc        0x4 C:/ST/STM32CubeCLT_1.16.0/GNU-tools-for-STM32/bin/../lib/gcc/arm-none-eabi/12.3.1/thumb/v7e-m+fp/hard\libgcc.a(_dvmd_tls.o)
                0x080004bc                __aeabi_idiv0
                0x080004bc                __aeabi_ldiv0
 .text          0x080004c0       0xa0 C:/ST/STM32CubeCLT_1.16.0/GNU-tools-for-STM32/bin/../lib/gcc/arm-none-eabi/12.3.1/../../../../arm-none-eabi/lib/thumb/v7e-m+fp/hard\libg_nano.a(libc_a-memchr.o)
                0x080004c0                memchr
 *(.text*)
 .text.memset   0x08000560       0x10 C:/ST/STM32CubeCLT_1.16.0/GNU-tools-for-STM32/bin/../lib/gcc/arm-none-eabi/12.3.1/../../../../arm-none-eabi/lib/thumb/v7e-m+fp/hard\libc_nano.a(libc_a-memset.o)
                0x08000560                memset
 .text.__libc_init_array
                0x08000570       0x48 C:/ST/STM32CubeCLT_1.16.0/GNU-tools-for-STM32/bin/../lib/gcc/arm-none-eabi/12.3.1/../../../../arm-none-eabi/lib/thumb/v7e-m+fp/hard\libc_nano.a(libc_a-init.o)
                0x08000570                __libc_init_array
 .text.__retarget_lock_acquire_recursive
                0x080005b8        0x2 C:/ST/STM32CubeCLT_1.16.0/GNU-tools-for-STM32/bin/../lib/gcc/arm-none-eabi/12.3.1/../../../../arm-none-eabi/lib/thumb/v7e-m+fp/hard\libc_nano.a(libc_a-lock.o)
                0x080005b8                __retarget_lock_acquire_recursive
 .text.__retarget_lock_release_recursive
                0x080005ba        0x2 C:/ST/STM32CubeCLT_1.16.0/GNU-tools-for-STM32/bin/../lib/gcc/arm-none-eabi/12.3.1/../../../../arm-none-eabi/lib/thumb/v7e-m+fp/hard\libc_nano.a(libc_a-lock.o)
                0x080005ba                __retarget_lock_release_recursive
 .text._free_r  0x080005bc       0x94 C:/ST/STM32CubeCLT_1.16.0/GNU-tools-for-STM32/bin/../lib/gcc/arm-none-eabi/12.3.1/../../../../arm-none-eabi/lib/thumb/v7e-m+fp/hard\libc_nano.a(libc_a-freer.o)
                0x080005bc                _free_r
 .text.sbrk_aligned
                0x08000650       0x44 C:/ST/STM32CubeCLT_1.16.0/GNU-tools-for-STM32/bin/../lib/gcc/arm-none-eabi/12.3.1/../../../../arm-none-eabi/lib/thumb/v7e-m+fp/hard\libc_nano.a(libc_a-mallocr.o)
 .text._malloc_r
                0x08000694      0x100 C:/ST/STM32CubeCLT_1.16.0/GNU-tools-for-STM32/bin/../lib/gcc/arm-none-eabi/12.3.1/../../../../arm-none-eabi/lib/thumb/v7e-m+fp/hard\libc_nano.a(libc_a-mallocr.o)
                0x08000694                _malloc_r
 .text.__malloc_lock
                0x08000794        0xc C:/ST/STM32CubeCLT_1.16.0/GNU-tools-for-STM32/bin/../lib/gcc/arm-none-eabi/12.3.1/../../../../arm-none-eabi/lib/thumb/v7e-m+fp/hard\libc_nano.a(libc_a-mlock.o)
                0x08000794                __malloc_lock
 .text.__malloc_unlock
                0x080007a0        0xc C:/ST/STM32CubeCLT_1.16.0/GNU-tools-for-STM32/bin/../lib/gcc/arm-none-eabi/12.3.1/../../../../arm-none-eabi/lib/thumb/v7e-m+fp/hard\libc_nano.a(libc_a-mlock.o)
                0x080007a0                __malloc_unlock
 .text._sbrk_r  0x080007ac       0x20 C:/ST/STM32CubeCLT_1.16.0/GNU-tools-for-STM32/bin/../lib/gcc/arm-none-eabi/12.3.1/../../../../arm-none-eabi/lib/thumb/v7e-m+fp/hard\libc_nano.a(libc_a-sbrkr.o)
                0x080007ac                _sbrk_r
 .text._7SEG_GPIO_Init
                0x080007cc      0x1cc CMakeFiles/DigitalClock.dir/Core/Src/7SEG.c.obj
                0x080007cc                _7SEG_GPIO_Init
 .text._7SEG_SetNumber
                0x08000998      0x7c4 CMakeFiles/DigitalClock.dir/Core/Src/7SEG.c.obj
                0x08000998                _7SEG_SetNumber
 .text.CLCD_GPIO_Init
                0x0800115c       0xa0 CMakeFiles/DigitalClock.dir/Core/Src/CLCD.c.obj
                0x0800115c                CLCD_GPIO_Init
 .text.CLCD_Write_Instruction
                0x080011fc      0x194 CMakeFiles/DigitalClock.dir/Core/Src/CLCD.c.obj
                0x080011fc                CLCD_Write_Instruction
 .text.CLCD_Write_Display
                0x08001390      0x194 CMakeFiles/DigitalClock.dir/Core/Src/CLCD.c.obj
                0x08001390                CLCD_Write_Display
 .text.CLCD_Gotoxy
                0x08001524       0x40 CMakeFiles/DigitalClock.dir/Core/Src/CLCD.c.obj
                0x08001524                CLCD_Gotoxy
 .text.CLCD_Puts
                0x08001564       0x4a CMakeFiles/DigitalClock.dir/Core/Src/CLCD.c.obj
                0x08001564                CLCD_Puts
 .text.CLCD_Init
                0x080015ae       0x44 CMakeFiles/DigitalClock.dir/Core/Src/CLCD.c.obj
                0x080015ae                CLCD_Init
 .text.CLCD_Clear
                0x080015f2       0x14 CMakeFiles/DigitalClock.dir/Core/Src/CLCD.c.obj
                0x080015f2                CLCD_Clear
 *fill*         0x08001606        0x2 
 .text.AlarmInit
                0x08001608       0xa8 CMakeFiles/DigitalClock.dir/Core/Src/_alarm.c.obj
                0x08001608                AlarmInit
 .text.AlarmRunning
                0x080016b0       0x3c CMakeFiles/DigitalClock.dir/Core/Src/_alarm.c.obj
                0x080016b0                AlarmRunning
 .text.AlarmCheck
                0x080016ec       0x88 CMakeFiles/DigitalClock.dir/Core/Src/_alarm.c.obj
                0x080016ec                AlarmCheck
 .text.AlarmTimer
                0x08001774       0x9c CMakeFiles/DigitalClock.dir/Core/Src/_alarm.c.obj
                0x08001774                AlarmTimer
 .text.AlarmBuzzer
                0x08001810       0x44 CMakeFiles/DigitalClock.dir/Core/Src/_alarm.c.obj
                0x08001810                AlarmBuzzer
 .text.AlarmBuzzerTimer
                0x08001854       0x80 CMakeFiles/DigitalClock.dir/Core/Src/_alarm.c.obj
                0x08001854                AlarmBuzzerTimer
 .text.AlarmSwitchSq
                0x080018d4      0x168 CMakeFiles/DigitalClock.dir/Core/Src/_alarm.c.obj
                0x080018d4                AlarmSwitchSq
 .text.AlarmDisplay
                0x08001a3c      0x280 CMakeFiles/DigitalClock.dir/Core/Src/_alarm.c.obj
                0x08001a3c                AlarmDisplay
 .text.AlarmUpSet
                0x08001cbc      0x1c4 CMakeFiles/DigitalClock.dir/Core/Src/_alarm_set.c.obj
                0x08001cbc                AlarmUpSet
 .text.AlarmDownSet
                0x08001e80      0x1c4 CMakeFiles/DigitalClock.dir/Core/Src/_alarm_set.c.obj
                0x08001e80                AlarmDownSet
 .text.AlarmSetSwitchSq
                0x08002044      0x12c CMakeFiles/DigitalClock.dir/Core/Src/_alarm_set.c.obj
                0x08002044                AlarmSetSwitchSq
 .text.AlarmSetDisplay
                0x08002170      0x6a8 CMakeFiles/DigitalClock.dir/Core/Src/_alarm_set.c.obj
                0x08002170                AlarmSetDisplay
 .text.AlarmSetTimer
                0x08002818       0x68 CMakeFiles/DigitalClock.dir/Core/Src/_alarm_set.c.obj
                0x08002818                AlarmSetTimer
 .text.ClockInit
                0x08002880       0x10 CMakeFiles/DigitalClock.dir/Core/Src/_clcok.c.obj
                0x08002880                ClockInit
 .text.ClockRunning
                0x08002890       0xac CMakeFiles/DigitalClock.dir/Core/Src/_clcok.c.obj
                0x08002890                ClockRunning
 .text.DateCheck
                0x0800293c       0xe0 CMakeFiles/DigitalClock.dir/Core/Src/_clcok.c.obj
                0x0800293c                DateCheck
 .text.YearCheck
                0x08002a1c       0x88 CMakeFiles/DigitalClock.dir/Core/Src/_clcok.c.obj
                0x08002a1c                YearCheck
 .text.LeapCheck
                0x08002aa4       0x70 CMakeFiles/DigitalClock.dir/Core/Src/_clcok.c.obj
                0x08002aa4                LeapCheck
 .text.ClockBuzzerSq
                0x08002b14       0x44 CMakeFiles/DigitalClock.dir/Core/Src/_clcok.c.obj
                0x08002b14                ClockBuzzerSq
 .text.ClockBuzzerTimer
                0x08002b58       0x28 CMakeFiles/DigitalClock.dir/Core/Src/_clcok.c.obj
                0x08002b58                ClockBuzzerTimer
 .text.ClockSwitchSq
                0x08002b80       0xb8 CMakeFiles/DigitalClock.dir/Core/Src/_clcok.c.obj
                0x08002b80                ClockSwitchSq
 .text.ClockDisplay
                0x08002c38      0x1b4 CMakeFiles/DigitalClock.dir/Core/Src/_clcok.c.obj
                0x08002c38                ClockDisplay
 .text.UpSetCheck
                0x08002dec      0x150 CMakeFiles/DigitalClock.dir/Core/Src/_clock_set.c.obj
                0x08002dec                UpSetCheck
 .text.DownSetCheck
                0x08002f3c      0x144 CMakeFiles/DigitalClock.dir/Core/Src/_clock_set.c.obj
                0x08002f3c                DownSetCheck
 .text.SetDateCheck
                0x08003080       0xbc CMakeFiles/DigitalClock.dir/Core/Src/_clock_set.c.obj
                0x08003080                SetDateCheck
 .text.ClockSetSwitchSq
                0x0800313c      0x188 CMakeFiles/DigitalClock.dir/Core/Src/_clock_set.c.obj
                0x0800313c                ClockSetSwitchSq
 .text.ClockSetDisplay
                0x080032c4      0x2d8 CMakeFiles/DigitalClock.dir/Core/Src/_clock_set.c.obj
                0x080032c4                ClockSetDisplay
 .text.ClockSetTimer
                0x0800359c       0x68 CMakeFiles/DigitalClock.dir/Core/Src/_clock_set.c.obj
                0x0800359c                ClockSetTimer
 .text.LED_Clear
                0x08003604       0x58 CMakeFiles/DigitalClock.dir/Core/Src/_led.c.obj
                0x08003604                LED_Clear
 .text.LapInit  0x0800365c       0x94 CMakeFiles/DigitalClock.dir/Core/Src/_stopwatch.c.obj
                0x0800365c                LapInit
 .text.StopwSwitchSq
                0x080036f0      0x10c CMakeFiles/DigitalClock.dir/Core/Src/_stopwatch.c.obj
                0x080036f0                StopwSwitchSq
 .text.StopwDisplay
                0x080037fc       0x9c CMakeFiles/DigitalClock.dir/Core/Src/_stopwatch.c.obj
                0x080037fc                StopwDisplay
 .text.StopwCount
                0x08003898       0xec CMakeFiles/DigitalClock.dir/Core/Src/_stopwatch.c.obj
                0x08003898                StopwCount
 .text.LapSave  0x08003984      0x158 CMakeFiles/DigitalClock.dir/Core/Src/_stopwatch.c.obj
                0x08003984                LapSave
 .text.LapDisplay
                0x08003adc       0xf0 CMakeFiles/DigitalClock.dir/Core/Src/_stopwatch.c.obj
                0x08003adc                LapDisplay
 .text.StopwTimer
                0x08003bcc       0x74 CMakeFiles/DigitalClock.dir/Core/Src/_stopwatch.c.obj
                0x08003bcc                StopwTimer
 .text.SwitchRunning
                0x08003c40       0x54 CMakeFiles/DigitalClock.dir/Core/Src/_switch.c.obj
                0x08003c40                SwitchRunning
 .text.SwitchStatus
                0x08003c94       0xbe CMakeFiles/DigitalClock.dir/Core/Src/_switch.c.obj
                0x08003c94                SwitchStatus
 .text.BuzzerSq
                0x08003d52       0x42 CMakeFiles/DigitalClock.dir/Core/Src/_switch.c.obj
                0x08003d52                BuzzerSq
 .text.SwitchClear
                0x08003d94       0x44 CMakeFiles/DigitalClock.dir/Core/Src/_switch.c.obj
                0x08003d94                SwitchClear
 .text.SwitchCheck
                0x08003dd8       0x46 CMakeFiles/DigitalClock.dir/Core/Src/_switch.c.obj
                0x08003dd8                SwitchCheck
 .text.SwitchPressTimer
                0x08003e1e       0x7e CMakeFiles/DigitalClock.dir/Core/Src/_switch.c.obj
                0x08003e1e                SwitchPressTimer
 .text.SwitchBuzzerTimer
                0x08003e9c       0x3c CMakeFiles/DigitalClock.dir/Core/Src/_switch.c.obj
                0x08003e9c                SwitchBuzzerTimer
 .text.main     0x08003ed8       0xb4 CMakeFiles/DigitalClock.dir/Core/Src/main.c.obj
                0x08003ed8                main
 .text.SystemClock_Config
                0x08003f8c       0xd4 CMakeFiles/DigitalClock.dir/Core/Src/main.c.obj
                0x08003f8c                SystemClock_Config
 .text.MX_NVIC_Init
                0x08004060       0x58 CMakeFiles/DigitalClock.dir/Core/Src/main.c.obj
 .text.MX_TIM2_Init
                0x080040b8       0xe8 CMakeFiles/DigitalClock.dir/Core/Src/main.c.obj
 .text.MX_TIM6_Init
                0x080041a0       0x6c CMakeFiles/DigitalClock.dir/Core/Src/main.c.obj
 .text.MX_USART3_UART_Init
                0x0800420c       0x54 CMakeFiles/DigitalClock.dir/Core/Src/main.c.obj
 .text.MX_GPIO_Init
                0x08004260      0x1a4 CMakeFiles/DigitalClock.dir/Core/Src/main.c.obj
 .text.HAL_TIM_PeriodElapsedCallback
                0x08004404      0x1a0 CMakeFiles/DigitalClock.dir/Core/Src/main.c.obj
                0x08004404                HAL_TIM_PeriodElapsedCallback
 .text.HAL_GPIO_EXTI_Callback
                0x080045a4       0x78 CMakeFiles/DigitalClock.dir/Core/Src/main.c.obj
                0x080045a4                HAL_GPIO_EXTI_Callback
 .text.Error_Handler
                0x0800461c        0xc CMakeFiles/DigitalClock.dir/Core/Src/main.c.obj
                0x0800461c                Error_Handler
 .text.HAL_MspInit
                0x08004628       0x50 CMakeFiles/DigitalClock.dir/Core/Src/stm32f4xx_hal_msp.c.obj
                0x08004628                HAL_MspInit
 .text.HAL_TIM_Base_MspInit
                0x08004678       0x6c CMakeFiles/DigitalClock.dir/Core/Src/stm32f4xx_hal_msp.c.obj
                0x08004678                HAL_TIM_Base_MspInit
 .text.HAL_TIM_MspPostInit
                0x080046e4       0x70 CMakeFiles/DigitalClock.dir/Core/Src/stm32f4xx_hal_msp.c.obj
                0x080046e4                HAL_TIM_MspPostInit
 .text.HAL_UART_MspInit
                0x08004754       0x90 CMakeFiles/DigitalClock.dir/Core/Src/stm32f4xx_hal_msp.c.obj
                0x08004754                HAL_UART_MspInit
 .text.NMI_Handler
                0x080047e4        0x8 CMakeFiles/DigitalClock.dir/Core/Src/stm32f4xx_it.c.obj
                0x080047e4                NMI_Handler
 .text.HardFault_Handler
                0x080047ec        0x8 CMakeFiles/DigitalClock.dir/Core/Src/stm32f4xx_it.c.obj
                0x080047ec                HardFault_Handler
 .text.MemManage_Handler
                0x080047f4        0x8 CMakeFiles/DigitalClock.dir/Core/Src/stm32f4xx_it.c.obj
                0x080047f4                MemManage_Handler
 .text.BusFault_Handler
                0x080047fc        0x8 CMakeFiles/DigitalClock.dir/Core/Src/stm32f4xx_it.c.obj
                0x080047fc                BusFault_Handler
 .text.UsageFault_Handler
                0x08004804        0x8 CMakeFiles/DigitalClock.dir/Core/Src/stm32f4xx_it.c.obj
                0x08004804                UsageFault_Handler
 .text.SVC_Handler
                0x0800480c        0xe CMakeFiles/DigitalClock.dir/Core/Src/stm32f4xx_it.c.obj
                0x0800480c                SVC_Handler
 .text.DebugMon_Handler
                0x0800481a        0xe CMakeFiles/DigitalClock.dir/Core/Src/stm32f4xx_it.c.obj
                0x0800481a                DebugMon_Handler
 .text.PendSV_Handler
                0x08004828        0xe CMakeFiles/DigitalClock.dir/Core/Src/stm32f4xx_it.c.obj
                0x08004828                PendSV_Handler
 .text.SysTick_Handler
                0x08004836        0xc CMakeFiles/DigitalClock.dir/Core/Src/stm32f4xx_it.c.obj
                0x08004836                SysTick_Handler
 .text.EXTI3_IRQHandler
                0x08004842        0xe CMakeFiles/DigitalClock.dir/Core/Src/stm32f4xx_it.c.obj
                0x08004842                EXTI3_IRQHandler
 .text.EXTI4_IRQHandler
                0x08004850        0xe CMakeFiles/DigitalClock.dir/Core/Src/stm32f4xx_it.c.obj
                0x08004850                EXTI4_IRQHandler
 *fill*         0x0800485e        0x2 
 .text.USART3_IRQHandler
                0x08004860       0x14 CMakeFiles/DigitalClock.dir/Core/Src/stm32f4xx_it.c.obj
                0x08004860                USART3_IRQHandler
 .text.EXTI15_10_IRQHandler
                0x08004874       0x18 CMakeFiles/DigitalClock.dir/Core/Src/stm32f4xx_it.c.obj
                0x08004874                EXTI15_10_IRQHandler
 .text.TIM6_DAC_IRQHandler
                0x0800488c       0x14 CMakeFiles/DigitalClock.dir/Core/Src/stm32f4xx_it.c.obj
                0x0800488c                TIM6_DAC_IRQHandler
 .text._sbrk    0x080048a0       0x6c CMakeFiles/DigitalClock.dir/Core/Src/sysmem.c.obj
                0x080048a0                _sbrk
 .text.SystemInit
                0x0800490c       0x24 CMakeFiles/DigitalClock.dir/Core/Src/system_stm32f4xx.c.obj
                0x0800490c                SystemInit
 .text.HAL_TIM_Base_Init
                0x08004930       0x9e CMakeFiles/DigitalClock.dir/Drivers/STM32F4xx_HAL_Driver/Src/stm32f4xx_hal_tim.c.obj
                0x08004930                HAL_TIM_Base_Init
 *fill*         0x080049ce        0x2 
 .text.HAL_TIM_Base_Start_IT
                0x080049d0       0xe0 CMakeFiles/DigitalClock.dir/Drivers/STM32F4xx_HAL_Driver/Src/stm32f4xx_hal_tim.c.obj
                0x080049d0                HAL_TIM_Base_Start_IT
 .text.HAL_TIM_PWM_Init
                0x08004ab0       0x9e CMakeFiles/DigitalClock.dir/Drivers/STM32F4xx_HAL_Driver/Src/stm32f4xx_hal_tim.c.obj
                0x08004ab0                HAL_TIM_PWM_Init
 .text.HAL_TIM_PWM_MspInit
                0x08004b4e       0x14 CMakeFiles/DigitalClock.dir/Drivers/STM32F4xx_HAL_Driver/Src/stm32f4xx_hal_tim.c.obj
                0x08004b4e                HAL_TIM_PWM_MspInit
 *fill*         0x08004b62        0x2 
 .text.HAL_TIM_PWM_Start
                0x08004b64      0x190 CMakeFiles/DigitalClock.dir/Drivers/STM32F4xx_HAL_Driver/Src/stm32f4xx_hal_tim.c.obj
                0x08004b64                HAL_TIM_PWM_Start
 .text.HAL_TIM_PWM_Stop
                0x08004cf4       0xe0 CMakeFiles/DigitalClock.dir/Drivers/STM32F4xx_HAL_Driver/Src/stm32f4xx_hal_tim.c.obj
                0x08004cf4                HAL_TIM_PWM_Stop
 .text.HAL_TIM_IRQHandler
                0x08004dd4      0x1e0 CMakeFiles/DigitalClock.dir/Drivers/STM32F4xx_HAL_Driver/Src/stm32f4xx_hal_tim.c.obj
                0x08004dd4                HAL_TIM_IRQHandler
 .text.HAL_TIM_PWM_ConfigChannel
                0x08004fb4      0x184 CMakeFiles/DigitalClock.dir/Drivers/STM32F4xx_HAL_Driver/Src/stm32f4xx_hal_tim.c.obj
                0x08004fb4                HAL_TIM_PWM_ConfigChannel
 .text.HAL_TIM_ConfigClockSource
                0x08005138      0x18e CMakeFiles/DigitalClock.dir/Drivers/STM32F4xx_HAL_Driver/Src/stm32f4xx_hal_tim.c.obj
                0x08005138                HAL_TIM_ConfigClockSource
 .text.HAL_TIM_OC_DelayElapsedCallback
                0x080052c6       0x14 CMakeFiles/DigitalClock.dir/Drivers/STM32F4xx_HAL_Driver/Src/stm32f4xx_hal_tim.c.obj
                0x080052c6                HAL_TIM_OC_DelayElapsedCallback
 .text.HAL_TIM_IC_CaptureCallback
                0x080052da       0x14 CMakeFiles/DigitalClock.dir/Drivers/STM32F4xx_HAL_Driver/Src/stm32f4xx_hal_tim.c.obj
                0x080052da                HAL_TIM_IC_CaptureCallback
 .text.HAL_TIM_PWM_PulseFinishedCallback
                0x080052ee       0x14 CMakeFiles/DigitalClock.dir/Drivers/STM32F4xx_HAL_Driver/Src/stm32f4xx_hal_tim.c.obj
                0x080052ee                HAL_TIM_PWM_PulseFinishedCallback
 .text.HAL_TIM_TriggerCallback
                0x08005302       0x14 CMakeFiles/DigitalClock.dir/Drivers/STM32F4xx_HAL_Driver/Src/stm32f4xx_hal_tim.c.obj
                0x08005302                HAL_TIM_TriggerCallback
 *fill*         0x08005316        0x2 
 .text.TIM_Base_SetConfig
                0x08005318      0x158 CMakeFiles/DigitalClock.dir/Drivers/STM32F4xx_HAL_Driver/Src/stm32f4xx_hal_tim.c.obj
                0x08005318                TIM_Base_SetConfig
 .text.TIM_OC1_SetConfig
                0x08005470       0xe0 CMakeFiles/DigitalClock.dir/Drivers/STM32F4xx_HAL_Driver/Src/stm32f4xx_hal_tim.c.obj
 .text.TIM_OC2_SetConfig
                0x08005550       0xec CMakeFiles/DigitalClock.dir/Drivers/STM32F4xx_HAL_Driver/Src/stm32f4xx_hal_tim.c.obj
                0x08005550                TIM_OC2_SetConfig
 .text.TIM_OC3_SetConfig
                0x0800563c       0xe8 CMakeFiles/DigitalClock.dir/Drivers/STM32F4xx_HAL_Driver/Src/stm32f4xx_hal_tim.c.obj
 .text.TIM_OC4_SetConfig
                0x08005724       0xac CMakeFiles/DigitalClock.dir/Drivers/STM32F4xx_HAL_Driver/Src/stm32f4xx_hal_tim.c.obj
 .text.TIM_TI1_ConfigInputStage
                0x080057d0       0x5e CMakeFiles/DigitalClock.dir/Drivers/STM32F4xx_HAL_Driver/Src/stm32f4xx_hal_tim.c.obj
 .text.TIM_TI2_ConfigInputStage
                0x0800582e       0x60 CMakeFiles/DigitalClock.dir/Drivers/STM32F4xx_HAL_Driver/Src/stm32f4xx_hal_tim.c.obj
 .text.TIM_ITRx_SetConfig
                0x0800588e       0x36 CMakeFiles/DigitalClock.dir/Drivers/STM32F4xx_HAL_Driver/Src/stm32f4xx_hal_tim.c.obj
 .text.TIM_ETR_SetConfig
                0x080058c4       0x40 CMakeFiles/DigitalClock.dir/Drivers/STM32F4xx_HAL_Driver/Src/stm32f4xx_hal_tim.c.obj
                0x080058c4                TIM_ETR_SetConfig
 .text.TIM_CCxChannelCmd
                0x08005904       0x4a CMakeFiles/DigitalClock.dir/Drivers/STM32F4xx_HAL_Driver/Src/stm32f4xx_hal_tim.c.obj
                0x08005904                TIM_CCxChannelCmd
 *fill*         0x0800594e        0x2 
 .text.HAL_TIMEx_MasterConfigSynchronization
                0x08005950       0xf8 CMakeFiles/DigitalClock.dir/Drivers/STM32F4xx_HAL_Driver/Src/stm32f4xx_hal_tim_ex.c.obj
                0x08005950                HAL_TIMEx_MasterConfigSynchronization
 .text.HAL_TIMEx_CommutCallback
                0x08005a48       0x14 CMakeFiles/DigitalClock.dir/Drivers/STM32F4xx_HAL_Driver/Src/stm32f4xx_hal_tim_ex.c.obj
                0x08005a48                HAL_TIMEx_CommutCallback
 .text.HAL_TIMEx_BreakCallback
                0x08005a5c       0x14 CMakeFiles/DigitalClock.dir/Drivers/STM32F4xx_HAL_Driver/Src/stm32f4xx_hal_tim_ex.c.obj
                0x08005a5c                HAL_TIMEx_BreakCallback
 .text.HAL_RCC_OscConfig
                0x08005a70      0x4f0 CMakeFiles/DigitalClock.dir/Drivers/STM32F4xx_HAL_Driver/Src/stm32f4xx_hal_rcc.c.obj
                0x08005a70                HAL_RCC_OscConfig
 .text.HAL_RCC_ClockConfig
                0x08005f60      0x1cc CMakeFiles/DigitalClock.dir/Drivers/STM32F4xx_HAL_Driver/Src/stm32f4xx_hal_rcc.c.obj
                0x08005f60                HAL_RCC_ClockConfig
 .text.HAL_RCC_GetSysClockFreq
                0x0800612c      0x20c CMakeFiles/DigitalClock.dir/Drivers/STM32F4xx_HAL_Driver/Src/stm32f4xx_hal_rcc.c.obj
                0x0800612c                HAL_RCC_GetSysClockFreq
 .text.HAL_RCC_GetHCLKFreq
                0x08006338       0x18 CMakeFiles/DigitalClock.dir/Drivers/STM32F4xx_HAL_Driver/Src/stm32f4xx_hal_rcc.c.obj
                0x08006338                HAL_RCC_GetHCLKFreq
 .text.HAL_RCC_GetPCLK1Freq
                0x08006350       0x28 CMakeFiles/DigitalClock.dir/Drivers/STM32F4xx_HAL_Driver/Src/stm32f4xx_hal_rcc.c.obj
                0x08006350                HAL_RCC_GetPCLK1Freq
 .text.HAL_RCC_GetPCLK2Freq
                0x08006378       0x28 CMakeFiles/DigitalClock.dir/Drivers/STM32F4xx_HAL_Driver/Src/stm32f4xx_hal_rcc.c.obj
                0x08006378                HAL_RCC_GetPCLK2Freq
 .text.HAL_GPIO_Init
                0x080063a0      0x338 CMakeFiles/DigitalClock.dir/Drivers/STM32F4xx_HAL_Driver/Src/stm32f4xx_hal_gpio.c.obj
                0x080063a0                HAL_GPIO_Init
 .text.HAL_GPIO_ReadPin
                0x080066d8       0x30 CMakeFiles/DigitalClock.dir/Drivers/STM32F4xx_HAL_Driver/Src/stm32f4xx_hal_gpio.c.obj
                0x080066d8                HAL_GPIO_ReadPin
 .text.HAL_GPIO_WritePin
                0x08006708       0x32 CMakeFiles/DigitalClock.dir/Drivers/STM32F4xx_HAL_Driver/Src/stm32f4xx_hal_gpio.c.obj
                0x08006708                HAL_GPIO_WritePin
 .text.HAL_GPIO_TogglePin
                0x0800673a       0x34 CMakeFiles/DigitalClock.dir/Drivers/STM32F4xx_HAL_Driver/Src/stm32f4xx_hal_gpio.c.obj
                0x0800673a                HAL_GPIO_TogglePin
 *fill*         0x0800676e        0x2 
 .text.HAL_GPIO_EXTI_IRQHandler
                0x08006770       0x30 CMakeFiles/DigitalClock.dir/Drivers/STM32F4xx_HAL_Driver/Src/stm32f4xx_hal_gpio.c.obj
                0x08006770                HAL_GPIO_EXTI_IRQHandler
 .text.HAL_DMA_Abort
                0x080067a0       0xe0 CMakeFiles/DigitalClock.dir/Drivers/STM32F4xx_HAL_Driver/Src/stm32f4xx_hal_dma.c.obj
                0x080067a0                HAL_DMA_Abort
 .text.HAL_DMA_Abort_IT
                0x08006880       0x44 CMakeFiles/DigitalClock.dir/Drivers/STM32F4xx_HAL_Driver/Src/stm32f4xx_hal_dma.c.obj
                0x08006880                HAL_DMA_Abort_IT
 .text.__NVIC_SetPriorityGrouping
                0x080068c4       0x48 CMakeFiles/DigitalClock.dir/Drivers/STM32F4xx_HAL_Driver/Src/stm32f4xx_hal_cortex.c.obj
 .text.__NVIC_GetPriorityGrouping
                0x0800690c       0x1c CMakeFiles/DigitalClock.dir/Drivers/STM32F4xx_HAL_Driver/Src/stm32f4xx_hal_cortex.c.obj
 .text.__NVIC_EnableIRQ
                0x08006928       0x3c CMakeFiles/DigitalClock.dir/Drivers/STM32F4xx_HAL_Driver/Src/stm32f4xx_hal_cortex.c.obj
 .text.__NVIC_SetPriority
                0x08006964       0x54 CMakeFiles/DigitalClock.dir/Drivers/STM32F4xx_HAL_Driver/Src/stm32f4xx_hal_cortex.c.obj
 .text.NVIC_EncodePriority
                0x080069b8       0x66 CMakeFiles/DigitalClock.dir/Drivers/STM32F4xx_HAL_Driver/Src/stm32f4xx_hal_cortex.c.obj
 *fill*         0x08006a1e        0x2 
 .text.SysTick_Config
                0x08006a20       0x44 CMakeFiles/DigitalClock.dir/Drivers/STM32F4xx_HAL_Driver/Src/stm32f4xx_hal_cortex.c.obj
 .text.HAL_NVIC_SetPriorityGrouping
                0x08006a64       0x16 CMakeFiles/DigitalClock.dir/Drivers/STM32F4xx_HAL_Driver/Src/stm32f4xx_hal_cortex.c.obj
                0x08006a64                HAL_NVIC_SetPriorityGrouping
 .text.HAL_NVIC_SetPriority
                0x08006a7a       0x38 CMakeFiles/DigitalClock.dir/Drivers/STM32F4xx_HAL_Driver/Src/stm32f4xx_hal_cortex.c.obj
                0x08006a7a                HAL_NVIC_SetPriority
 .text.HAL_NVIC_EnableIRQ
                0x08006ab2       0x1c CMakeFiles/DigitalClock.dir/Drivers/STM32F4xx_HAL_Driver/Src/stm32f4xx_hal_cortex.c.obj
                0x08006ab2                HAL_NVIC_EnableIRQ
 .text.HAL_SYSTICK_Config
                0x08006ace       0x18 CMakeFiles/DigitalClock.dir/Drivers/STM32F4xx_HAL_Driver/Src/stm32f4xx_hal_cortex.c.obj
                0x08006ace                HAL_SYSTICK_Config
 *fill*         0x08006ae6        0x2 
 .text.HAL_Init
                0x08006ae8       0x44 CMakeFiles/DigitalClock.dir/Drivers/STM32F4xx_HAL_Driver/Src/stm32f4xx_hal.c.obj
                0x08006ae8                HAL_Init
 .text.HAL_InitTick
                0x08006b2c       0x60 CMakeFiles/DigitalClock.dir/Drivers/STM32F4xx_HAL_Driver/Src/stm32f4xx_hal.c.obj
                0x08006b2c                HAL_InitTick
 .text.HAL_IncTick
                0x08006b8c       0x28 CMakeFiles/DigitalClock.dir/Drivers/STM32F4xx_HAL_Driver/Src/stm32f4xx_hal.c.obj
                0x08006b8c                HAL_IncTick
 .text.HAL_GetTick
                0x08006bb4       0x18 CMakeFiles/DigitalClock.dir/Drivers/STM32F4xx_HAL_Driver/Src/stm32f4xx_hal.c.obj
                0x08006bb4                HAL_GetTick
 .text.HAL_Delay
                0x08006bcc       0x48 CMakeFiles/DigitalClock.dir/Drivers/STM32F4xx_HAL_Driver/Src/stm32f4xx_hal.c.obj
                0x08006bcc                HAL_Delay
 .text.HAL_UART_Init
                0x08006c14       0xa0 CMakeFiles/DigitalClock.dir/Drivers/STM32F4xx_HAL_Driver/Src/stm32f4xx_hal_uart.c.obj
                0x08006c14                HAL_UART_Init
 .text.HAL_UART_IRQHandler
                0x08006cb4      0x524 CMakeFiles/DigitalClock.dir/Drivers/STM32F4xx_HAL_Driver/Src/stm32f4xx_hal_uart.c.obj
                0x08006cb4                HAL_UART_IRQHandler
 .text.HAL_UART_TxCpltCallback
                0x080071d8       0x14 CMakeFiles/DigitalClock.dir/Drivers/STM32F4xx_HAL_Driver/Src/stm32f4xx_hal_uart.c.obj
                0x080071d8                HAL_UART_TxCpltCallback
 .text.HAL_UART_RxCpltCallback
                0x080071ec       0x14 CMakeFiles/DigitalClock.dir/Drivers/STM32F4xx_HAL_Driver/Src/stm32f4xx_hal_uart.c.obj
                0x080071ec                HAL_UART_RxCpltCallback
 .text.HAL_UART_ErrorCallback
                0x08007200       0x14 CMakeFiles/DigitalClock.dir/Drivers/STM32F4xx_HAL_Driver/Src/stm32f4xx_hal_uart.c.obj
                0x08007200                HAL_UART_ErrorCallback
 .text.HAL_UARTEx_RxEventCallback
                0x08007214       0x18 CMakeFiles/DigitalClock.dir/Drivers/STM32F4xx_HAL_Driver/Src/stm32f4xx_hal_uart.c.obj
                0x08007214                HAL_UARTEx_RxEventCallback
 .text.UART_EndRxTransfer
                0x0800722c       0xc6 CMakeFiles/DigitalClock.dir/Drivers/STM32F4xx_HAL_Driver/Src/stm32f4xx_hal_uart.c.obj
 .text.UART_DMAAbortOnError
                0x080072f2       0x28 CMakeFiles/DigitalClock.dir/Drivers/STM32F4xx_HAL_Driver/Src/stm32f4xx_hal_uart.c.obj
 .text.UART_Transmit_IT
                0x0800731a       0xa0 CMakeFiles/DigitalClock.dir/Drivers/STM32F4xx_HAL_Driver/Src/stm32f4xx_hal_uart.c.obj
 .text.UART_EndTransmit_IT
                0x080073ba       0x30 CMakeFiles/DigitalClock.dir/Drivers/STM32F4xx_HAL_Driver/Src/stm32f4xx_hal_uart.c.obj
 .text.UART_Receive_IT
                0x080073ea      0x17c CMakeFiles/DigitalClock.dir/Drivers/STM32F4xx_HAL_Driver/Src/stm32f4xx_hal_uart.c.obj
 *fill*         0x08007566        0x2 
 .text.UART_SetConfig
                0x08007568      0x4e8 CMakeFiles/DigitalClock.dir/Drivers/STM32F4xx_HAL_Driver/Src/stm32f4xx_hal_uart.c.obj
 .text.Reset_Handler
                0x08007a50       0x50 CMakeFiles/DigitalClock.dir/startup_stm32f407xx.s.obj
                0x08007a50                Reset_Handler
 .text.Default_Handler
                0x08007aa0        0x2 CMakeFiles/DigitalClock.dir/startup_stm32f407xx.s.obj
                0x08007aa0                RTC_Alarm_IRQHandler
                0x08007aa0                HASH_RNG_IRQHandler
                0x08007aa0                EXTI2_IRQHandler
                0x08007aa0                TIM8_CC_IRQHandler
                0x08007aa0                TIM1_CC_IRQHandler
                0x08007aa0                DMA2_Stream5_IRQHandler
                0x08007aa0                DMA1_Stream5_IRQHandler
                0x08007aa0                PVD_IRQHandler
                0x08007aa0                SDIO_IRQHandler
                0x08007aa0                TAMP_STAMP_IRQHandler
                0x08007aa0                CAN2_RX1_IRQHandler
                0x08007aa0                TIM8_TRG_COM_TIM14_IRQHandler
                0x08007aa0                TIM1_UP_TIM10_IRQHandler
                0x08007aa0                TIM8_UP_TIM13_IRQHandler
                0x08007aa0                I2C3_ER_IRQHandler
                0x08007aa0                EXTI0_IRQHandler
                0x08007aa0                I2C2_EV_IRQHandler
                0x08007aa0                DMA1_Stream2_IRQHandler
                0x08007aa0                CAN1_RX0_IRQHandler
                0x08007aa0                FPU_IRQHandler
                0x08007aa0                OTG_HS_WKUP_IRQHandler
                0x08007aa0                CAN2_SCE_IRQHandler
                0x08007aa0                DMA2_Stream2_IRQHandler
                0x08007aa0                SPI1_IRQHandler
                0x08007aa0                TIM1_BRK_TIM9_IRQHandler
                0x08007aa0                DCMI_IRQHandler
                0x08007aa0                CAN2_RX0_IRQHandler
                0x08007aa0                DMA2_Stream3_IRQHandler
                0x08007aa0                USART6_IRQHandler
                0x08007aa0                CAN1_RX1_IRQHandler
                0x08007aa0                UART5_IRQHandler
                0x08007aa0                DMA2_Stream0_IRQHandler
                0x08007aa0                TIM4_IRQHandler
                0x08007aa0                I2C1_EV_IRQHandler
                0x08007aa0                DMA1_Stream6_IRQHandler
                0x08007aa0                DMA1_Stream1_IRQHandler
                0x08007aa0                UART4_IRQHandler
                0x08007aa0                TIM3_IRQHandler
                0x08007aa0                RCC_IRQHandler
                0x08007aa0                TIM8_BRK_TIM12_IRQHandler
                0x08007aa0                Default_Handler
                0x08007aa0                ADC_IRQHandler
                0x08007aa0                DMA1_Stream7_IRQHandler
                0x08007aa0                TIM7_IRQHandler
                0x08007aa0                CAN2_TX_IRQHandler
                0x08007aa0                TIM5_IRQHandler
                0x08007aa0                DMA2_Stream7_IRQHandler
                0x08007aa0                I2C3_EV_IRQHandler
                0x08007aa0                EXTI9_5_IRQHandler
                0x08007aa0                RTC_WKUP_IRQHandler
                0x08007aa0                ETH_WKUP_IRQHandler
                0x08007aa0                SPI2_IRQHandler
                0x08007aa0                OTG_HS_EP1_IN_IRQHandler
                0x08007aa0                DMA1_Stream0_IRQHandler
                0x08007aa0                CAN1_TX_IRQHandler
                0x08007aa0                FSMC_IRQHandler
                0x08007aa0                ETH_IRQHandler
                0x08007aa0                OTG_HS_EP1_OUT_IRQHandler
                0x08007aa0                WWDG_IRQHandler
                0x08007aa0                TIM2_IRQHandler
                0x08007aa0                OTG_FS_WKUP_IRQHandler
                0x08007aa0                TIM1_TRG_COM_TIM11_IRQHandler
                0x08007aa0                OTG_HS_IRQHandler
                0x08007aa0                EXTI1_IRQHandler
                0x08007aa0                USART2_IRQHandler
                0x08007aa0                I2C2_ER_IRQHandler
                0x08007aa0                DMA2_Stream1_IRQHandler
                0x08007aa0                CAN1_SCE_IRQHandler
                0x08007aa0                FLASH_IRQHandler
                0x08007aa0                DMA2_Stream4_IRQHandler
                0x08007aa0                USART1_IRQHandler
                0x08007aa0                OTG_FS_IRQHandler
                0x08007aa0                SPI3_IRQHandler
                0x08007aa0                DMA1_Stream4_IRQHandler
                0x08007aa0                I2C1_ER_IRQHandler
                0x08007aa0                DMA2_Stream6_IRQHandler
                0x08007aa0                DMA1_Stream3_IRQHandler
 *fill*         0x08007aa2        0x2 
 .text.sprintf  0x08007aa4       0x40 C:/ST/STM32CubeCLT_1.16.0/GNU-tools-for-STM32/bin/../lib/gcc/arm-none-eabi/12.3.1/../../../../arm-none-eabi/lib/thumb/v7e-m+fp/hard\libg_nano.a(libc_a-sprintf.o)
                0x08007aa4                siprintf
                0x08007aa4                sprintf
 .text.__errno  0x08007ae4        0xc C:/ST/STM32CubeCLT_1.16.0/GNU-tools-for-STM32/bin/../lib/gcc/arm-none-eabi/12.3.1/../../../../arm-none-eabi/lib/thumb/v7e-m+fp/hard\libg_nano.a(libc_a-errno.o)
                0x08007ae4                __errno
 .text.__ssputs_r
                0x08007af0       0xb6 C:/ST/STM32CubeCLT_1.16.0/GNU-tools-for-STM32/bin/../lib/gcc/arm-none-eabi/12.3.1/../../../../arm-none-eabi/lib/thumb/v7e-m+fp/hard\libg_nano.a(libc_a-nano-svfprintf.o)
                0x08007af0                __ssputs_r
 *fill*         0x08007ba6        0x2 
 .text._svfprintf_r
                0x08007ba8      0x1f8 C:/ST/STM32CubeCLT_1.16.0/GNU-tools-for-STM32/bin/../lib/gcc/arm-none-eabi/12.3.1/../../../../arm-none-eabi/lib/thumb/v7e-m+fp/hard\libg_nano.a(libc_a-nano-svfprintf.o)
                0x08007ba8                _svfiprintf_r
                0x08007ba8                _svfprintf_r
 .text._printf_common
                0x08007da0       0xda C:/ST/STM32CubeCLT_1.16.0/GNU-tools-for-STM32/bin/../lib/gcc/arm-none-eabi/12.3.1/../../../../arm-none-eabi/lib/thumb/v7e-m+fp/hard\libg_nano.a(libc_a-nano-vfprintf_i.o)
                0x08007da0                _printf_common
 *fill*         0x08007e7a        0x2 
 .text._printf_i
                0x08007e7c      0x240 C:/ST/STM32CubeCLT_1.16.0/GNU-tools-for-STM32/bin/../lib/gcc/arm-none-eabi/12.3.1/../../../../arm-none-eabi/lib/thumb/v7e-m+fp/hard\libg_nano.a(libc_a-nano-vfprintf_i.o)
                0x08007e7c                _printf_i
 .text.memmove  0x080080bc       0x34 C:/ST/STM32CubeCLT_1.16.0/GNU-tools-for-STM32/bin/../lib/gcc/arm-none-eabi/12.3.1/../../../../arm-none-eabi/lib/thumb/v7e-m+fp/hard\libg_nano.a(libc_a-memmove.o)
                0x080080bc                memmove
 .text.memcpy   0x080080f0       0x1c C:/ST/STM32CubeCLT_1.16.0/GNU-tools-for-STM32/bin/../lib/gcc/arm-none-eabi/12.3.1/../../../../arm-none-eabi/lib/thumb/v7e-m+fp/hard\libg_nano.a(libc_a-memcpy-stub.o)
                0x080080f0                memcpy
 .text._realloc_r
                0x0800810c       0x5c C:/ST/STM32CubeCLT_1.16.0/GNU-tools-for-STM32/bin/../lib/gcc/arm-none-eabi/12.3.1/../../../../arm-none-eabi/lib/thumb/v7e-m+fp/hard\libg_nano.a(libc_a-reallocr.o)
                0x0800810c                _realloc_r
 .text._malloc_usable_size_r
                0x08008168       0x10 C:/ST/STM32CubeCLT_1.16.0/GNU-tools-for-STM32/bin/../lib/gcc/arm-none-eabi/12.3.1/../../../../arm-none-eabi/lib/thumb/v7e-m+fp/hard\libg_nano.a(libc_a-msizer.o)
                0x08008168                _malloc_usable_size_r
 *(.glue_7)
 .glue_7        0x08008178        0x0 linker stubs
 *(.glue_7t)
 .glue_7t       0x08008178        0x0 linker stubs
 *(.eh_frame)
 .eh_frame      0x08008178        0x0 C:/ST/STM32CubeCLT_1.16.0/GNU-tools-for-STM32/bin/../lib/gcc/arm-none-eabi/12.3.1/thumb/v7e-m+fp/hard/crtbegin.o
 *(.init)
 .init          0x08008178        0x4 C:/ST/STM32CubeCLT_1.16.0/GNU-tools-for-STM32/bin/../lib/gcc/arm-none-eabi/12.3.1/thumb/v7e-m+fp/hard/crti.o
                0x08008178                _init
 .init          0x0800817c        0x8 C:/ST/STM32CubeCLT_1.16.0/GNU-tools-for-STM32/bin/../lib/gcc/arm-none-eabi/12.3.1/thumb/v7e-m+fp/hard/crtn.o
 *(.fini)
 .fini          0x08008184        0x4 C:/ST/STM32CubeCLT_1.16.0/GNU-tools-for-STM32/bin/../lib/gcc/arm-none-eabi/12.3.1/thumb/v7e-m+fp/hard/crti.o
                0x08008184                _fini
 .fini          0x08008188        0x8 C:/ST/STM32CubeCLT_1.16.0/GNU-tools-for-STM32/bin/../lib/gcc/arm-none-eabi/12.3.1/thumb/v7e-m+fp/hard/crtn.o
                0x08008190                        . = ALIGN (0x4)
                0x08008190                        _etext = .

.vfp11_veneer   0x08008190        0x0
 .vfp11_veneer  0x08008190        0x0 linker stubs

.v4_bx          0x08008190        0x0
 .v4_bx         0x08008190        0x0 linker stubs

.iplt           0x08008190        0x0
 .iplt          0x08008190        0x0 C:/ST/STM32CubeCLT_1.16.0/GNU-tools-for-STM32/bin/../lib/gcc/arm-none-eabi/12.3.1/thumb/v7e-m+fp/hard/crtbegin.o

.rodata         0x08008190      0x338
                0x08008190                        . = ALIGN (0x4)
 *(.rodata)
 .rodata        0x08008190       0x7d CMakeFiles/DigitalClock.dir/Core/Src/_alarm.c.obj
 *fill*         0x0800820d        0x3 
 .rodata        0x08008210       0xdf CMakeFiles/DigitalClock.dir/Core/Src/_alarm_set.c.obj
 *fill*         0x080082ef        0x1 
 .rodata        0x080082f0       0x5d CMakeFiles/DigitalClock.dir/Core/Src/_clcok.c.obj
 *fill*         0x0800834d        0x3 
 .rodata        0x08008350       0xad CMakeFiles/DigitalClock.dir/Core/Src/_clock_set.c.obj
 *fill*         0x080083fd        0x3 
 .rodata        0x08008400       0x7a CMakeFiles/DigitalClock.dir/Core/Src/_stopwatch.c.obj
 *(.rodata*)
 *fill*         0x0800847a        0x2 
 .rodata.AHBPrescTable
                0x0800847c       0x10 CMakeFiles/DigitalClock.dir/Core/Src/system_stm32f4xx.c.obj
                0x0800847c                AHBPrescTable
 .rodata.APBPrescTable
                0x0800848c        0x8 CMakeFiles/DigitalClock.dir/Core/Src/system_stm32f4xx.c.obj
                0x0800848c                APBPrescTable
 .rodata._svfprintf_r.str1.1
                0x08008494       0x11 C:/ST/STM32CubeCLT_1.16.0/GNU-tools-for-STM32/bin/../lib/gcc/arm-none-eabi/12.3.1/../../../../arm-none-eabi/lib/thumb/v7e-m+fp/hard\libg_nano.a(libc_a-nano-svfprintf.o)
 .rodata._printf_i.str1.1
                0x080084a5       0x22 C:/ST/STM32CubeCLT_1.16.0/GNU-tools-for-STM32/bin/../lib/gcc/arm-none-eabi/12.3.1/../../../../arm-none-eabi/lib/thumb/v7e-m+fp/hard\libg_nano.a(libc_a-nano-vfprintf_i.o)
                0x080084c8                        . = ALIGN (0x4)
 *fill*         0x080084c7        0x1 

.ARM.extab
 *(.ARM.extab* .gnu.linkonce.armextab.*)

.ARM            0x080084c8        0x8
                0x080084c8                        __exidx_start = .
 *(.ARM.exidx*)
 .ARM.exidx     0x080084c8        0x8 C:/ST/STM32CubeCLT_1.16.0/GNU-tools-for-STM32/bin/../lib/gcc/arm-none-eabi/12.3.1/thumb/v7e-m+fp/hard\libgcc.a(_udivmoddi4.o)
 .ARM.exidx     0x080084d0        0x0 C:/ST/STM32CubeCLT_1.16.0/GNU-tools-for-STM32/bin/../lib/gcc/arm-none-eabi/12.3.1/../../../../arm-none-eabi/lib/thumb/v7e-m+fp/hard\libg_nano.a(libc_a-memchr.o)
                                  0x8 (size before relaxing)
                0x080084d0                        __exidx_end = .

.rel.dyn        0x080084d0        0x0
 .rel.iplt      0x080084d0        0x0 C:/ST/STM32CubeCLT_1.16.0/GNU-tools-for-STM32/bin/../lib/gcc/arm-none-eabi/12.3.1/thumb/v7e-m+fp/hard/crtbegin.o

.preinit_array  0x080084d0        0x0
                0x080084d0                        PROVIDE (__preinit_array_start = .)
 *(.preinit_array*)
                0x080084d0                        PROVIDE (__preinit_array_end = .)

.init_array     0x080084d0        0x4
                0x080084d0                        PROVIDE (__init_array_start = .)
 *(SORT_BY_NAME(.init_array.*))
 *(.init_array*)
 .init_array    0x080084d0        0x4 C:/ST/STM32CubeCLT_1.16.0/GNU-tools-for-STM32/bin/../lib/gcc/arm-none-eabi/12.3.1/thumb/v7e-m+fp/hard/crtbegin.o
                0x080084d4                        PROVIDE (__init_array_end = .)

.fini_array     0x080084d4        0x4
                [!provide]                        PROVIDE (__fini_array_start = .)
 *(SORT_BY_NAME(.fini_array.*))
 *(.fini_array*)
 .fini_array    0x080084d4        0x4 C:/ST/STM32CubeCLT_1.16.0/GNU-tools-for-STM32/bin/../lib/gcc/arm-none-eabi/12.3.1/thumb/v7e-m+fp/hard/crtbegin.o
                [!provide]                        PROVIDE (__fini_array_end = .)
                0x080084d8                        _sidata = LOADADDR (.data)

.data           0x20000000       0x98 load address 0x080084d8
                0x20000000                        . = ALIGN (0x4)
                0x20000000                        _sdata = .
 *(.data)
 *(.data*)
 .data._impure_ptr
                0x20000000        0x4 C:/ST/STM32CubeCLT_1.16.0/GNU-tools-for-STM32/bin/../lib/gcc/arm-none-eabi/12.3.1/../../../../arm-none-eabi/lib/thumb/v7e-m+fp/hard\libc_nano.a(libc_a-impure.o)
                0x20000000                _impure_ptr
 .data._impure_data
                0x20000004       0x4c C:/ST/STM32CubeCLT_1.16.0/GNU-tools-for-STM32/bin/../lib/gcc/arm-none-eabi/12.3.1/../../../../arm-none-eabi/lib/thumb/v7e-m+fp/hard\libc_nano.a(libc_a-impure.o)
                0x20000004                _impure_data
 .data.onbz     0x20000050        0x1 CMakeFiles/DigitalClock.dir/Core/Src/main.c.obj
                0x20000050                onbz
 .data.strdp    0x20000051        0x1 CMakeFiles/DigitalClock.dir/Core/Src/main.c.obj
                0x20000051                strdp
 *fill*         0x20000052        0x2 
 .data.strleap  0x20000054        0x5 CMakeFiles/DigitalClock.dir/Core/Src/main.c.obj
                0x20000054                strleap
 *fill*         0x20000059        0x3 
 .data.str12H   0x2000005c        0x3 CMakeFiles/DigitalClock.dir/Core/Src/main.c.obj
                0x2000005c                str12H
 *fill*         0x2000005f        0x1 
 .data.strbz    0x20000060        0x4 CMakeFiles/DigitalClock.dir/Core/Src/main.c.obj
                0x20000060                strbz
 .data.clock_time
                0x20000064       0x18 CMakeFiles/DigitalClock.dir/Core/Src/main.c.obj
                0x20000064                clock_time
 .data.clock_set
                0x2000007c        0x4 CMakeFiles/DigitalClock.dir/Core/Src/main.c.obj
                0x2000007c                clock_set
 .data.stralarm
                0x20000080        0x4 CMakeFiles/DigitalClock.dir/Core/Src/main.c.obj
                0x20000080                stralarm
 .data.strrpt   0x20000084        0x4 CMakeFiles/DigitalClock.dir/Core/Src/main.c.obj
                0x20000084                strrpt
 .data.alarm_set
                0x20000088        0x4 CMakeFiles/DigitalClock.dir/Core/Src/main.c.obj
                0x20000088                alarm_set
 .data.SystemCoreClock
                0x2000008c        0x4 CMakeFiles/DigitalClock.dir/Core/Src/system_stm32f4xx.c.obj
                0x2000008c                SystemCoreClock
 .data.uwTickPrio
                0x20000090        0x4 CMakeFiles/DigitalClock.dir/Drivers/STM32F4xx_HAL_Driver/Src/stm32f4xx_hal.c.obj
                0x20000090                uwTickPrio
 .data.uwTickFreq
                0x20000094        0x1 CMakeFiles/DigitalClock.dir/Drivers/STM32F4xx_HAL_Driver/Src/stm32f4xx_hal.c.obj
                0x20000094                uwTickFreq
                0x20000098                        . = ALIGN (0x4)
 *fill*         0x20000095        0x3 
                0x20000098                        _edata = .
                0x08008570                        _siccmram = LOADADDR (.ccmram)

.igot.plt       0x20000098        0x0 load address 0x08008570
 .igot.plt      0x20000098        0x0 C:/ST/STM32CubeCLT_1.16.0/GNU-tools-for-STM32/bin/../lib/gcc/arm-none-eabi/12.3.1/thumb/v7e-m+fp/hard/crtbegin.o

.ccmram         0x10000000        0x0 load address 0x08008570
                0x10000000                        . = ALIGN (0x4)
                0x10000000                        _sccmram = .
 *(.ccmram)
 *(.ccmram*)
                0x10000000                        . = ALIGN (0x4)
                0x10000000                        _eccmram = .
                0x10000000                        . = ALIGN (0x4)

.bss            0x20000098      0x37c
                0x20000098                        _sbss = .
                0x20000098                        __bss_start__ = _sbss
 *(.bss)
 .bss           0x20000098       0x1c C:/ST/STM32CubeCLT_1.16.0/GNU-tools-for-STM32/bin/../lib/gcc/arm-none-eabi/12.3.1/thumb/v7e-m+fp/hard/crtbegin.o
 *(.bss*)
 .bss.__sf      0x200000b4      0x138 C:/ST/STM32CubeCLT_1.16.0/GNU-tools-for-STM32/bin/../lib/gcc/arm-none-eabi/12.3.1/../../../../arm-none-eabi/lib/thumb/v7e-m+fp/hard\libc_nano.a(libc_a-findfp.o)
                0x200000b4                __sf
 .bss.errno     0x200001ec        0x4 C:/ST/STM32CubeCLT_1.16.0/GNU-tools-for-STM32/bin/../lib/gcc/arm-none-eabi/12.3.1/../../../../arm-none-eabi/lib/thumb/v7e-m+fp/hard\libc_nano.a(libc_a-reent.o)
                0x200001ec                errno
 .bss.__lock___malloc_recursive_mutex
                0x200001f0        0x1 C:/ST/STM32CubeCLT_1.16.0/GNU-tools-for-STM32/bin/../lib/gcc/arm-none-eabi/12.3.1/../../../../arm-none-eabi/lib/thumb/v7e-m+fp/hard\libc_nano.a(libc_a-lock.o)
                0x200001f0                __lock___malloc_recursive_mutex
 *fill*         0x200001f1        0x3 
 .bss.__malloc_sbrk_start
                0x200001f4        0x4 C:/ST/STM32CubeCLT_1.16.0/GNU-tools-for-STM32/bin/../lib/gcc/arm-none-eabi/12.3.1/../../../../arm-none-eabi/lib/thumb/v7e-m+fp/hard\libc_nano.a(libc_a-mallocr.o)
                0x200001f4                __malloc_sbrk_start
 .bss.__malloc_free_list
                0x200001f8        0x4 C:/ST/STM32CubeCLT_1.16.0/GNU-tools-for-STM32/bin/../lib/gcc/arm-none-eabi/12.3.1/../../../../arm-none-eabi/lib/thumb/v7e-m+fp/hard\libc_nano.a(libc_a-mallocr.o)
                0x200001f8                __malloc_free_list
 .bss.htim2     0x200001fc       0x48 CMakeFiles/DigitalClock.dir/Core/Src/main.c.obj
                0x200001fc                htim2
 .bss.htim6     0x20000244       0x48 CMakeFiles/DigitalClock.dir/Core/Src/main.c.obj
                0x20000244                htim6
 .bss.huart3    0x2000028c       0x48 CMakeFiles/DigitalClock.dir/Core/Src/main.c.obj
                0x2000028c                huart3
 .bss.clock_mode
                0x200002d4        0x1 CMakeFiles/DigitalClock.dir/Core/Src/main.c.obj
                0x200002d4                clock_mode
 *fill*         0x200002d5        0x3 
 .bss.str1      0x200002d8       0x14 CMakeFiles/DigitalClock.dir/Core/Src/main.c.obj
                0x200002d8                str1
 .bss.str2      0x200002ec       0x14 CMakeFiles/DigitalClock.dir/Core/Src/main.c.obj
                0x200002ec                str2
 .bss.ondp      0x20000300        0x1 CMakeFiles/DigitalClock.dir/Core/Src/main.c.obj
                0x20000300                ondp
 *fill*         0x20000301        0x3 
 .bss.sw1       0x20000304       0x16 CMakeFiles/DigitalClock.dir/Core/Src/main.c.obj
                0x20000304                sw1
 *fill*         0x2000031a        0x2 
 .bss.sw2       0x2000031c       0x16 CMakeFiles/DigitalClock.dir/Core/Src/main.c.obj
                0x2000031c                sw2
 *fill*         0x20000332        0x2 
 .bss.sw3       0x20000334       0x16 CMakeFiles/DigitalClock.dir/Core/Src/main.c.obj
                0x20000334                sw3
 *fill*         0x2000034a        0x2 
 .bss.sw4       0x2000034c       0x16 CMakeFiles/DigitalClock.dir/Core/Src/main.c.obj
                0x2000034c                sw4
 *fill*         0x20000362        0x2 
 .bss.clock_bz  0x20000364        0x6 CMakeFiles/DigitalClock.dir/Core/Src/main.c.obj
                0x20000364                clock_bz
 .bss.isleap    0x2000036a        0x1 CMakeFiles/DigitalClock.dir/Core/Src/main.c.obj
                0x2000036a                isleap
 .bss.clock_form
                0x2000036b        0x1 CMakeFiles/DigitalClock.dir/Core/Src/main.c.obj
                0x2000036b                clock_form
 .bss.clock_count
                0x2000036c        0x2 CMakeFiles/DigitalClock.dir/Core/Src/main.c.obj
                0x2000036c                clock_count
 .bss.clock_set_timer
                0x2000036e        0x2 CMakeFiles/DigitalClock.dir/Core/Src/main.c.obj
                0x2000036e                clock_set_timer
 .bss.alarm     0x20000370       0x1e CMakeFiles/DigitalClock.dir/Core/Src/main.c.obj
                0x20000370                alarm
 .bss.alarm_bz  0x2000038e        0x1 CMakeFiles/DigitalClock.dir/Core/Src/main.c.obj
                0x2000038e                alarm_bz
 .bss.alarm_bz_off_flag
                0x2000038f        0x1 CMakeFiles/DigitalClock.dir/Core/Src/main.c.obj
                0x2000038f                alarm_bz_off_flag
 .bss.alarm_bz_tic
                0x20000390        0x1 CMakeFiles/DigitalClock.dir/Core/Src/main.c.obj
                0x20000390                alarm_bz_tic
 .bss.alarm_sw_flag
                0x20000391        0x1 CMakeFiles/DigitalClock.dir/Core/Src/main.c.obj
                0x20000391                alarm_sw_flag
 .bss.hour12H   0x20000392        0x1 CMakeFiles/DigitalClock.dir/Core/Src/main.c.obj
                0x20000392                hour12H
 *fill*         0x20000393        0x1 
 .bss.alarm_timer
                0x20000394        0x2 CMakeFiles/DigitalClock.dir/Core/Src/main.c.obj
                0x20000394                alarm_timer
 .bss.alarm_bz_count
                0x20000396        0x2 CMakeFiles/DigitalClock.dir/Core/Src/main.c.obj
                0x20000396                alarm_bz_count
 .bss.alarm_count
                0x20000398        0x1 CMakeFiles/DigitalClock.dir/Core/Src/main.c.obj
                0x20000398                alarm_count
 *fill*         0x20000399        0x1 
 .bss.alarm_set_timer
                0x2000039a        0x2 CMakeFiles/DigitalClock.dir/Core/Src/main.c.obj
                0x2000039a                alarm_set_timer
 .bss.stopw_status
                0x2000039c        0x1 CMakeFiles/DigitalClock.dir/Core/Src/main.c.obj
                0x2000039c                stopw_status
 *fill*         0x2000039d        0x3 
 .bss.lap_save  0x200003a0       0x5a CMakeFiles/DigitalClock.dir/Core/Src/main.c.obj
                0x200003a0                lap_save
 .bss.lap_count
                0x200003fa        0x1 CMakeFiles/DigitalClock.dir/Core/Src/main.c.obj
                0x200003fa                lap_count
 .bss.lap_display_count
                0x200003fb        0x1 CMakeFiles/DigitalClock.dir/Core/Src/main.c.obj
                0x200003fb                lap_display_count
 .bss.stopw_count
                0x200003fc        0x2 CMakeFiles/DigitalClock.dir/Core/Src/main.c.obj
                0x200003fc                stopw_count
 *fill*         0x200003fe        0x2 
 .bss.stopw_time
                0x20000400        0x8 CMakeFiles/DigitalClock.dir/Core/Src/main.c.obj
                0x20000400                stopw_time
 .bss.stopw_timer
                0x20000408        0x2 CMakeFiles/DigitalClock.dir/Core/Src/main.c.obj
                0x20000408                stopw_timer
 *fill*         0x2000040a        0x2 
 .bss.__sbrk_heap_end
                0x2000040c        0x4 CMakeFiles/DigitalClock.dir/Core/Src/sysmem.c.obj
 .bss.uwTick    0x20000410        0x4 CMakeFiles/DigitalClock.dir/Drivers/STM32F4xx_HAL_Driver/Src/stm32f4xx_hal.c.obj
                0x20000410                uwTick
 *(COMMON)
                0x20000414                        . = ALIGN (0x4)
                0x20000414                        _ebss = .
                0x20000414                        __bss_end__ = _ebss

._user_heap_stack
                0x20000414      0x604
                0x20000418                        . = ALIGN (0x8)
 *fill*         0x20000414        0x4 
                [!provide]                        PROVIDE (end = .)
                0x20000418                        PROVIDE (_end = .)
                0x20000618                        . = (. + _Min_Heap_Size)
 *fill*         0x20000418      0x200 
                0x20000a18                        . = (. + _Min_Stack_Size)
 *fill*         0x20000618      0x400 
                0x20000a18                        . = ALIGN (0x8)

/DISCARD/
 libc.a(*)
 libm.a(*)
 libgcc.a(*)

.ARM.attributes
                0x00000000       0x30
 *(.ARM.attributes)
 .ARM.attributes
                0x00000000       0x22 C:/ST/STM32CubeCLT_1.16.0/GNU-tools-for-STM32/bin/../lib/gcc/arm-none-eabi/12.3.1/thumb/v7e-m+fp/hard/crti.o
 .ARM.attributes
                0x00000022       0x34 C:/ST/STM32CubeCLT_1.16.0/GNU-tools-for-STM32/bin/../lib/gcc/arm-none-eabi/12.3.1/thumb/v7e-m+fp/hard/crtbegin.o
 .ARM.attributes
                0x00000056       0x34 C:/ST/STM32CubeCLT_1.16.0/GNU-tools-for-STM32/bin/../lib/gcc/arm-none-eabi/12.3.1/../../../../arm-none-eabi/lib/thumb/v7e-m+fp/hard\libc_nano.a(libc_a-findfp.o)
 .ARM.attributes
                0x0000008a       0x34 C:/ST/STM32CubeCLT_1.16.0/GNU-tools-for-STM32/bin/../lib/gcc/arm-none-eabi/12.3.1/../../../../arm-none-eabi/lib/thumb/v7e-m+fp/hard\libc_nano.a(libc_a-memset.o)
 .ARM.attributes
                0x000000be       0x34 C:/ST/STM32CubeCLT_1.16.0/GNU-tools-for-STM32/bin/../lib/gcc/arm-none-eabi/12.3.1/../../../../arm-none-eabi/lib/thumb/v7e-m+fp/hard\libc_nano.a(libc_a-reent.o)
 .ARM.attributes
                0x000000f2       0x34 C:/ST/STM32CubeCLT_1.16.0/GNU-tools-for-STM32/bin/../lib/gcc/arm-none-eabi/12.3.1/../../../../arm-none-eabi/lib/thumb/v7e-m+fp/hard\libc_nano.a(libc_a-impure.o)
 .ARM.attributes
                0x00000126       0x34 C:/ST/STM32CubeCLT_1.16.0/GNU-tools-for-STM32/bin/../lib/gcc/arm-none-eabi/12.3.1/../../../../arm-none-eabi/lib/thumb/v7e-m+fp/hard\libc_nano.a(libc_a-init.o)
 .ARM.attributes
                0x0000015a       0x34 C:/ST/STM32CubeCLT_1.16.0/GNU-tools-for-STM32/bin/../lib/gcc/arm-none-eabi/12.3.1/../../../../arm-none-eabi/lib/thumb/v7e-m+fp/hard\libc_nano.a(libc_a-lock.o)
 .ARM.attributes
                0x0000018e       0x34 C:/ST/STM32CubeCLT_1.16.0/GNU-tools-for-STM32/bin/../lib/gcc/arm-none-eabi/12.3.1/../../../../arm-none-eabi/lib/thumb/v7e-m+fp/hard\libc_nano.a(libc_a-freer.o)
 .ARM.attributes
                0x000001c2       0x34 C:/ST/STM32CubeCLT_1.16.0/GNU-tools-for-STM32/bin/../lib/gcc/arm-none-eabi/12.3.1/../../../../arm-none-eabi/lib/thumb/v7e-m+fp/hard\libc_nano.a(libc_a-mallocr.o)
 .ARM.attributes
                0x000001f6       0x34 C:/ST/STM32CubeCLT_1.16.0/GNU-tools-for-STM32/bin/../lib/gcc/arm-none-eabi/12.3.1/../../../../arm-none-eabi/lib/thumb/v7e-m+fp/hard\libc_nano.a(libc_a-mlock.o)
 .ARM.attributes
                0x0000022a       0x34 C:/ST/STM32CubeCLT_1.16.0/GNU-tools-for-STM32/bin/../lib/gcc/arm-none-eabi/12.3.1/../../../../arm-none-eabi/lib/thumb/v7e-m+fp/hard\libc_nano.a(libc_a-sbrkr.o)
 .ARM.attributes
                0x0000025e       0x34 CMakeFiles/DigitalClock.dir/Core/Src/7SEG.c.obj
 .ARM.attributes
                0x00000292       0x34 CMakeFiles/DigitalClock.dir/Core/Src/CLCD.c.obj
 .ARM.attributes
                0x000002c6       0x34 CMakeFiles/DigitalClock.dir/Core/Src/_alarm.c.obj
 .ARM.attributes
                0x000002fa       0x34 CMakeFiles/DigitalClock.dir/Core/Src/_alarm_set.c.obj
 .ARM.attributes
                0x0000032e       0x34 CMakeFiles/DigitalClock.dir/Core/Src/_clcok.c.obj
 .ARM.attributes
                0x00000362       0x34 CMakeFiles/DigitalClock.dir/Core/Src/_clock_set.c.obj
 .ARM.attributes
                0x00000396       0x34 CMakeFiles/DigitalClock.dir/Core/Src/_led.c.obj
 .ARM.attributes
                0x000003ca       0x34 CMakeFiles/DigitalClock.dir/Core/Src/_stopwatch.c.obj
 .ARM.attributes
                0x000003fe       0x34 CMakeFiles/DigitalClock.dir/Core/Src/_switch.c.obj
 .ARM.attributes
                0x00000432       0x34 CMakeFiles/DigitalClock.dir/Core/Src/main.c.obj
 .ARM.attributes
                0x00000466       0x34 CMakeFiles/DigitalClock.dir/Core/Src/stm32f4xx_hal_msp.c.obj
 .ARM.attributes
                0x0000049a       0x34 CMakeFiles/DigitalClock.dir/Core/Src/stm32f4xx_it.c.obj
 .ARM.attributes
                0x000004ce       0x34 CMakeFiles/DigitalClock.dir/Core/Src/sysmem.c.obj
 .ARM.attributes
                0x00000502       0x34 CMakeFiles/DigitalClock.dir/Core/Src/system_stm32f4xx.c.obj
 .ARM.attributes
                0x00000536       0x34 CMakeFiles/DigitalClock.dir/Drivers/STM32F4xx_HAL_Driver/Src/stm32f4xx_hal_tim.c.obj
 .ARM.attributes
                0x0000056a       0x34 CMakeFiles/DigitalClock.dir/Drivers/STM32F4xx_HAL_Driver/Src/stm32f4xx_hal_tim_ex.c.obj
 .ARM.attributes
                0x0000059e       0x34 CMakeFiles/DigitalClock.dir/Drivers/STM32F4xx_HAL_Driver/Src/stm32f4xx_hal_rcc.c.obj
 .ARM.attributes
                0x000005d2       0x34 CMakeFiles/DigitalClock.dir/Drivers/STM32F4xx_HAL_Driver/Src/stm32f4xx_hal_gpio.c.obj
 .ARM.attributes
                0x00000606       0x34 CMakeFiles/DigitalClock.dir/Drivers/STM32F4xx_HAL_Driver/Src/stm32f4xx_hal_dma.c.obj
 .ARM.attributes
                0x0000063a       0x34 CMakeFiles/DigitalClock.dir/Drivers/STM32F4xx_HAL_Driver/Src/stm32f4xx_hal_cortex.c.obj
 .ARM.attributes
                0x0000066e       0x34 CMakeFiles/DigitalClock.dir/Drivers/STM32F4xx_HAL_Driver/Src/stm32f4xx_hal.c.obj
 .ARM.attributes
                0x000006a2       0x34 CMakeFiles/DigitalClock.dir/Drivers/STM32F4xx_HAL_Driver/Src/stm32f4xx_hal_uart.c.obj
 .ARM.attributes
                0x000006d6       0x21 CMakeFiles/DigitalClock.dir/startup_stm32f407xx.s.obj
 .ARM.attributes
                0x000006f7       0x22 C:/ST/STM32CubeCLT_1.16.0/GNU-tools-for-STM32/bin/../lib/gcc/arm-none-eabi/12.3.1/thumb/v7e-m+fp/hard\libgcc.a(_aeabi_uldivmod.o)
 .ARM.attributes
                0x00000719       0x34 C:/ST/STM32CubeCLT_1.16.0/GNU-tools-for-STM32/bin/../lib/gcc/arm-none-eabi/12.3.1/thumb/v7e-m+fp/hard\libgcc.a(_udivmoddi4.o)
 .ARM.attributes
                0x0000074d       0x22 C:/ST/STM32CubeCLT_1.16.0/GNU-tools-for-STM32/bin/../lib/gcc/arm-none-eabi/12.3.1/thumb/v7e-m+fp/hard\libgcc.a(_dvmd_tls.o)
 .ARM.attributes
                0x0000076f       0x34 C:/ST/STM32CubeCLT_1.16.0/GNU-tools-for-STM32/bin/../lib/gcc/arm-none-eabi/12.3.1/../../../../arm-none-eabi/lib/thumb/v7e-m+fp/hard\libg_nano.a(libc_a-sprintf.o)
 .ARM.attributes
                0x000007a3       0x34 C:/ST/STM32CubeCLT_1.16.0/GNU-tools-for-STM32/bin/../lib/gcc/arm-none-eabi/12.3.1/../../../../arm-none-eabi/lib/thumb/v7e-m+fp/hard\libg_nano.a(libc_a-errno.o)
 .ARM.attributes
                0x000007d7       0x34 C:/ST/STM32CubeCLT_1.16.0/GNU-tools-for-STM32/bin/../lib/gcc/arm-none-eabi/12.3.1/../../../../arm-none-eabi/lib/thumb/v7e-m+fp/hard\libg_nano.a(libc_a-nano-svfprintf.o)
 .ARM.attributes
                0x0000080b       0x34 C:/ST/STM32CubeCLT_1.16.0/GNU-tools-for-STM32/bin/../lib/gcc/arm-none-eabi/12.3.1/../../../../arm-none-eabi/lib/thumb/v7e-m+fp/hard\libg_nano.a(libc_a-nano-vfprintf_i.o)
 .ARM.attributes
                0x0000083f       0x34 C:/ST/STM32CubeCLT_1.16.0/GNU-tools-for-STM32/bin/../lib/gcc/arm-none-eabi/12.3.1/../../../../arm-none-eabi/lib/thumb/v7e-m+fp/hard\libg_nano.a(libc_a-memmove.o)
 .ARM.attributes
                0x00000873       0x1c C:/ST/STM32CubeCLT_1.16.0/GNU-tools-for-STM32/bin/../lib/gcc/arm-none-eabi/12.3.1/../../../../arm-none-eabi/lib/thumb/v7e-m+fp/hard\libg_nano.a(libc_a-memchr.o)
 .ARM.attributes
                0x0000088f       0x34 C:/ST/STM32CubeCLT_1.16.0/GNU-tools-for-STM32/bin/../lib/gcc/arm-none-eabi/12.3.1/../../../../arm-none-eabi/lib/thumb/v7e-m+fp/hard\libg_nano.a(libc_a-memcpy-stub.o)
 .ARM.attributes
                0x000008c3       0x34 C:/ST/STM32CubeCLT_1.16.0/GNU-tools-for-STM32/bin/../lib/gcc/arm-none-eabi/12.3.1/../../../../arm-none-eabi/lib/thumb/v7e-m+fp/hard\libg_nano.a(libc_a-reallocr.o)
 .ARM.attributes
                0x000008f7       0x34 C:/ST/STM32CubeCLT_1.16.0/GNU-tools-for-STM32/bin/../lib/gcc/arm-none-eabi/12.3.1/../../../../arm-none-eabi/lib/thumb/v7e-m+fp/hard\libg_nano.a(libc_a-msizer.o)
 .ARM.attributes
                0x0000092b       0x22 C:/ST/STM32CubeCLT_1.16.0/GNU-tools-for-STM32/bin/../lib/gcc/arm-none-eabi/12.3.1/thumb/v7e-m+fp/hard/crtn.o
OUTPUT(DigitalClock.elf elf32-littlearm)
LOAD linker stubs
LOAD C:/ST/STM32CubeCLT_1.16.0/GNU-tools-for-STM32/bin/../lib/gcc/arm-none-eabi/12.3.1/../../../../arm-none-eabi/lib/thumb/v7e-m+fp/hard\libc.a
LOAD C:/ST/STM32CubeCLT_1.16.0/GNU-tools-for-STM32/bin/../lib/gcc/arm-none-eabi/12.3.1/../../../../arm-none-eabi/lib/thumb/v7e-m+fp/hard\libm.a
LOAD C:/ST/STM32CubeCLT_1.16.0/GNU-tools-for-STM32/bin/../lib/gcc/arm-none-eabi/12.3.1/thumb/v7e-m+fp/hard\libgcc.a

.debug_frame    0x00000000     0x40bc
 .debug_frame   0x00000000      0x144 C:/ST/STM32CubeCLT_1.16.0/GNU-tools-for-STM32/bin/../lib/gcc/arm-none-eabi/12.3.1/../../../../arm-none-eabi/lib/thumb/v7e-m+fp/hard\libc_nano.a(libc_a-findfp.o)
 .debug_frame   0x00000144       0x20 C:/ST/STM32CubeCLT_1.16.0/GNU-tools-for-STM32/bin/../lib/gcc/arm-none-eabi/12.3.1/../../../../arm-none-eabi/lib/thumb/v7e-m+fp/hard\libc_nano.a(libc_a-memset.o)
 .debug_frame   0x00000164       0x38 C:/ST/STM32CubeCLT_1.16.0/GNU-tools-for-STM32/bin/../lib/gcc/arm-none-eabi/12.3.1/../../../../arm-none-eabi/lib/thumb/v7e-m+fp/hard\libc_nano.a(libc_a-reent.o)
 .debug_frame   0x0000019c       0x2c C:/ST/STM32CubeCLT_1.16.0/GNU-tools-for-STM32/bin/../lib/gcc/arm-none-eabi/12.3.1/../../../../arm-none-eabi/lib/thumb/v7e-m+fp/hard\libc_nano.a(libc_a-init.o)
 .debug_frame   0x000001c8       0xb0 C:/ST/STM32CubeCLT_1.16.0/GNU-tools-for-STM32/bin/../lib/gcc/arm-none-eabi/12.3.1/../../../../arm-none-eabi/lib/thumb/v7e-m+fp/hard\libc_nano.a(libc_a-lock.o)
 .debug_frame   0x00000278       0x38 C:/ST/STM32CubeCLT_1.16.0/GNU-tools-for-STM32/bin/../lib/gcc/arm-none-eabi/12.3.1/../../../../arm-none-eabi/lib/thumb/v7e-m+fp/hard\libc_nano.a(libc_a-freer.o)
 .debug_frame   0x000002b0       0x50 C:/ST/STM32CubeCLT_1.16.0/GNU-tools-for-STM32/bin/../lib/gcc/arm-none-eabi/12.3.1/../../../../arm-none-eabi/lib/thumb/v7e-m+fp/hard\libc_nano.a(libc_a-mallocr.o)
 .debug_frame   0x00000300       0x30 C:/ST/STM32CubeCLT_1.16.0/GNU-tools-for-STM32/bin/../lib/gcc/arm-none-eabi/12.3.1/../../../../arm-none-eabi/lib/thumb/v7e-m+fp/hard\libc_nano.a(libc_a-mlock.o)
 .debug_frame   0x00000330       0x2c C:/ST/STM32CubeCLT_1.16.0/GNU-tools-for-STM32/bin/../lib/gcc/arm-none-eabi/12.3.1/../../../../arm-none-eabi/lib/thumb/v7e-m+fp/hard\libc_nano.a(libc_a-sbrkr.o)
 .debug_frame   0x0000035c       0x5c CMakeFiles/DigitalClock.dir/Core/Src/7SEG.c.obj
 .debug_frame   0x000003b8       0xfc CMakeFiles/DigitalClock.dir/Core/Src/CLCD.c.obj
 .debug_frame   0x000004b4      0x11c CMakeFiles/DigitalClock.dir/Core/Src/_alarm.c.obj
 .debug_frame   0x000005d0       0xb0 CMakeFiles/DigitalClock.dir/Core/Src/_alarm_set.c.obj
 .debug_frame   0x00000680      0x12c CMakeFiles/DigitalClock.dir/Core/Src/_clcok.c.obj
 .debug_frame   0x000007ac       0xc8 CMakeFiles/DigitalClock.dir/Core/Src/_clock_set.c.obj
 .debug_frame   0x00000874       0x2c CMakeFiles/DigitalClock.dir/Core/Src/_led.c.obj
 .debug_frame   0x000008a0      0x114 CMakeFiles/DigitalClock.dir/Core/Src/_stopwatch.c.obj
 .debug_frame   0x000009b4      0x118 CMakeFiles/DigitalClock.dir/Core/Src/_switch.c.obj
 .debug_frame   0x00000acc      0x154 CMakeFiles/DigitalClock.dir/Core/Src/main.c.obj
 .debug_frame   0x00000c20       0xf0 CMakeFiles/DigitalClock.dir/Core/Src/stm32f4xx_hal_msp.c.obj
 .debug_frame   0x00000d10      0x190 CMakeFiles/DigitalClock.dir/Core/Src/stm32f4xx_it.c.obj
 .debug_frame   0x00000ea0       0x34 CMakeFiles/DigitalClock.dir/Core/Src/sysmem.c.obj
 .debug_frame   0x00000ed4       0x58 CMakeFiles/DigitalClock.dir/Core/Src/system_stm32f4xx.c.obj
 .debug_frame   0x00000f2c     0x11c0 CMakeFiles/DigitalClock.dir/Drivers/STM32F4xx_HAL_Driver/Src/stm32f4xx_hal_tim.c.obj
 .debug_frame   0x000020ec      0x638 CMakeFiles/DigitalClock.dir/Drivers/STM32F4xx_HAL_Driver/Src/stm32f4xx_hal_tim_ex.c.obj
 .debug_frame   0x00002724      0x1f4 CMakeFiles/DigitalClock.dir/Drivers/STM32F4xx_HAL_Driver/Src/stm32f4xx_hal_rcc.c.obj
 .debug_frame   0x00002918      0x14c CMakeFiles/DigitalClock.dir/Drivers/STM32F4xx_HAL_Driver/Src/stm32f4xx_hal_gpio.c.obj
 .debug_frame   0x00002a64      0x250 CMakeFiles/DigitalClock.dir/Drivers/STM32F4xx_HAL_Driver/Src/stm32f4xx_hal_dma.c.obj
 .debug_frame   0x00002cb4      0x4b8 CMakeFiles/DigitalClock.dir/Drivers/STM32F4xx_HAL_Driver/Src/stm32f4xx_hal_cortex.c.obj
 .debug_frame   0x0000316c      0x374 CMakeFiles/DigitalClock.dir/Drivers/STM32F4xx_HAL_Driver/Src/stm32f4xx_hal.c.obj
 .debug_frame   0x000034e0      0x954 CMakeFiles/DigitalClock.dir/Drivers/STM32F4xx_HAL_Driver/Src/stm32f4xx_hal_uart.c.obj
 .debug_frame   0x00003e34       0x2c C:/ST/STM32CubeCLT_1.16.0/GNU-tools-for-STM32/bin/../lib/gcc/arm-none-eabi/12.3.1/thumb/v7e-m+fp/hard\libgcc.a(_aeabi_uldivmod.o)
 .debug_frame   0x00003e60       0x34 C:/ST/STM32CubeCLT_1.16.0/GNU-tools-for-STM32/bin/../lib/gcc/arm-none-eabi/12.3.1/thumb/v7e-m+fp/hard\libgcc.a(_udivmoddi4.o)
 .debug_frame   0x00003e94       0x6c C:/ST/STM32CubeCLT_1.16.0/GNU-tools-for-STM32/bin/../lib/gcc/arm-none-eabi/12.3.1/../../../../arm-none-eabi/lib/thumb/v7e-m+fp/hard\libg_nano.a(libc_a-sprintf.o)
 .debug_frame   0x00003f00       0x20 C:/ST/STM32CubeCLT_1.16.0/GNU-tools-for-STM32/bin/../lib/gcc/arm-none-eabi/12.3.1/../../../../arm-none-eabi/lib/thumb/v7e-m+fp/hard\libg_nano.a(libc_a-errno.o)
 .debug_frame   0x00003f20       0x90 C:/ST/STM32CubeCLT_1.16.0/GNU-tools-for-STM32/bin/../lib/gcc/arm-none-eabi/12.3.1/../../../../arm-none-eabi/lib/thumb/v7e-m+fp/hard\libg_nano.a(libc_a-nano-svfprintf.o)
 .debug_frame   0x00003fb0       0x60 C:/ST/STM32CubeCLT_1.16.0/GNU-tools-for-STM32/bin/../lib/gcc/arm-none-eabi/12.3.1/../../../../arm-none-eabi/lib/thumb/v7e-m+fp/hard\libg_nano.a(libc_a-nano-vfprintf_i.o)
 .debug_frame   0x00004010       0x28 C:/ST/STM32CubeCLT_1.16.0/GNU-tools-for-STM32/bin/../lib/gcc/arm-none-eabi/12.3.1/../../../../arm-none-eabi/lib/thumb/v7e-m+fp/hard\libg_nano.a(libc_a-memmove.o)
 .debug_frame   0x00004038       0x28 C:/ST/STM32CubeCLT_1.16.0/GNU-tools-for-STM32/bin/../lib/gcc/arm-none-eabi/12.3.1/../../../../arm-none-eabi/lib/thumb/v7e-m+fp/hard\libg_nano.a(libc_a-memcpy-stub.o)
 .debug_frame   0x00004060       0x3c C:/ST/STM32CubeCLT_1.16.0/GNU-tools-for-STM32/bin/../lib/gcc/arm-none-eabi/12.3.1/../../../../arm-none-eabi/lib/thumb/v7e-m+fp/hard\libg_nano.a(libc_a-reallocr.o)
 .debug_frame   0x0000409c       0x20 C:/ST/STM32CubeCLT_1.16.0/GNU-tools-for-STM32/bin/../lib/gcc/arm-none-eabi/12.3.1/../../../../arm-none-eabi/lib/thumb/v7e-m+fp/hard\libg_nano.a(libc_a-msizer.o)

.debug_info     0x00000000    0x1552c
 .debug_info    0x00000000      0x446 CMakeFiles/DigitalClock.dir/Core/Src/7SEG.c.obj
 .debug_info    0x00000446      0x462 CMakeFiles/DigitalClock.dir/Core/Src/CLCD.c.obj
 .debug_info    0x000008a8      0xc95 CMakeFiles/DigitalClock.dir/Core/Src/_alarm.c.obj
 .debug_info    0x0000153d      0x4aa CMakeFiles/DigitalClock.dir/Core/Src/_alarm_set.c.obj
 .debug_info    0x000019e7      0xac1 CMakeFiles/DigitalClock.dir/Core/Src/_clcok.c.obj
 .debug_info    0x000024a8      0x3c0 CMakeFiles/DigitalClock.dir/Core/Src/_clock_set.c.obj
 .debug_info    0x00002868      0x1a1 CMakeFiles/DigitalClock.dir/Core/Src/_led.c.obj
 .debug_info    0x00002a09      0x623 CMakeFiles/DigitalClock.dir/Core/Src/_stopwatch.c.obj
 .debug_info    0x0000302c      0xa52 CMakeFiles/DigitalClock.dir/Core/Src/_switch.c.obj
 .debug_info    0x00003a7e     0x1d42 CMakeFiles/DigitalClock.dir/Core/Src/main.c.obj
 .debug_info    0x000057c0      0xf62 CMakeFiles/DigitalClock.dir/Core/Src/stm32f4xx_hal_msp.c.obj
 .debug_info    0x00006722      0x9d0 CMakeFiles/DigitalClock.dir/Core/Src/stm32f4xx_it.c.obj
 .debug_info    0x000070f2      0x168 CMakeFiles/DigitalClock.dir/Core/Src/sysmem.c.obj
 .debug_info    0x0000725a      0x512 CMakeFiles/DigitalClock.dir/Core/Src/system_stm32f4xx.c.obj
 .debug_info    0x0000776c     0x299d CMakeFiles/DigitalClock.dir/Drivers/STM32F4xx_HAL_Driver/Src/stm32f4xx_hal_tim.c.obj
 .debug_info    0x0000a109     0x14db CMakeFiles/DigitalClock.dir/Drivers/STM32F4xx_HAL_Driver/Src/stm32f4xx_hal_tim_ex.c.obj
 .debug_info    0x0000b5e4      0x8b1 CMakeFiles/DigitalClock.dir/Drivers/STM32F4xx_HAL_Driver/Src/stm32f4xx_hal_rcc.c.obj
 .debug_info    0x0000be95      0x6c3 CMakeFiles/DigitalClock.dir/Drivers/STM32F4xx_HAL_Driver/Src/stm32f4xx_hal_gpio.c.obj
 .debug_info    0x0000c558      0x8e7 CMakeFiles/DigitalClock.dir/Drivers/STM32F4xx_HAL_Driver/Src/stm32f4xx_hal_dma.c.obj
 .debug_info    0x0000ce3f      0xd57 CMakeFiles/DigitalClock.dir/Drivers/STM32F4xx_HAL_Driver/Src/stm32f4xx_hal_cortex.c.obj
 .debug_info    0x0000db96      0x944 CMakeFiles/DigitalClock.dir/Drivers/STM32F4xx_HAL_Driver/Src/stm32f4xx_hal.c.obj
 .debug_info    0x0000e4da     0x2f4f CMakeFiles/DigitalClock.dir/Drivers/STM32F4xx_HAL_Driver/Src/stm32f4xx_hal_uart.c.obj
 .debug_info    0x00011429       0x30 CMakeFiles/DigitalClock.dir/startup_stm32f407xx.s.obj
 .debug_info    0x00011459      0x87f C:/ST/STM32CubeCLT_1.16.0/GNU-tools-for-STM32/bin/../lib/gcc/arm-none-eabi/12.3.1/../../../../arm-none-eabi/lib/thumb/v7e-m+fp/hard\libg_nano.a(libc_a-sprintf.o)
 .debug_info    0x00011cd8      0x6fb C:/ST/STM32CubeCLT_1.16.0/GNU-tools-for-STM32/bin/../lib/gcc/arm-none-eabi/12.3.1/../../../../arm-none-eabi/lib/thumb/v7e-m+fp/hard\libg_nano.a(libc_a-errno.o)
 .debug_info    0x000123d3     0x10c7 C:/ST/STM32CubeCLT_1.16.0/GNU-tools-for-STM32/bin/../lib/gcc/arm-none-eabi/12.3.1/../../../../arm-none-eabi/lib/thumb/v7e-m+fp/hard\libg_nano.a(libc_a-nano-svfprintf.o)
 .debug_info    0x0001349a      0xde2 C:/ST/STM32CubeCLT_1.16.0/GNU-tools-for-STM32/bin/../lib/gcc/arm-none-eabi/12.3.1/../../../../arm-none-eabi/lib/thumb/v7e-m+fp/hard\libg_nano.a(libc_a-nano-vfprintf_i.o)
 .debug_info    0x0001427c      0x10f C:/ST/STM32CubeCLT_1.16.0/GNU-tools-for-STM32/bin/../lib/gcc/arm-none-eabi/12.3.1/../../../../arm-none-eabi/lib/thumb/v7e-m+fp/hard\libg_nano.a(libc_a-memmove.o)
 .debug_info    0x0001438b       0x25 C:/ST/STM32CubeCLT_1.16.0/GNU-tools-for-STM32/bin/../lib/gcc/arm-none-eabi/12.3.1/../../../../arm-none-eabi/lib/thumb/v7e-m+fp/hard\libg_nano.a(libc_a-memchr.o)
 .debug_info    0x000143b0      0x121 C:/ST/STM32CubeCLT_1.16.0/GNU-tools-for-STM32/bin/../lib/gcc/arm-none-eabi/12.3.1/../../../../arm-none-eabi/lib/thumb/v7e-m+fp/hard\libg_nano.a(libc_a-memcpy-stub.o)
 .debug_info    0x000144d1      0x8c7 C:/ST/STM32CubeCLT_1.16.0/GNU-tools-for-STM32/bin/../lib/gcc/arm-none-eabi/12.3.1/../../../../arm-none-eabi/lib/thumb/v7e-m+fp/hard\libg_nano.a(libc_a-reallocr.o)
 .debug_info    0x00014d98      0x794 C:/ST/STM32CubeCLT_1.16.0/GNU-tools-for-STM32/bin/../lib/gcc/arm-none-eabi/12.3.1/../../../../arm-none-eabi/lib/thumb/v7e-m+fp/hard\libg_nano.a(libc_a-msizer.o)

.debug_abbrev   0x00000000     0x3c3f
 .debug_abbrev  0x00000000      0x17f CMakeFiles/DigitalClock.dir/Core/Src/7SEG.c.obj
 .debug_abbrev  0x0000017f      0x185 CMakeFiles/DigitalClock.dir/Core/Src/CLCD.c.obj
 .debug_abbrev  0x00000304      0x2cb CMakeFiles/DigitalClock.dir/Core/Src/_alarm.c.obj
 .debug_abbrev  0x000005cf      0x19b CMakeFiles/DigitalClock.dir/Core/Src/_alarm_set.c.obj
 .debug_abbrev  0x0000076a      0x27c CMakeFiles/DigitalClock.dir/Core/Src/_clcok.c.obj
 .debug_abbrev  0x000009e6      0x19a CMakeFiles/DigitalClock.dir/Core/Src/_clock_set.c.obj
 .debug_abbrev  0x00000b80       0xf0 CMakeFiles/DigitalClock.dir/Core/Src/_led.c.obj
 .debug_abbrev  0x00000c70      0x222 CMakeFiles/DigitalClock.dir/Core/Src/_stopwatch.c.obj
 .debug_abbrev  0x00000e92      0x200 CMakeFiles/DigitalClock.dir/Core/Src/_switch.c.obj
 .debug_abbrev  0x00001092      0x36b CMakeFiles/DigitalClock.dir/Core/Src/main.c.obj
 .debug_abbrev  0x000013fd      0x1f7 CMakeFiles/DigitalClock.dir/Core/Src/stm32f4xx_hal_msp.c.obj
 .debug_abbrev  0x000015f4      0x1ca CMakeFiles/DigitalClock.dir/Core/Src/stm32f4xx_it.c.obj
 .debug_abbrev  0x000017be       0xbc CMakeFiles/DigitalClock.dir/Core/Src/sysmem.c.obj
 .debug_abbrev  0x0000187a      0x11a CMakeFiles/DigitalClock.dir/Core/Src/system_stm32f4xx.c.obj
 .debug_abbrev  0x00001994      0x278 CMakeFiles/DigitalClock.dir/Drivers/STM32F4xx_HAL_Driver/Src/stm32f4xx_hal_tim.c.obj
 .debug_abbrev  0x00001c0c      0x283 CMakeFiles/DigitalClock.dir/Drivers/STM32F4xx_HAL_Driver/Src/stm32f4xx_hal_tim_ex.c.obj
 .debug_abbrev  0x00001e8f      0x2b6 CMakeFiles/DigitalClock.dir/Drivers/STM32F4xx_HAL_Driver/Src/stm32f4xx_hal_rcc.c.obj
 .debug_abbrev  0x00002145      0x1d4 CMakeFiles/DigitalClock.dir/Drivers/STM32F4xx_HAL_Driver/Src/stm32f4xx_hal_gpio.c.obj
 .debug_abbrev  0x00002319      0x264 CMakeFiles/DigitalClock.dir/Drivers/STM32F4xx_HAL_Driver/Src/stm32f4xx_hal_dma.c.obj
 .debug_abbrev  0x0000257d      0x328 CMakeFiles/DigitalClock.dir/Drivers/STM32F4xx_HAL_Driver/Src/stm32f4xx_hal_cortex.c.obj
 .debug_abbrev  0x000028a5      0x214 CMakeFiles/DigitalClock.dir/Drivers/STM32F4xx_HAL_Driver/Src/stm32f4xx_hal.c.obj
 .debug_abbrev  0x00002ab9      0x30e CMakeFiles/DigitalClock.dir/Drivers/STM32F4xx_HAL_Driver/Src/stm32f4xx_hal_uart.c.obj
 .debug_abbrev  0x00002dc7       0x24 CMakeFiles/DigitalClock.dir/startup_stm32f407xx.s.obj
 .debug_abbrev  0x00002deb      0x21c C:/ST/STM32CubeCLT_1.16.0/GNU-tools-for-STM32/bin/../lib/gcc/arm-none-eabi/12.3.1/../../../../arm-none-eabi/lib/thumb/v7e-m+fp/hard\libg_nano.a(libc_a-sprintf.o)
 .debug_abbrev  0x00003007      0x15e C:/ST/STM32CubeCLT_1.16.0/GNU-tools-for-STM32/bin/../lib/gcc/arm-none-eabi/12.3.1/../../../../arm-none-eabi/lib/thumb/v7e-m+fp/hard\libg_nano.a(libc_a-errno.o)
 .debug_abbrev  0x00003165      0x31e C:/ST/STM32CubeCLT_1.16.0/GNU-tools-for-STM32/bin/../lib/gcc/arm-none-eabi/12.3.1/../../../../arm-none-eabi/lib/thumb/v7e-m+fp/hard\libg_nano.a(libc_a-nano-svfprintf.o)
 .debug_abbrev  0x00003483      0x28e C:/ST/STM32CubeCLT_1.16.0/GNU-tools-for-STM32/bin/../lib/gcc/arm-none-eabi/12.3.1/../../../../arm-none-eabi/lib/thumb/v7e-m+fp/hard\libg_nano.a(libc_a-nano-vfprintf_i.o)
 .debug_abbrev  0x00003711       0xac C:/ST/STM32CubeCLT_1.16.0/GNU-tools-for-STM32/bin/../lib/gcc/arm-none-eabi/12.3.1/../../../../arm-none-eabi/lib/thumb/v7e-m+fp/hard\libg_nano.a(libc_a-memmove.o)
 .debug_abbrev  0x000037bd       0x14 C:/ST/STM32CubeCLT_1.16.0/GNU-tools-for-STM32/bin/../lib/gcc/arm-none-eabi/12.3.1/../../../../arm-none-eabi/lib/thumb/v7e-m+fp/hard\libg_nano.a(libc_a-memchr.o)
 .debug_abbrev  0x000037d1       0xc1 C:/ST/STM32CubeCLT_1.16.0/GNU-tools-for-STM32/bin/../lib/gcc/arm-none-eabi/12.3.1/../../../../arm-none-eabi/lib/thumb/v7e-m+fp/hard\libg_nano.a(libc_a-memcpy-stub.o)
 .debug_abbrev  0x00003892      0x217 C:/ST/STM32CubeCLT_1.16.0/GNU-tools-for-STM32/bin/../lib/gcc/arm-none-eabi/12.3.1/../../../../arm-none-eabi/lib/thumb/v7e-m+fp/hard\libg_nano.a(libc_a-reallocr.o)
 .debug_abbrev  0x00003aa9      0x196 C:/ST/STM32CubeCLT_1.16.0/GNU-tools-for-STM32/bin/../lib/gcc/arm-none-eabi/12.3.1/../../../../arm-none-eabi/lib/thumb/v7e-m+fp/hard\libg_nano.a(libc_a-msizer.o)

.debug_aranges  0x00000000     0x1020
 .debug_aranges
                0x00000000       0x28 CMakeFiles/DigitalClock.dir/Core/Src/7SEG.c.obj
 .debug_aranges
                0x00000028       0x50 CMakeFiles/DigitalClock.dir/Core/Src/CLCD.c.obj
 .debug_aranges
                0x00000078       0x58 CMakeFiles/DigitalClock.dir/Core/Src/_alarm.c.obj
 .debug_aranges
                0x000000d0       0x40 CMakeFiles/DigitalClock.dir/Core/Src/_alarm_set.c.obj
 .debug_aranges
                0x00000110       0x60 CMakeFiles/DigitalClock.dir/Core/Src/_clcok.c.obj
 .debug_aranges
                0x00000170       0x48 CMakeFiles/DigitalClock.dir/Core/Src/_clock_set.c.obj
 .debug_aranges
                0x000001b8       0x20 CMakeFiles/DigitalClock.dir/Core/Src/_led.c.obj
 .debug_aranges
                0x000001d8       0x50 CMakeFiles/DigitalClock.dir/Core/Src/_stopwatch.c.obj
 .debug_aranges
                0x00000228       0x50 CMakeFiles/DigitalClock.dir/Core/Src/_switch.c.obj
 .debug_aranges
                0x00000278       0x68 CMakeFiles/DigitalClock.dir/Core/Src/main.c.obj
 .debug_aranges
                0x000002e0       0x48 CMakeFiles/DigitalClock.dir/Core/Src/stm32f4xx_hal_msp.c.obj
 .debug_aranges
                0x00000328       0x88 CMakeFiles/DigitalClock.dir/Core/Src/stm32f4xx_it.c.obj
 .debug_aranges
                0x000003b0       0x20 CMakeFiles/DigitalClock.dir/Core/Src/sysmem.c.obj
 .debug_aranges
                0x000003d0       0x28 CMakeFiles/DigitalClock.dir/Core/Src/system_stm32f4xx.c.obj
 .debug_aranges
                0x000003f8      0x3d0 CMakeFiles/DigitalClock.dir/Drivers/STM32F4xx_HAL_Driver/Src/stm32f4xx_hal_tim.c.obj
 .debug_aranges
                0x000007c8      0x168 CMakeFiles/DigitalClock.dir/Drivers/STM32F4xx_HAL_Driver/Src/stm32f4xx_hal_tim_ex.c.obj
 .debug_aranges
                0x00000930       0x88 CMakeFiles/DigitalClock.dir/Drivers/STM32F4xx_HAL_Driver/Src/stm32f4xx_hal_rcc.c.obj
 .debug_aranges
                0x000009b8       0x58 CMakeFiles/DigitalClock.dir/Drivers/STM32F4xx_HAL_Driver/Src/stm32f4xx_hal_gpio.c.obj
 .debug_aranges
                0x00000a10       0x90 CMakeFiles/DigitalClock.dir/Drivers/STM32F4xx_HAL_Driver/Src/stm32f4xx_hal_dma.c.obj
 .debug_aranges
                0x00000aa0      0x120 CMakeFiles/DigitalClock.dir/Drivers/STM32F4xx_HAL_Driver/Src/stm32f4xx_hal_cortex.c.obj
 .debug_aranges
                0x00000bc0       0xf0 CMakeFiles/DigitalClock.dir/Drivers/STM32F4xx_HAL_Driver/Src/stm32f4xx_hal.c.obj
 .debug_aranges
                0x00000cb0      0x208 CMakeFiles/DigitalClock.dir/Drivers/STM32F4xx_HAL_Driver/Src/stm32f4xx_hal_uart.c.obj
 .debug_aranges
                0x00000eb8       0x28 CMakeFiles/DigitalClock.dir/startup_stm32f407xx.s.obj
 .debug_aranges
                0x00000ee0       0x28 C:/ST/STM32CubeCLT_1.16.0/GNU-tools-for-STM32/bin/../lib/gcc/arm-none-eabi/12.3.1/../../../../arm-none-eabi/lib/thumb/v7e-m+fp/hard\libg_nano.a(libc_a-sprintf.o)
 .debug_aranges
                0x00000f08       0x20 C:/ST/STM32CubeCLT_1.16.0/GNU-tools-for-STM32/bin/../lib/gcc/arm-none-eabi/12.3.1/../../../../arm-none-eabi/lib/thumb/v7e-m+fp/hard\libg_nano.a(libc_a-errno.o)
 .debug_aranges
                0x00000f28       0x30 C:/ST/STM32CubeCLT_1.16.0/GNU-tools-for-STM32/bin/../lib/gcc/arm-none-eabi/12.3.1/../../../../arm-none-eabi/lib/thumb/v7e-m+fp/hard\libg_nano.a(libc_a-nano-svfprintf.o)
 .debug_aranges
                0x00000f58       0x28 C:/ST/STM32CubeCLT_1.16.0/GNU-tools-for-STM32/bin/../lib/gcc/arm-none-eabi/12.3.1/../../../../arm-none-eabi/lib/thumb/v7e-m+fp/hard\libg_nano.a(libc_a-nano-vfprintf_i.o)
 .debug_aranges
                0x00000f80       0x20 C:/ST/STM32CubeCLT_1.16.0/GNU-tools-for-STM32/bin/../lib/gcc/arm-none-eabi/12.3.1/../../../../arm-none-eabi/lib/thumb/v7e-m+fp/hard\libg_nano.a(libc_a-memmove.o)
 .debug_aranges
                0x00000fa0       0x20 C:/ST/STM32CubeCLT_1.16.0/GNU-tools-for-STM32/bin/../lib/gcc/arm-none-eabi/12.3.1/../../../../arm-none-eabi/lib/thumb/v7e-m+fp/hard\libg_nano.a(libc_a-memchr.o)
 .debug_aranges
                0x00000fc0       0x20 C:/ST/STM32CubeCLT_1.16.0/GNU-tools-for-STM32/bin/../lib/gcc/arm-none-eabi/12.3.1/../../../../arm-none-eabi/lib/thumb/v7e-m+fp/hard\libg_nano.a(libc_a-memcpy-stub.o)
 .debug_aranges
                0x00000fe0       0x20 C:/ST/STM32CubeCLT_1.16.0/GNU-tools-for-STM32/bin/../lib/gcc/arm-none-eabi/12.3.1/../../../../arm-none-eabi/lib/thumb/v7e-m+fp/hard\libg_nano.a(libc_a-reallocr.o)
 .debug_aranges
                0x00001000       0x20 C:/ST/STM32CubeCLT_1.16.0/GNU-tools-for-STM32/bin/../lib/gcc/arm-none-eabi/12.3.1/../../../../arm-none-eabi/lib/thumb/v7e-m+fp/hard\libg_nano.a(libc_a-msizer.o)

.debug_rnglists
                0x00000000      0xca9
 .debug_rnglists
                0x00000000       0x1b CMakeFiles/DigitalClock.dir/Core/Src/7SEG.c.obj
 .debug_rnglists
                0x0000001b       0x3a CMakeFiles/DigitalClock.dir/Core/Src/CLCD.c.obj
 .debug_rnglists
                0x00000055       0x43 CMakeFiles/DigitalClock.dir/Core/Src/_alarm.c.obj
 .debug_rnglists
                0x00000098       0x2f CMakeFiles/DigitalClock.dir/Core/Src/_alarm_set.c.obj
 .debug_rnglists
                0x000000c7       0x48 CMakeFiles/DigitalClock.dir/Core/Src/_clcok.c.obj
 .debug_rnglists
                0x0000010f       0x36 CMakeFiles/DigitalClock.dir/Core/Src/_clock_set.c.obj
 .debug_rnglists
                0x00000145       0x13 CMakeFiles/DigitalClock.dir/Core/Src/_led.c.obj
 .debug_rnglists
                0x00000158       0x3d CMakeFiles/DigitalClock.dir/Core/Src/_stopwatch.c.obj
 .debug_rnglists
                0x00000195       0x38 CMakeFiles/DigitalClock.dir/Core/Src/_switch.c.obj
 .debug_rnglists
                0x000001cd       0x4e CMakeFiles/DigitalClock.dir/Core/Src/main.c.obj
 .debug_rnglists
                0x0000021b       0x32 CMakeFiles/DigitalClock.dir/Core/Src/stm32f4xx_hal_msp.c.obj
 .debug_rnglists
                0x0000024d       0x61 CMakeFiles/DigitalClock.dir/Core/Src/stm32f4xx_it.c.obj
 .debug_rnglists
                0x000002ae       0x13 CMakeFiles/DigitalClock.dir/Core/Src/sysmem.c.obj
 .debug_rnglists
                0x000002c1       0x1a CMakeFiles/DigitalClock.dir/Core/Src/system_stm32f4xx.c.obj
 .debug_rnglists
                0x000002db      0x31a CMakeFiles/DigitalClock.dir/Drivers/STM32F4xx_HAL_Driver/Src/stm32f4xx_hal_tim.c.obj
 .debug_rnglists
                0x000005f5      0x125 CMakeFiles/DigitalClock.dir/Drivers/STM32F4xx_HAL_Driver/Src/stm32f4xx_hal_tim_ex.c.obj
 .debug_rnglists
                0x0000071a       0x66 CMakeFiles/DigitalClock.dir/Drivers/STM32F4xx_HAL_Driver/Src/stm32f4xx_hal_rcc.c.obj
 .debug_rnglists
                0x00000780       0x3f CMakeFiles/DigitalClock.dir/Drivers/STM32F4xx_HAL_Driver/Src/stm32f4xx_hal_gpio.c.obj
 .debug_rnglists
                0x000007bf       0x70 CMakeFiles/DigitalClock.dir/Drivers/STM32F4xx_HAL_Driver/Src/stm32f4xx_hal_dma.c.obj
 .debug_rnglists
                0x0000082f       0xd4 CMakeFiles/DigitalClock.dir/Drivers/STM32F4xx_HAL_Driver/Src/stm32f4xx_hal_cortex.c.obj
 .debug_rnglists
                0x00000903       0xaf CMakeFiles/DigitalClock.dir/Drivers/STM32F4xx_HAL_Driver/Src/stm32f4xx_hal.c.obj
 .debug_rnglists
                0x000009b2      0x1bc CMakeFiles/DigitalClock.dir/Drivers/STM32F4xx_HAL_Driver/Src/stm32f4xx_hal_uart.c.obj
 .debug_rnglists
                0x00000b6e       0x19 CMakeFiles/DigitalClock.dir/startup_stm32f407xx.s.obj
 .debug_rnglists
                0x00000b87       0x19 C:/ST/STM32CubeCLT_1.16.0/GNU-tools-for-STM32/bin/../lib/gcc/arm-none-eabi/12.3.1/../../../../arm-none-eabi/lib/thumb/v7e-m+fp/hard\libg_nano.a(libc_a-sprintf.o)
 .debug_rnglists
                0x00000ba0       0x13 C:/ST/STM32CubeCLT_1.16.0/GNU-tools-for-STM32/bin/../lib/gcc/arm-none-eabi/12.3.1/../../../../arm-none-eabi/lib/thumb/v7e-m+fp/hard\libg_nano.a(libc_a-errno.o)
 .debug_rnglists
                0x00000bb3       0x44 C:/ST/STM32CubeCLT_1.16.0/GNU-tools-for-STM32/bin/../lib/gcc/arm-none-eabi/12.3.1/../../../../arm-none-eabi/lib/thumb/v7e-m+fp/hard\libg_nano.a(libc_a-nano-svfprintf.o)
 .debug_rnglists
                0x00000bf7       0x66 C:/ST/STM32CubeCLT_1.16.0/GNU-tools-for-STM32/bin/../lib/gcc/arm-none-eabi/12.3.1/../../../../arm-none-eabi/lib/thumb/v7e-m+fp/hard\libg_nano.a(libc_a-nano-vfprintf_i.o)
 .debug_rnglists
                0x00000c5d       0x13 C:/ST/STM32CubeCLT_1.16.0/GNU-tools-for-STM32/bin/../lib/gcc/arm-none-eabi/12.3.1/../../../../arm-none-eabi/lib/thumb/v7e-m+fp/hard\libg_nano.a(libc_a-memmove.o)
 .debug_rnglists
                0x00000c70       0x13 C:/ST/STM32CubeCLT_1.16.0/GNU-tools-for-STM32/bin/../lib/gcc/arm-none-eabi/12.3.1/../../../../arm-none-eabi/lib/thumb/v7e-m+fp/hard\libg_nano.a(libc_a-memcpy-stub.o)
 .debug_rnglists
                0x00000c83       0x13 C:/ST/STM32CubeCLT_1.16.0/GNU-tools-for-STM32/bin/../lib/gcc/arm-none-eabi/12.3.1/../../../../arm-none-eabi/lib/thumb/v7e-m+fp/hard\libg_nano.a(libc_a-reallocr.o)
 .debug_rnglists
                0x00000c96       0x13 C:/ST/STM32CubeCLT_1.16.0/GNU-tools-for-STM32/bin/../lib/gcc/arm-none-eabi/12.3.1/../../../../arm-none-eabi/lib/thumb/v7e-m+fp/hard\libg_nano.a(libc_a-msizer.o)

.debug_macro    0x00000000    0x22833
 .debug_macro   0x00000000      0x1dd CMakeFiles/DigitalClock.dir/Core/Src/7SEG.c.obj
 .debug_macro   0x000001dd      0xab4 CMakeFiles/DigitalClock.dir/Core/Src/7SEG.c.obj
 .debug_macro   0x00000c91      0x29b CMakeFiles/DigitalClock.dir/Core/Src/7SEG.c.obj
 .debug_macro   0x00000f2c       0x2e CMakeFiles/DigitalClock.dir/Core/Src/7SEG.c.obj
 .debug_macro   0x00000f5a       0x2f CMakeFiles/DigitalClock.dir/Core/Src/7SEG.c.obj
 .debug_macro   0x00000f89       0x22 CMakeFiles/DigitalClock.dir/Core/Src/7SEG.c.obj
 .debug_macro   0x00000fab       0x8e CMakeFiles/DigitalClock.dir/Core/Src/7SEG.c.obj
 .debug_macro   0x00001039       0x51 CMakeFiles/DigitalClock.dir/Core/Src/7SEG.c.obj
 .debug_macro   0x0000108a      0x103 CMakeFiles/DigitalClock.dir/Core/Src/7SEG.c.obj
 .debug_macro   0x0000118d       0x6a CMakeFiles/DigitalClock.dir/Core/Src/7SEG.c.obj
 .debug_macro   0x000011f7      0x1df CMakeFiles/DigitalClock.dir/Core/Src/7SEG.c.obj
 .debug_macro   0x000013d6       0x1c CMakeFiles/DigitalClock.dir/Core/Src/7SEG.c.obj
 .debug_macro   0x000013f2       0x22 CMakeFiles/DigitalClock.dir/Core/Src/7SEG.c.obj
 .debug_macro   0x00001414       0xfb CMakeFiles/DigitalClock.dir/Core/Src/7SEG.c.obj
 .debug_macro   0x0000150f     0x1011 CMakeFiles/DigitalClock.dir/Core/Src/7SEG.c.obj
 .debug_macro   0x00002520      0x11f CMakeFiles/DigitalClock.dir/Core/Src/7SEG.c.obj
 .debug_macro   0x0000263f    0x15e97 CMakeFiles/DigitalClock.dir/Core/Src/7SEG.c.obj
 .debug_macro   0x000184d6       0x6d CMakeFiles/DigitalClock.dir/Core/Src/7SEG.c.obj
 .debug_macro   0x00018543     0x368c CMakeFiles/DigitalClock.dir/Core/Src/7SEG.c.obj
 .debug_macro   0x0001bbcf      0x189 CMakeFiles/DigitalClock.dir/Core/Src/7SEG.c.obj
 .debug_macro   0x0001bd58       0x5c CMakeFiles/DigitalClock.dir/Core/Src/7SEG.c.obj
 .debug_macro   0x0001bdb4      0x980 CMakeFiles/DigitalClock.dir/Core/Src/7SEG.c.obj
 .debug_macro   0x0001c734      0x9e9 CMakeFiles/DigitalClock.dir/Core/Src/7SEG.c.obj
 .debug_macro   0x0001d11d      0x115 CMakeFiles/DigitalClock.dir/Core/Src/7SEG.c.obj